Archive member included to satisfy reference by file (symbol)

obj_cooja/mtype490.a(simEnvChange.o)
                              obj_cooja/mtype490.o (simDontFallAsleep)
obj_cooja/mtype490.a(cooja_mt.o)
                              obj_cooja/mtype490.o (cooja_mt_start)
obj_cooja/mtype490.a(cooja_mtarch.o)
                              obj_cooja/mtype490.a(cooja_mt.o) (cooja_mtarch_start)
obj_cooja/mtype490.a(rtimer-arch.o)
                              obj_cooja/mtype490.o (rtimer_arch_check)
obj_cooja/mtype490.a(beep.o)  obj_cooja/mtype490.o (beep_interface)
obj_cooja/mtype490.a(button-sensor.o)
                              obj_cooja/mtype490.o (button_interface)
obj_cooja/mtype490.a(leds-arch.o)
                              obj_cooja/mtype490.o (leds_interface)
obj_cooja/mtype490.a(moteid.o)
                              obj_cooja/mtype490.o (moteid_interface)
obj_cooja/mtype490.a(pir-sensor.o)
                              obj_cooja/mtype490.o (pir_interface)
obj_cooja/mtype490.a(rs232.o)
                              obj_cooja/mtype490.o (rs232_interface)
obj_cooja/mtype490.a(vib-sensor.o)
                              obj_cooja/mtype490.o (vib_interface)
obj_cooja/mtype490.a(clock.o)
                              obj_cooja/mtype490.o (clock_interface)
obj_cooja/mtype490.a(cooja-log.o)
                              obj_cooja/mtype490.o (simlog_interface)
obj_cooja/mtype490.a(cfs-cooja.o)
                              obj_cooja/mtype490.o (cfs_interface)
obj_cooja/mtype490.a(cooja-radio.o)
                              obj_cooja/mtype490.o (radio_interface)
obj_cooja/mtype490.a(eeprom.o)
                              obj_cooja/mtype490.o (eeprom_interface)
obj_cooja/mtype490.a(random.o)
                              obj_cooja/mtype490.a(moteid.o) (random_init)
obj_cooja/mtype490.a(sensors.o)
                              obj_cooja/mtype490.a(button-sensor.o) (sensors_changed)
obj_cooja/mtype490.a(contiki-main.o)
                              obj_cooja/mtype490.o (main)
obj_cooja/mtype490.a(autostart.o)
                              obj_cooja/mtype490.a(contiki-main.o) (autostart_start)
obj_cooja/mtype490.a(ctimer.o)
                              obj_cooja/mtype490.a(contiki-main.o) (ctimer_init)
obj_cooja/mtype490.a(energest.o)
                              obj_cooja/mtype490.a(contiki-main.o) (energest_init)
obj_cooja/mtype490.a(etimer.o)
                              obj_cooja/mtype490.a(contiki-main.o) (etimer_process)
obj_cooja/mtype490.a(log.o)   obj_cooja/mtype490.a(contiki-main.o) (curr_log_level_main)
obj_cooja/mtype490.a(process.o)
                              obj_cooja/mtype490.a(ctimer.o) (process_current)
obj_cooja/mtype490.a(rtimer.o)
                              obj_cooja/mtype490.a(contiki-main.o) (rtimer_init)
obj_cooja/mtype490.a(node-id.o)
                              obj_cooja/mtype490.a(contiki-main.o) (node_id)
obj_cooja/mtype490.a(timer.o)
                              obj_cooja/mtype490.a(button-sensor.o) (timer_set)
obj_cooja/mtype490.a(serial-line.o)
                              hello-world.o (serial_line_event_message)
obj_cooja/mtype490.a(list.o)  obj_cooja/mtype490.a(ctimer.o) (list_init)
obj_cooja/mtype490.a(ringbuf.o)
                              obj_cooja/mtype490.a(serial-line.o) (ringbuf_init)
obj_cooja/mtype490.a(packetbuf.o)
                              obj_cooja/mtype490.a(cooja-radio.o) (packetbuf_clear)
obj_cooja/mtype490.a(netstack.o)
                              obj_cooja/mtype490.a(contiki-main.o) (netstack_init)
obj_cooja/mtype490.a(linkaddr.o)
                              obj_cooja/mtype490.a(contiki-main.o) (linkaddr_node_addr)
obj_cooja/mtype490.a(csma.o)  obj_cooja/mtype490.a(cooja-radio.o) (csma_driver)
obj_cooja/mtype490.a(csma-output.o)
                              obj_cooja/mtype490.a(csma.o) (csma_output_packet)
obj_cooja/mtype490.a(uip-ds6.o)
                              obj_cooja/mtype490.a(contiki-main.o) (uip_ds6_get_link_local)
obj_cooja/mtype490.a(tcpip.o)
                              obj_cooja/mtype490.a(contiki-main.o) (tcpip_process)
obj_cooja/mtype490.a(uip-ds6-route.o)
                              obj_cooja/mtype490.a(uip-ds6.o) (uip_ds6_route_init)
obj_cooja/mtype490.a(uip6.o)  obj_cooja/mtype490.a(contiki-main.o) (uip_lladdr)
obj_cooja/mtype490.a(uip-ds6-nbr.o)
                              obj_cooja/mtype490.a(uip-ds6.o) (uip_ds6_neighbors_init)
obj_cooja/mtype490.a(uip-nd6.o)
                              obj_cooja/mtype490.a(uip6.o) (uip_nd6_init)
obj_cooja/mtype490.a(sicslowpan.o)
                              obj_cooja/mtype490.a(contiki-main.o) (sicslowpan_driver)
obj_cooja/mtype490.a(uiplib.o)
                              obj_cooja/mtype490.a(log.o) (uiplib_ipaddr_snprint)
obj_cooja/mtype490.a(rpl.o)   obj_cooja/mtype490.a(contiki-main.o) (rpl_lite_driver)
obj_cooja/mtype490.a(rpl-icmp6.o)
                              obj_cooja/mtype490.a(rpl.o) (rpl_icmp6_init)
obj_cooja/mtype490.a(rpl-dag.o)
[...]
Memory Configuration

Name             Origin             Length             Attributes
*default*        0x0000000000000000 0xffffffffffffffff

Linker script and memory map

LOAD /usr/lib/gcc/i686-linux-gnu/5/../../../i386-linux-gnu/crti.o
LOAD /usr/lib/gcc/i686-linux-gnu/5/crtbeginS.o
LOAD hello-world.o
LOAD obj_cooja/mtype490.o
LOAD obj_cooja/mtype490.a
LOAD /usr/lib/gcc/i686-linux-gnu/5/libgcc.a
LOAD /usr/lib/gcc/i686-linux-gnu/5/libgcc_s.so
LOAD /usr/lib/gcc/i686-linux-gnu/5/../../../i386-linux-gnu/libc.so
START GROUP
LOAD /lib/i386-linux-gnu/libc.so.6
LOAD /usr/lib/i386-linux-gnu/libc_nonshared.a
LOAD /lib/i386-linux-gnu/ld-linux.so.2
END GROUP
LOAD /usr/lib/gcc/i686-linux-gnu/5/libgcc.a
LOAD /usr/lib/gcc/i686-linux-gnu/5/libgcc_s.so
LOAD /usr/lib/gcc/i686-linux-gnu/5/crtendS.o
LOAD /usr/lib/gcc/i686-linux-gnu/5/../../../i386-linux-gnu/crtn.o
                0x0000000000000114                . = (0x0 + SIZEOF_HEADERS)

.note.gnu.build-id
                0x0000000000000114       0x24
 *(.note.gnu.build-id)
 .note.gnu.build-id
                0x0000000000000114       0x24 /usr/lib/gcc/i686-linux-gnu/5/../../../i386-linux-gnu/crti.o

.hash
 *(.hash)

.gnu.hash       0x0000000000000138     0x131c
 *(.gnu.hash)
 .gnu.hash      0x0000000000000138     0x131c /usr/lib/gcc/i686-linux-gnu/5/../../../i386-linux-gnu/crti.o

.dynsym         0x0000000000001454     0x24c0
 *(.dynsym)
 .dynsym        0x0000000000001454     0x24c0 /usr/lib/gcc/i686-linux-gnu/5/../../../i386-linux-gnu/crti.o

.dynstr         0x0000000000003914     0x2867
 *(.dynstr)
 .dynstr        0x0000000000003914     0x2867 /usr/lib/gcc/i686-linux-gnu/5/../../../i386-linux-gnu/crti.o

.gnu.version    0x000000000000617c      0x498
 *(.gnu.version)
 .gnu.version   0x000000000000617c      0x498 /usr/lib/gcc/i686-linux-gnu/5/../../../i386-linux-gnu/crti.o

.gnu.version_d  0x0000000000006614        0x0
 *(.gnu.version_d)
 .gnu.version_d
                0x0000000000006614        0x0 /usr/lib/gcc/i686-linux-gnu/5/../../../i386-linux-gnu/crti.o

.gnu.version_r  0x0000000000006614       0x40
 *(.gnu.version_r)
 .gnu.version_r
                0x0000000000006614       0x40 /usr/lib/gcc/i686-linux-gnu/5/../../../i386-linux-gnu/crti.o

.rel.dyn        0x0000000000006654     0x8110
 *(.rel.init)
 .rel.init      0x0000000000006654        0x0 /usr/lib/gcc/i686-linux-gnu/5/../../../i386-linux-gnu/crti.o
 *(.rel.text .rel.text.* .rel.gnu.linkonce.t.*)
 .rel.text      0x0000000000006654     0x7900 /usr/lib/gcc/i686-linux-gnu/5/../../../i386-linux-gnu/crti.o
 *(.rel.fini)
 .rel.fini      0x000000000000df54        0x0 /usr/lib/gcc/i686-linux-gnu/5/../../../i386-linux-gnu/crti.o
 *(.rel.rodata .rel.rodata.* .rel.gnu.linkonce.r.*)
 .rel.rodata    0x000000000000df54      0x4b8 /usr/lib/gcc/i686-linux-gnu/5/../../../i386-linux-gnu/crti.o
 *(.rel.data.rel.ro .rel.data.rel.ro.* .rel.gnu.linkonce.d.rel.ro.*)
 *(.rel.data .rel.data.* .rel.gnu.linkonce.d.*)
 .rel.data.rel.local
                0x000000000000e40c        0x8 /usr/lib/gcc/i686-linux-gnu/5/../../../i386-linux-gnu/crti.o
 .rel.data      0x000000000000e414      0x318 /usr/lib/gcc/i686-linux-gnu/5/../../../i386-linux-gnu/crti.o
 *(.rel.tdata .rel.tdata.* .rel.gnu.linkonce.td.*)
 *(.rel.tbss .rel.tbss.* .rel.gnu.linkonce.tb.*)
 *(.rel.ctors)
 *(.rel.dtors)
 *(.rel.got)
 .rel.got       0x000000000000e72c       0x28 /usr/lib/gcc/i686-linux-gnu/5/../../../i386-linux-gnu/crti.o
 *(.rel.bss .rel.bss.* .rel.gnu.linkonce.b.*)
 *(.rel.ifunc)
 .rel.ifunc     0x000000000000e754        0x0 /usr/lib/gcc/i686-linux-gnu/5/../../../i386-linux-gnu/crti.o
 .rel.fini_array
                0x000000000000e754        0x8 /usr/lib/gcc/i686-linux-gnu/5/../../../i386-linux-gnu/crti.o
 .rel.init_array
                0x000000000000e75c        0x8 /usr/lib/gcc/i686-linux-gnu/5/../../../i386-linux-gnu/crti.o

.rel.plt        0x000000000000e764        0x0
 *(.rel.plt)
 .rel.plt       0x000000000000e764        0x0 /usr/lib/gcc/i686-linux-gnu/5/../../../i386-linux-gnu/crti.o
 *(.rel.iplt)

.init           0x000000000000e764       0x23
 *(SORT(.init))
 .init          0x000000000000e764       0x1e /usr/lib/gcc/i686-linux-gnu/5/../../../i386-linux-gnu/crti.o
                0x000000000000e764                _init
 .init          0x000000000000e782        0x5 /usr/lib/gcc/i686-linux-gnu/5/../../../i386-linux-gnu/crtn.o

.plt            0x000000000000e790       0x10
 *(.plt)
 .plt           0x000000000000e790       0x10 /usr/lib/gcc/i686-linux-gnu/5/../../../i386-linux-gnu/crti.o
 *(.iplt)

.plt.got        0x000000000000e7a0       0x10
 *(.plt.got)
 .plt.got       0x000000000000e7a0       0x10 /usr/lib/gcc/i686-linux-gnu/5/../../../i386-linux-gnu/crti.o

.text           0x000000000000e7b0    0x12d8f
 *(.text.unlikely .text.*_unlikely .text.unlikely.*)
 .text.unlikely
                0x000000000000e7b0        0x0 /usr/lib/gcc/i686-linux-gnu/5/crtbeginS.o
 *(.text.exit .text.exit.*)
 *(.text.startup .text.startup.*)
 *(.text.hot .text.hot.*)
 *(.text .stub .text.* .gnu.linkonce.t.*)
 .text          0x000000000000e7b0        0x0 /usr/lib/gcc/i686-linux-gnu/5/../../../i386-linux-gnu/crti.o
 .gnu.linkonce.t.__x86.get_pc_thunk.bx
                0x000000000000e7b0        0x4 /usr/lib/gcc/i686-linux-gnu/5/../../../i386-linux-gnu/crti.o
                0x000000000000e7b0                __x86.get_pc_thunk.bx
 *fill*         0x000000000000e7b4        0xc 
 .text          0x000000000000e7c0      0x11c /usr/lib/gcc/i686-linux-gnu/5/crtbeginS.o
 .text.__x86.get_pc_thunk.dx
                0x000000000000e8dc        0x4 /usr/lib/gcc/i686-linux-gnu/5/crtbeginS.o
                0x000000000000e8dc                __x86.get_pc_thunk.dx
 .text          0x000000000000e8e0       0xca hello-world.o
 .text          0x000000000000e9aa      0x271 obj_cooja/mtype490.o
                0x000000000000ea3c                platform_init_stage_one
                0x000000000000ea42                platform_init_stage_two
                0x000000000000ea50                platform_init_stage_three
                0x000000000000ea63                platform_main_loop
                0x000000000000ead6                Java_org_contikios_cooja_corecomm_Lib19_init
                0x000000000000eb0d                Java_org_contikios_cooja_corecomm_Lib19_getMemory
                0x000000000000eb40                Java_org_contikios_cooja_corecomm_Lib19_setMemory
                0x000000000000eba0                Java_org_contikios_cooja_corecomm_Lib19_tick
                0x000000000000ec08                Java_org_contikios_cooja_corecomm_Lib19_setReferenceAddress
 .text          0x000000000000ec1b       0x65 obj_cooja/mtype490.a(simEnvChange.o)
                0x000000000000ec1b                doActionsBeforeTick
                0x000000000000ec4d                doActionsAfterTick
 .text          0x000000000000ec80       0x83 obj_cooja/mtype490.a(cooja_mt.o)
                0x000000000000ec80                cooja_mt_start
                0x000000000000ecaa                cooja_mt_exec
                0x000000000000ece0                cooja_mt_yield
 .text          0x000000000000ed03       0xbe obj_cooja/mtype490.a(cooja_mtarch.o)
                0x000000000000ed03                cooja_mtarch_start
                0x000000000000ed76                cooja_sw
                0x000000000000ed99                cooja_mtarch_exec
                0x000000000000edb6                cooja_mtarch_yield
 .text          0x000000000000edc1       0xc5 obj_cooja/mtype490.a(rtimer-arch.o)
                0x000000000000edc1                rtimer_arch_init
                0x000000000000ede5                rtimer_arch_schedule
                0x000000000000ee15                rtimer_arch_next
                0x000000000000ee25                rtimer_arch_pending
                0x000000000000ee2f                rtimer_arch_check
                0x000000000000ee76                rtimer_arch_now
 .text          0x000000000000ee86       0x81 obj_cooja/mtype490.a(beep.o)
                0x000000000000ee86                beep_alarm
                0x000000000000ee93                beep_beep
                0x000000000000eea0                beep
                0x000000000000eead                beep_down
                0x000000000000eeba                beep_on
                0x000000000000eec7                beep_off
                0x000000000000eed4                beep_spinup
                0x000000000000eee1                beep_quick
                0x000000000000eeee                beep_long
 .text          0x000000000000ef07      0x10d obj_cooja/mtype490.a(button-sensor.o)
 .text          0x000000000000f014       0x49 obj_cooja/mtype490.a(leds-arch.o)
                0x000000000000f014                leds_arch_init
                0x000000000000f021                leds_arch_get
                0x000000000000f02d                leds_arch_set
 .text          0x000000000000f05d       0x35 obj_cooja/mtype490.a(moteid.o)
 .text          0x000000000000f092       0xb7 obj_cooja/mtype490.a(pir-sensor.o)
 .text          0x000000000000f149      0x148 obj_cooja/mtype490.a(rs232.o)
                0x000000000000f149                rs232_init
                0x000000000000f14f                rs232_set_speed
                0x000000000000f15e                rs232_set_input
                0x000000000000f16c                rs232_send
                0x000000000000f190                rs232_print
                0x000000000000f1ac                slip_arch_writeb
 .text          0x000000000000f291       0xb7 obj_cooja/mtype490.a(vib-sensor.o)
 .text          0x000000000000f348       0x38 obj_cooja/mtype490.a(clock.o)
                0x000000000000f348                clock_init
                0x000000000000f34e                clock_time
                0x000000000000f358                clock_seconds
                0x000000000000f36e                clock_delay
 .text          0x000000000000f380      0x219 obj_cooja/mtype490.a(cooja-log.o)
                0x000000000000f380                simlog_char
                0x000000000000f3c3                simlog
                0x000000000000f439                log_message
                0x000000000000f46a                log_set_putchar_with_slip
                0x000000000000f478                log_putchar
                0x000000000000f4f3                log_puts
                0x000000000000f51b                log_printf
 .text          0x000000000000f599      0x2b9 obj_cooja/mtype490.a(cfs-cooja.o)
                0x000000000000f599                cfs_open
                0x000000000000f602                cfs_close
                0x000000000000f60f                cfs_read
                0x000000000000f6a4                cfs_write
                0x000000000000f780                cfs_seek
                0x000000000000f808                cfs_remove
                0x000000000000f82c                cfs_opendir
                0x000000000000f836                cfs_readdir
                0x000000000000f840                cfs_closedir
 .text          0x000000000000f852      0x605 obj_cooja/mtype490.a(cooja-radio.o)
                0x000000000000f894                radio_set_channel
                0x000000000000f8a2                radio_set_txpower
                0x000000000000f8ba                radio_signal_strength_last
                0x000000000000f8c4                radio_signal_strength_current
                0x000000000000f8ce                radio_LQI
 .text          0x000000000000fe57       0xee obj_cooja/mtype490.a(eeprom.o)
                0x000000000000fe57                eeprom_init
                0x000000000000fe5d                eeprom_read
                0x000000000000fecb                eeprom_write
 .text          0x000000000000ff45       0x2d obj_cooja/mtype490.a(random.o)
                0x000000000000ff45                random_init
                0x000000000000ff65                random_rand
 .text          0x000000000000ff72      0x29c obj_cooja/mtype490.a(sensors.o)
                0x000000000000ffad                sensors_first
                0x000000000000ffb7                sensors_next
                0x000000000000ffd1                sensors_changed
                0x0000000000010005                sensors_find
 .text          0x000000000001020e      0x328 obj_cooja/mtype490.a(contiki-main.o)
                0x000000000001020e                main
 .text          0x0000000000010536       0x92 obj_cooja/mtype490.a(autostart.o)
                0x0000000000010536                autostart_start
                0x0000000000010580                autostart_exit
 .text          0x00000000000105c8      0x355 obj_cooja/mtype490.a(ctimer.o)
                0x00000000000106f0                ctimer_init
                0x0000000000010723                ctimer_set
                0x0000000000010749                ctimer_set_with_process
                0x00000000000107c6                ctimer_reset
                0x000000000001081a                ctimer_restart
                0x000000000001086e                ctimer_stop
                0x00000000000108be                ctimer_expired
 .text          0x000000000001091d       0x1b obj_cooja/mtype490.a(energest.o)
                0x000000000001091d                energest_init
                0x0000000000010923                energest_flush
                0x0000000000010929                energest_get_total_time
 .text          0x0000000000010938      0x43f obj_cooja/mtype490.a(etimer.o)
                0x0000000000010b5c                etimer_request_poll
                0x0000000000010be5                etimer_set
                0x0000000000010c0e                etimer_reset_with_new_interval
                0x0000000000010c3d                etimer_reset
                0x0000000000010c63                etimer_restart
                0x0000000000010c89                etimer_adjust
                0x0000000000010ca6                etimer_expired
                0x0000000000010cb9                etimer_expiration_time
                0x0000000000010ccb                etimer_start_time
                0x0000000000010cd5                etimer_pending
                0x0000000000010ce7                etimer_next_expiration_time
                0x0000000000010d01                etimer_stop
 .text          0x0000000000010d77      0x394 obj_cooja/mtype490.a(log.o)
                0x0000000000010d77                log_6addr
                0x0000000000010dca                log_6addr_compact_snprint
                0x0000000000010e68                log_6addr_compact
                0x0000000000010ebb                log_lladdr
                0x0000000000010f2d                log_lladdr_compact
                0x0000000000010f95                log_set_level
                0x0000000000011050                log_get_level
                0x00000000000110c9                log_level_to_str
 .text          0x000000000001110b      0x4fb obj_cooja/mtype490.a(process.o)
                0x000000000001110b                process_alloc_event
                0x0000000000011120                process_start
                0x00000000000112fa                process_exit
                0x0000000000011317                process_init
                0x00000000000114ac                process_run
                0x00000000000114df                process_nevents
                0x00000000000114fa                process_post
                0x000000000001158d                process_post_synch
                0x00000000000115c2                process_poll
                0x00000000000115f2                process_is_running
 .text          0x0000000000011606       0xeb obj_cooja/mtype490.a(rtimer.o)
                0x0000000000011606                rtimer_init
                0x0000000000011614                rtimer_set
                0x000000000001168f                rtimer_run_next
 .text          0x00000000000116f1       0x25 obj_cooja/mtype490.a(node-id.o)
                0x00000000000116f1                node_id_init
 .text          0x0000000000011716       0x9c obj_cooja/mtype490.a(timer.o)
                0x0000000000011716                timer_set
                0x0000000000011734                timer_reset
                0x000000000001174c                timer_restart
                0x0000000000011761                timer_expired
                0x000000000001178e                timer_remaining
 .text          0x00000000000117b2      0x1eb obj_cooja/mtype490.a(serial-line.o)
                0x00000000000117b2                serial_line_input_byte
                0x0000000000011968                serial_line_init
 .text          0x000000000001199d      0x28f obj_cooja/mtype490.a(list.o)
                0x000000000001199d                list_init
                0x00000000000119ac                list_head
                0x00000000000119b6                list_copy
                0x00000000000119c6                list_tail
                0x00000000000119fc                list_add
                0x0000000000011a48                list_push
                0x0000000000011a74                list_chop
                0x0000000000011ade                list_pop
                0x0000000000011b06                list_remove
                0x0000000000011b6e                list_length
                0x0000000000011b9c                list_insert
                0x0000000000011be1                list_item_next
                0x0000000000011bf8                list_contains
 .text          0x0000000000011c2c      0x156 obj_cooja/mtype490.a(ringbuf.o)
                0x0000000000011c2c                ringbuf_init
                0x0000000000011c5e                ringbuf_put
                0x0000000000011cdc                ringbuf_get
                0x0000000000011d49                ringbuf_size
                0x0000000000011d5b                ringbuf_elements
 .text          0x0000000000011d82      0x407 obj_cooja/mtype490.a(packetbuf.o)
                0x0000000000011d82                packetbuf_clear
                0x0000000000011dad                packetbuf_copyfrom
                0x0000000000011dfc                packetbuf_copyto
                0x0000000000011e8f                packetbuf_hdralloc
                0x0000000000011f0b                packetbuf_hdrreduce
                0x0000000000011f51                packetbuf_set_datalen
                0x0000000000011f6b                packetbuf_dataptr
                0x0000000000011f88                packetbuf_hdrptr
                0x0000000000011f92                packetbuf_datalen
                0x0000000000011f9e                packetbuf_hdrlen
                0x0000000000011fb5                packetbuf_totlen
                0x0000000000011fcb                packetbuf_remaininglen
                0x0000000000011fde                packetbuf_attr_clear
                0x000000000001202a                packetbuf_attr_copyto
                0x0000000000012082                packetbuf_attr_copyfrom
                0x00000000000120da                packetbuf_set_attr
                0x0000000000012104                packetbuf_attr
                0x000000000001211e                packetbuf_set_addr
                0x000000000001214f                packetbuf_addr
                0x000000000001216c                packetbuf_holds_broadcast
 .text          0x0000000000012189       0xef obj_cooja/mtype490.a(netstack.o)
                0x0000000000012189                netstack_process_ip_callback
                0x000000000001221a                netstack_ip_packet_processor_add
                0x000000000001223d                uip_ds6_ip_packet_processor_rm
                0x000000000001225a                netstack_init
 .text          0x0000000000012278       0x4f obj_cooja/mtype490.a(linkaddr.o)
                0x0000000000012278                linkaddr_copy
                0x000000000001228e                linkaddr_cmp
                0x00000000000122b1                linkaddr_set_node_addr
 .text          0x00000000000122c7      0x165 obj_cooja/mtype490.a(csma.o)
 .text          0x000000000001242c      0x944 obj_cooja/mtype490.a(csma-output.o)
                0x0000000000012aa5                csma_output_packet
                0x0000000000012d32                csma_output_init
 .text          0x0000000000012d70      0xb25 obj_cooja/mtype490.a(uip-ds6.o)
                0x0000000000012d70                uip_ds6_init
                0x0000000000012f1b                uip_ds6_periodic
                0x0000000000012fa2                uip_ds6_list_loop
                0x0000000000013062                uip_ds6_prefix_add
                0x000000000001310e                uip_ds6_prefix_rm
                0x0000000000013121                uip_ds6_prefix_lookup
                0x0000000000013160                uip_ds6_is_addr_onlink
                0x00000000000131d3                uip_ds6_addr_add
                0x00000000000132f3                uip_ds6_addr_rm
                0x000000000001339c                uip_ds6_addr_lookup
                0x00000000000133d5                uip_ds6_get_link_local
                0x0000000000013456                uip_ds6_get_global
                0x00000000000134d7                uip_ds6_maddr_add
                0x0000000000013537                uip_ds6_maddr_rm
                0x000000000001354a                uip_ds6_maddr_lookup
                0x0000000000013583                uip_ds6_aaddr_add
                0x00000000000135e3                uip_ds6_aaddr_rm
                0x00000000000135f6                uip_ds6_aaddr_lookup
                0x000000000001362f                uip_ds6_select_src
                0x0000000000013778                uip_ds6_set_addr_iid
                0x00000000000137a3                uip_ds6_set_lladdr_from_iid
                0x00000000000137cc                get_match_length
                0x000000000001385d                uip_ds6_compute_reachable_time
 .text          0x0000000000013895      0x737 obj_cooja/mtype490.a(tcpip.o)
                0x00000000000138af                tcpip_output
                0x000000000001393e                udp_attach
                0x0000000000013956                udp_new
                0x00000000000139a0                udp_broadcast_new
                0x0000000000013b12                tcpip_input
                0x0000000000013cb2                tcpip_ipv6_output
                0x0000000000013ec6                tcpip_poll_udp
                0x0000000000013ee4                tcpip_uipcall
 .text          0x0000000000013fcc      0x35b obj_cooja/mtype490.a(uip-ds6-route.o)
                0x000000000001401d                uip_ds6_route_init
                0x0000000000014047                uip_ds6_route_nexthop
                0x0000000000014051                uip_ds6_route_head
                0x000000000001405b                uip_ds6_route_next
                0x0000000000014065                uip_ds6_route_is_nexthop
                0x000000000001406f                uip_ds6_route_num_routes
                0x0000000000014079                uip_ds6_route_lookup
                0x0000000000014083                uip_ds6_route_add
                0x0000000000014096                uip_ds6_route_rm
                0x000000000001409c                uip_ds6_route_rm_by_nexthop
                0x00000000000140a2                uip_ds6_defrt_head
                0x00000000000140bb                uip_ds6_defrt_add
                0x0000000000014169                uip_ds6_defrt_rm
                0x00000000000141cf                uip_ds6_defrt_lookup
                0x0000000000014236                uip_ds6_defrt_choose
                0x00000000000142ac                uip_ds6_defrt_periodic
 .text          0x0000000000014327     0x123f obj_cooja/mtype490.a(uip6.o)
                0x00000000000143d6                uip_chksum
                0x00000000000144b7                uip_icmp6chksum
                0x00000000000144cc                uip_udpchksum
                0x00000000000144e1                uip_init
                0x0000000000014525                remove_ext_hdr
                0x000000000001460a                uip_udp_new
                0x0000000000014927                uip_process
                0x0000000000015461                uip_htons
                0x0000000000015483                uip_htonl
                0x00000000000154c1                uip_send
 .text          0x0000000000015566      0x374 obj_cooja/mtype490.a(uip-ds6-nbr.o)
                0x0000000000015566                uip_ds6_neighbors_init
                0x000000000001558a                uip_ds6_nbr_add
                0x0000000000015610                uip_ds6_nbr_rm
                0x000000000001565b                uip_ds6_nbr_update_ll
                0x0000000000015749                uip_ds6_nbr_get_ipaddr
                0x000000000001575e                uip_ds6_nbr_get_ll
                0x000000000001577a                uip_ds6_nbr_num
                0x00000000000157c3                uip_ds6_nbr_head
                0x00000000000157dc                uip_ds6_nbr_next
                0x00000000000157f8                uip_ds6_nbr_lookup
                0x000000000001585b                uip_ds6_nbr_ll_lookup
                0x0000000000015877                uip_ds6_nbr_ipaddr_from_lladdr
                0x00000000000158a0                uip_ds6_nbr_lladdr_from_ipaddr
                0x00000000000158d4                uip_ds6_link_callback
 .text          0x00000000000158da      0x6b5 obj_cooja/mtype490.a(uip-nd6.o)
                0x0000000000015f76                uip_nd6_init
 .text          0x0000000000015f8f     0x2a78 obj_cooja/mtype490.a(sicslowpan.o)
                0x000000000001648d                netstack_sniffer_add
                0x000000000001649b                netstack_sniffer_remove
                0x00000000000189d3                sicslowpan_init
                0x00000000000189fd                sicslowpan_get_last_rssi
 .text          0x0000000000018a07      0x4d1 obj_cooja/mtype490.a(uiplib.o)
                0x0000000000018a07                uiplib_ip6addrconv
                0x0000000000018bbf                uiplib_ip4addrconv
                0x0000000000018c82                uiplib_ipaddr_print
                0x0000000000018cd5                uiplib_ipaddr_snprint
 .text          0x0000000000018ed8      0x4c9 obj_cooja/mtype490.a(rpl.o)
                0x0000000000018ed8                rpl_lollipop_greater_than
                0x0000000000018f32                rpl_get_global_address
                0x000000000001902a                rpl_link_callback
                0x000000000001906e                rpl_has_joined
                0x0000000000019093                rpl_is_reachable
                0x0000000000019114                rpl_reset_prefix
                0x000000000001917e                rpl_set_prefix_from_addr
                0x0000000000019263                rpl_set_prefix
                0x000000000001937d                rpl_set_leaf_only
                0x0000000000019395                rpl_get_leaf_only
 .text          0x00000000000193a1     0x13cb obj_cooja/mtype490.a(rpl-icmp6.o)
                0x00000000000194c6                rpl_icmp6_update_nbr_table
                0x000000000001955f                rpl_icmp6_dis_output
                0x0000000000019bb5                rpl_icmp6_dio_output
                0x000000000001a3c2                rpl_icmp6_dao_output
                0x000000000001a6b3                rpl_icmp6_dao_ack_output
                0x000000000001a723                rpl_icmp6_init
 .text          0x000000000001a76c      0xe51 obj_cooja/mtype490.a(rpl-dag.o)
                0x000000000001a76c                rpl_dag_state_to_str
                0x000000000001a7ab                rpl_dag_get_root_ipaddr
                0x000000000001a7f3                rpl_dag_leave
                0x000000000001a87c                rpl_dag_poison_and_leave
                0x000000000001a894                rpl_dag_periodic
                0x000000000001a91c                rpl_is_addr_in_our_dag
                0x000000000001a960                rpl_get_default_instance
                0x000000000001a97c                rpl_get_any_dag
                0x000000000001a9d5                rpl_refresh_routes
                0x000000000001aa15                rpl_global_repair
                0x000000000001aaa1                rpl_local_repair
                0x000000000001aaeb                rpl_dag_ready_to_advertise
                0x000000000001ab2e                rpl_dag_update_state
                0x000000000001b252                rpl_process_dio
                0x000000000001b2d3                rpl_process_dis
                0x000000000001b318                rpl_process_dao
                0x000000000001b3a7                rpl_process_dao_ack
                0x000000000001b439                rpl_process_hbh
                0x000000000001b489                rpl_dag_init_root
                0x000000000001b59d                rpl_dag_init
 .text          0x000000000001b5bd      0x286 obj_cooja/mtype490.a(rpl-dag-root.o)
                0x000000000001b5bd                rpl_dag_root_print_links
                0x000000000001b70b                rpl_dag_root_set_prefix
                0x000000000001b737                rpl_dag_root_start
                0x000000000001b814                rpl_dag_root_is_root
 .text          0x000000000001b843       0x1e obj_cooja/mtype490.a(watchdog.o)
                0x000000000001b843                watchdog_init
                0x000000000001b849                watchdog_start
                0x000000000001b84f                watchdog_periodic
                0x000000000001b855                watchdog_stop
                0x000000000001b85b                watchdog_reboot
 .text          0x000000000001b861       0xb2 obj_cooja/mtype490.a(stimer.o)
                0x000000000001b861                stimer_set
                0x000000000001b87f                stimer_reset
                0x000000000001b897                stimer_restart
                0x000000000001b8ac                stimer_expired
                0x000000000001b8d7                stimer_remaining
                0x000000000001b8fb                stimer_elapsed
 .text          0x000000000001b913      0x1b8 obj_cooja/mtype490.a(memb.o)
                0x000000000001b913                memb_init
                0x000000000001b968                memb_alloc
                0x000000000001b9cd                memb_free
                0x000000000001ba48                memb_inmemb
                0x000000000001ba87                memb_numfree
 .text          0x000000000001bacb      0x2e7 obj_cooja/mtype490.a(queuebuf.o)
                0x000000000001bad5                queuebuf_init
                0x000000000001bafe                queuebuf_numfree
                0x000000000001bb16                queuebuf_new_from_packetbuf
                0x000000000001bbb5                queuebuf_update_attr_from_packetbuf
                0x000000000001bbea                queuebuf_update_from_packetbuf
                0x000000000001bc3a                queuebuf_free
                0x000000000001bc83                queuebuf_to_packetbuf
                0x000000000001bcef                queuebuf_dataptr
                0x000000000001bd29                queuebuf_datalen
                0x000000000001bd4c                queuebuf_addr
                0x000000000001bd81                queuebuf_attr
                0x000000000001bdac                queuebuf_debug_print
 .text          0x000000000001bdb2      0x78b obj_cooja/mtype490.a(nbr-table.o)
                0x000000000001c22b                nbr_table_register
                0x000000000001c298                nbr_table_is_registered
                0x000000000001c2d3                nbr_table_head
                0x000000000001c32e                nbr_table_next
                0x000000000001c38f                nbr_table_add_lladdr
                0x000000000001c459                nbr_table_get_from_lladdr
                0x000000000001c4a5                nbr_table_remove
                0x000000000001c4dd                nbr_table_lock
                0x000000000001c4f7                nbr_table_unlock
                0x000000000001c511                nbr_table_get_lladdr
 .text          0x000000000001c53d      0x37c obj_cooja/mtype490.a(link-stats.o)
                0x000000000001c53d                link_stats_from_lladdr
                0x000000000001c559                link_stats_is_fresh
                0x000000000001c595                guess_etx_from_rssi
                0x000000000001c611                link_stats_packet_sent
                0x000000000001c724                link_stats_input_callback
                0x000000000001c834                link_stats_reset
                0x000000000001c884                link_stats_init
 .text          0x000000000001c8b9      0x187 obj_cooja/mtype490.a(mac-sequence.o)
                0x000000000001c8b9                mac_sequence_is_duplicate
                0x000000000001c959                mac_sequence_register_seqno
 .text          0x000000000001ca40       0x23 obj_cooja/mtype490.a(mac.o)
                0x000000000001ca40                mac_call_sent_callback
 .text          0x000000000001ca63      0x41d obj_cooja/mtype490.a(framer-802154.o)
                0x000000000001cbf2                framer_802154_setup_params
 .text          0x000000000001ce80      0xb6f obj_cooja/mtype490.a(frame802154.o)
                0x000000000001ceb1                frame802154_get_pan_id
                0x000000000001cebd                frame802154_set_pan_id
                0x000000000001ced7                frame802154_has_panid
                0x000000000001d086                frame802154_check_dest_panid
                0x000000000001d10e                frame802154_is_broadcast_addr
                0x000000000001d15b                frame802154_extract_linkaddr
                0x000000000001d3c0                frame802154_hdrlen
                0x000000000001d433                frame802154_create_fcf
                0x000000000001d4eb                frame802154_create
                0x000000000001d660                frame802154_parse_fcf
                0x000000000001d742                frame802154_parse
 .text          0x000000000001d9ef      0x1ec obj_cooja/mtype490.a(uipbuf.o)
                0x000000000001d9ef                uipbuf_get_next_header
                0x000000000001da5e                uipbuf_get_last_header
                0x000000000001dae5                uipbuf_get_attr
                0x000000000001db0c                uipbuf_set_attr
                0x000000000001db43                uipbuf_clear_attr
                0x000000000001db6f                uipbuf_set_attr_flag
                0x000000000001db90                uipbuf_clr_attr_flag
                0x000000000001dbb7                uipbuf_is_attr_flag
 .text          0x000000000001dbdb      0x96e obj_cooja/mtype490.a(uip-icmp6.o)
                0x000000000001dc50                uip_icmp6_input
                0x000000000001dca7                uip_icmp6_register_input_handler
                0x000000000001deb3                uip_icmp6_error_output
                0x000000000001e212                uip_icmp6_send
                0x000000000001e4d1                uip_icmp6_echo_reply_callback_add
                0x000000000001e503                uip_icmp6_echo_reply_callback_rm
                0x000000000001e520                uip_icmp6_init
 .text          0x000000000001e549      0x69b obj_cooja/mtype490.a(uip-sr.o)
                0x000000000001e549                uip_sr_num_nodes
                0x000000000001e5d7                uip_sr_get_node
                0x000000000001e62e                uip_sr_is_addr_reachable
                0x000000000001e6dc                uip_sr_expire_parent
                0x000000000001e725                uip_sr_update_node
                0x000000000001e855                uip_sr_init
                0x000000000001e889                uip_sr_node_head
                0x000000000001e8a2                uip_sr_node_next
                0x000000000001e8b8                uip_sr_periodic
                0x000000000001e9be                uip_sr_free_all
                0x000000000001ea2e                uip_sr_link_snprint
 .text          0x000000000001ebe4      0x146 obj_cooja/mtype490.a(uip-packetqueue)
                0x000000000001ec12                uip_packetqueue_new
                0x000000000001ec21                uip_packetqueue_alloc
                0x000000000001ec7c                uip_packetqueue_free
                0x000000000001ecc3                uip_packetqueue_buf
                0x000000000001ece0                uip_packetqueue_buflen
                0x000000000001ed01                uip_packetqueue_set_buflen
 .text          0x000000000001ed2a      0x1c8 obj_cooja/mtype490.a(rpl-nbr-policy.)
                0x000000000001eeaf                rpl_nbr_policy_find_removable
 .text          0x000000000001eef2      0x8ed obj_cooja/mtype490.a(rpl-neighbor.o)
                0x000000000001ef6e                rpl_neighbor_snprint
                0x000000000001f21b                rpl_neighbor_print_list
                0x000000000001f2d0                rpl_neighbor_count
                0x000000000001f377                rpl_neighbor_get_from_lladdr
                0x000000000001f393                rpl_neighbor_is_acceptable_parent
                0x000000000001f3c7                rpl_neighbor_get_link_metric
                0x000000000001f3fb                rpl_neighbor_rank_via_nbr
                0x000000000001f42f                rpl_neighbor_get_lladdr
                0x000000000001f44b                rpl_neighbor_get_ipaddr
                0x000000000001f472                rpl_neighbor_get_link_stats
                0x000000000001f499                rpl_neighbor_is_fresh
                0x000000000001f4c0                rpl_neighbor_is_reachable
                0x000000000001f50b                rpl_neighbor_is_parent
                0x000000000001f535                rpl_neighbor_set_preferred_parent
                0x000000000001f5c1                rpl_neighbor_remove_all
                0x000000000001f610                rpl_neighbor_get_from_ipaddr
                0x000000000001f714                rpl_neighbor_select_best
                0x000000000001f7c0                rpl_neighbor_init
 .text          0x000000000001f7df      0xa19 obj_cooja/mtype490.a(rpl-timers.o)
                0x000000000001f7df                rpl_timers_schedule_periodic_dis
                0x000000000001f92d                rpl_timers_dio_reset
                0x000000000001fa1e                rpl_timers_schedule_unicast_dio
                0x000000000001fba4                rpl_timers_schedule_dao
                0x000000000001fcde                rpl_timers_schedule_dao_ack
                0x000000000001fd64                get_probing_delay
                0x000000000001fd98                get_probing_target
                0x000000000001ff82                rpl_schedule_probing
                0x000000000001ffb0                rpl_schedule_probing_now
                0x000000000002001a                rpl_timers_unschedule_leaving
                0x0000000000020052                rpl_timers_schedule_leaving
                0x0000000000020093                rpl_timers_init
                0x0000000000020123                rpl_timers_stop_dag_timers
                0x000000000002019c                rpl_timers_unschedule_state_update
                0x00000000000201c0                rpl_timers_schedule_state_update
 .text          0x00000000000201f8     0x102c obj_cooja/mtype490.a(rpl-ext-header.)
                0x00000000000201f8                rpl_ext_header_srh_get_next_hop
                0x0000000000020374                rpl_ext_header_srh_update
                0x0000000000020a6d                rpl_ext_header_hbh_update
                0x0000000000020fc2                rpl_ext_header_update
                0x000000000002104b                rpl_ext_header_remove
 .text          0x0000000000021224      0x31b obj_cooja/mtype490.a(rpl-mrhof.o)
 .text          0x000000000002153f        0x0 /usr/lib/gcc/i686-linux-gnu/5/crtendS.o
 .text          0x000000000002153f        0x0 /usr/lib/gcc/i686-linux-gnu/5/../../../i386-linux-gnu/crtn.o
 *(.gnu.warning)

.fini           0x0000000000021540       0x14
 *(SORT(.fini))
 .fini          0x0000000000021540        0xf /usr/lib/gcc/i686-linux-gnu/5/../../../i386-linux-gnu/crti.o
                0x0000000000021540                _fini
 .fini          0x000000000002154f        0x5 /usr/lib/gcc/i686-linux-gnu/5/../../../i386-linux-gnu/crtn.o
                [!provide]                        PROVIDE (__etext, .)
                [!provide]                        PROVIDE (_etext, .)
                [!provide]                        PROVIDE (etext, .)

.rodata         0x0000000000021560      0x740
 *(.rodata .rodata.* .gnu.linkonce.r.*)
 .rodata        0x0000000000021560       0x37 hello-world.o
                0x000000000002157c                autostart_processes
 *fill*         0x0000000000021597        0x1 
 .rodata        0x0000000000021598        0x8 obj_cooja/mtype490.a(beep.o)
                0x0000000000021598                beep_interface
 .rodata        0x00000000000215a0       0x20 obj_cooja/mtype490.a(button-sensor.o)
                0x00000000000215a0                button_interface
                0x00000000000215b0                button_sensor
 .rodata        0x00000000000215c0        0x8 obj_cooja/mtype490.a(leds-arch.o)
                0x00000000000215c0                leds_interface
 .rodata        0x00000000000215c8        0x8 obj_cooja/mtype490.a(moteid.o)
                0x00000000000215c8                moteid_interface
 .rodata        0x00000000000215d0       0x1c obj_cooja/mtype490.a(pir-sensor.o)
                0x00000000000215d0                pir_interface
                0x00000000000215dc                pir_sensor
 .rodata        0x00000000000215ec        0xe obj_cooja/mtype490.a(rs232.o)
                0x00000000000215ec                rs232_interface
 *fill*         0x00000000000215fa        0x2 
 .rodata        0x00000000000215fc       0x24 obj_cooja/mtype490.a(vib-sensor.o)
                0x00000000000215fc                vib_interface
                0x0000000000021610                vib_sensor
 .rodata        0x0000000000021620        0x8 obj_cooja/mtype490.a(clock.o)
                0x0000000000021620                clock_interface
 .rodata        0x0000000000021628        0x8 obj_cooja/mtype490.a(cooja-log.o)
                0x0000000000021628                simlog_interface
 .rodata        0x0000000000021630       0x2f obj_cooja/mtype490.a(cfs-cooja.o)
                0x0000000000021630                cfs_interface
 *fill*         0x000000000002165f        0x1 
 .rodata        0x0000000000021660       0x58 obj_cooja/mtype490.a(cooja-radio.o)
                0x0000000000021660                radio_interface
                0x0000000000021680                cooja_radio_driver
 .rodata        0x00000000000216b8        0x8 obj_cooja/mtype490.a(eeprom.o)
                0x00000000000216b8                eeprom_interface
 .rodata        0x00000000000216c0        0x8 obj_cooja/mtype490.a(sensors.o)
 .rodata        0x00000000000216c8       0xf8 obj_cooja/mtype490.a(contiki-main.o)
 .rodata        0x00000000000217c0        0xf obj_cooja/mtype490.a(ctimer.o)
 .rodata        0x00000000000217cf        0xc obj_cooja/mtype490.a(etimer.o)
 *fill*         0x00000000000217db        0x1 
 .rodata        0x00000000000217dc       0xc0 obj_cooja/mtype490.a(log.o)
 .rodata        0x000000000002189c        0xe obj_cooja/mtype490.a(serial-line.o)
 *fill*         0x00000000000218aa        0x2 
 .rodata        0x00000000000218ac        0x8 obj_cooja/mtype490.a(linkaddr.o)
                0x00000000000218ac                linkaddr_null
 .rodata        0x00000000000218b4       0x20 obj_cooja/mtype490.a(csma.o)
                0x00000000000218bc                csma_driver
 .rodata        0x00000000000218d4        0xd obj_cooja/mtype490.a(tcpip.o)
 *fill*         0x00000000000218e1        0x3 
 .rodata        0x00000000000218e4       0x4d obj_cooja/mtype490.a(uip-ds6-route.o)
 *fill*         0x0000000000021931        0x3 
 .rodata        0x0000000000021934       0xf4 obj_cooja/mtype490.a(uip6.o)
 .rodata        0x0000000000021a28       0x30 obj_cooja/mtype490.a(sicslowpan.o)
                0x0000000000021a28                unc_llconf
                0x0000000000021a2c                unc_ctxconf
                0x0000000000021a30                unc_mxconf
                0x0000000000021a34                llprefix
                0x0000000000021a48                sicslowpan_driver
 .rodata        0x0000000000021a58       0x2d obj_cooja/mtype490.a(uiplib.o)
 *fill*         0x0000000000021a85       0x1b 
 .rodata        0x0000000000021aa0       0x70 obj_cooja/mtype490.a(rpl.o)
                0x0000000000021ac0                rpl_lite_driver
 .rodata        0x0000000000021b10       0xdb obj_cooja/mtype490.a(rpl-dag.o)
 *fill*         0x0000000000021beb        0x1 
 .rodata        0x0000000000021bec        0xc obj_cooja/mtype490.a(framer-802154.o)
                0x0000000000021bec                framer_802154
 .rodata        0x0000000000021bf8       0x44 obj_cooja/mtype490.a(uip-sr.o)
 .rodata        0x0000000000021c3c       0x58 obj_cooja/mtype490.a(rpl-neighbor.o)
 .rodata        0x0000000000021c94        0xc obj_cooja/mtype490.a(rpl-timers.o)

.rodata1
 *(.rodata1)

.eh_frame_hdr   0x0000000000021ca0     0x13a4
 *(.eh_frame_hdr)
 .eh_frame_hdr  0x0000000000021ca0     0x13a4 hello-world.o
                0x0000000000021ca0                __GNU_EH_FRAME_HDR
 *(.eh_frame_entry .eh_frame_entry.*)

.eh_frame       0x0000000000023044     0x4f74
 *(.eh_frame)
 .eh_frame      0x0000000000023044       0x3c /usr/lib/gcc/i686-linux-gnu/5/../../../i386-linux-gnu/crti.o
                                         0x40 (size before relaxing)
 .eh_frame      0x0000000000023080       0x20 hello-world.o
                                         0x38 (size before relaxing)
 .eh_frame      0x00000000000230a0      0x178 obj_cooja/mtype490.o
                                        0x190 (size before relaxing)
 .eh_frame      0x0000000000023218       0x40 obj_cooja/mtype490.a(simEnvChange.o)
                                         0x58 (size before relaxing)
 .eh_frame      0x0000000000023258       0x60 obj_cooja/mtype490.a(cooja_mt.o)
                                         0x78 (size before relaxing)
 .eh_frame      0x00000000000232b8       0x80 obj_cooja/mtype490.a(cooja_mtarch.o)
                                         0x98 (size before relaxing)
 .eh_frame      0x0000000000023338       0xc8 obj_cooja/mtype490.a(rtimer-arch.o)
                                         0xe0 (size before relaxing)
 .eh_frame      0x0000000000023400      0x160 obj_cooja/mtype490.a(beep.o)
                                        0x178 (size before relaxing)
 .eh_frame      0x0000000000023560       0xa0 obj_cooja/mtype490.a(button-sensor.o)
                                         0xb8 (size before relaxing)
 .eh_frame      0x0000000000023600       0xa0 obj_cooja/mtype490.a(leds-arch.o)
                                         0xb8 (size before relaxing)
 .eh_frame      0x00000000000236a0       0x40 obj_cooja/mtype490.a(moteid.o)
                                         0x58 (size before relaxing)
 .eh_frame      0x00000000000236e0       0xa0 obj_cooja/mtype490.a(pir-sensor.o)
                                         0xb8 (size before relaxing)
 .eh_frame      0x0000000000023780      0x100 obj_cooja/mtype490.a(rs232.o)
                                        0x118 (size before relaxing)
 .eh_frame      0x0000000000023880       0xa0 obj_cooja/mtype490.a(vib-sensor.o)
                                         0xb8 (size before relaxing)
 .eh_frame      0x0000000000023920       0xc0 obj_cooja/mtype490.a(clock.o)
                                         0xd8 (size before relaxing)
 .eh_frame      0x00000000000239e0      0x120 obj_cooja/mtype490.a(cooja-log.o)
                                        0x138 (size before relaxing)
 .eh_frame      0x0000000000023b00      0x160 obj_cooja/mtype490.a(cfs-cooja.o)
                                        0x178 (size before relaxing)
 .eh_frame      0x0000000000023c60      0x340 obj_cooja/mtype490.a(cooja-radio.o)
                                        0x358 (size before relaxing)
 .eh_frame      0x0000000000023fa0       0xa0 obj_cooja/mtype490.a(eeprom.o)
                                         0xb8 (size before relaxing)
 .eh_frame      0x0000000000024040       0x40 obj_cooja/mtype490.a(random.o)
                                         0x58 (size before relaxing)
 .eh_frame      0x0000000000024080       0xc0 obj_cooja/mtype490.a(sensors.o)
                                         0xd8 (size before relaxing)
 .eh_frame      0x0000000000024140       0x30 obj_cooja/mtype490.a(contiki-main.o)
                                         0x48 (size before relaxing)
 .eh_frame      0x0000000000024170       0x40 obj_cooja/mtype490.a(autostart.o)
                                         0x58 (size before relaxing)
 .eh_frame      0x00000000000241b0      0x100 obj_cooja/mtype490.a(ctimer.o)
                                        0x118 (size before relaxing)
 .eh_frame      0x00000000000242b0       0x60 obj_cooja/mtype490.a(energest.o)
                                         0x78 (size before relaxing)
 .eh_frame      0x0000000000024310      0x1e0 obj_cooja/mtype490.a(etimer.o)
                                        0x1f8 (size before relaxing)
 .eh_frame      0x00000000000244f0      0x100 obj_cooja/mtype490.a(log.o)
                                        0x118 (size before relaxing)
 .eh_frame      0x00000000000245f0      0x1c4 obj_cooja/mtype490.a(process.o)
                                        0x1dc (size before relaxing)
 .eh_frame      0x00000000000247b4       0x60 obj_cooja/mtype490.a(rtimer.o)
                                         0x78 (size before relaxing)
 .eh_frame      0x0000000000024814       0x20 obj_cooja/mtype490.a(node-id.o)
                                         0x38 (size before relaxing)
 .eh_frame      0x0000000000024834       0xa4 obj_cooja/mtype490.a(timer.o)
                                         0xbc (size before relaxing)
 .eh_frame      0x00000000000248d8       0x60 obj_cooja/mtype490.a(serial-line.o)
                                         0x78 (size before relaxing)
 .eh_frame      0x0000000000024938      0x1a0 obj_cooja/mtype490.a(list.o)
                                        0x1b8 (size before relaxing)
 .eh_frame      0x0000000000024ad8       0xa0 obj_cooja/mtype490.a(ringbuf.o)
                                         0xb8 (size before relaxing)
 .eh_frame      0x0000000000024b78      0x28c obj_cooja/mtype490.a(packetbuf.o)
                                        0x2a4 (size before relaxing)
 .eh_frame      0x0000000000024e04       0x80 obj_cooja/mtype490.a(netstack.o)
                                         0x98 (size before relaxing)
 .eh_frame      0x0000000000024e84       0x60 obj_cooja/mtype490.a(linkaddr.o)
                                         0x78 (size before relaxing)
 .eh_frame      0x0000000000024ee4       0xa0 obj_cooja/mtype490.a(csma.o)
                                         0xb8 (size before relaxing)
 .eh_frame      0x0000000000024f84      0x1d4 obj_cooja/mtype490.a(csma-output.o)
                                        0x1ec (size before relaxing)
 .eh_frame      0x0000000000025158      0x2e8 obj_cooja/mtype490.a(uip-ds6.o)
                                        0x300 (size before relaxing)
 .eh_frame      0x0000000000025440      0x244 obj_cooja/mtype490.a(tcpip.o)
                                        0x25c (size before relaxing)
 .eh_frame      0x0000000000025684      0x220 obj_cooja/mtype490.a(uip-ds6-route.o)
                                        0x238 (size before relaxing)
 .eh_frame      0x00000000000258a4      0x1a8 obj_cooja/mtype490.a(uip6.o)
                                        0x1c0 (size before relaxing)
 .eh_frame      0x0000000000025a4c      0x1c0 obj_cooja/mtype490.a(uip-ds6-nbr.o)
                                        0x1d8 (size before relaxing)
 .eh_frame      0x0000000000025c0c       0x84 obj_cooja/mtype490.a(uip-nd6.o)
                                         0x9c (size before relaxing)
 .eh_frame      0x0000000000025c90      0x2f8 obj_cooja/mtype490.a(sicslowpan.o)
                                        0x310 (size before relaxing)
 .eh_frame      0x0000000000025f88       0x88 obj_cooja/mtype490.a(uiplib.o)
                                         0xa0 (size before relaxing)
 .eh_frame      0x0000000000026010      0x1e0 obj_cooja/mtype490.a(rpl.o)
                                        0x1f8 (size before relaxing)
 .eh_frame      0x00000000000261f0      0x1c4 obj_cooja/mtype490.a(rpl-icmp6.o)
                                        0x1dc (size before relaxing)
 .eh_frame      0x00000000000263b4      0x370 obj_cooja/mtype490.a(rpl-dag.o)
                                        0x388 (size before relaxing)
 .eh_frame      0x0000000000026724       0xa0 obj_cooja/mtype490.a(rpl-dag-root.o)
                                         0xb8 (size before relaxing)
 .eh_frame      0x00000000000267c4       0xa0 obj_cooja/mtype490.a(watchdog.o)
                                         0xb8 (size before relaxing)
 .eh_frame      0x0000000000026864       0xc4 obj_cooja/mtype490.a(stimer.o)
                                         0xdc (size before relaxing)
 .eh_frame      0x0000000000026928       0xa0 obj_cooja/mtype490.a(memb.o)
                                         0xb8 (size before relaxing)
 .eh_frame      0x00000000000269c8      0x1a0 obj_cooja/mtype490.a(queuebuf.o)
                                        0x1b8 (size before relaxing)
 .eh_frame      0x0000000000026b68      0x2ac obj_cooja/mtype490.a(nbr-table.o)
                                        0x2c4 (size before relaxing)
 .eh_frame      0x0000000000026e14      0x100 obj_cooja/mtype490.a(link-stats.o)
                                        0x118 (size before relaxing)
 .eh_frame      0x0000000000026f14       0x48 obj_cooja/mtype490.a(mac-sequence.o)
                                         0x60 (size before relaxing)
 .eh_frame      0x0000000000026f5c       0x20 obj_cooja/mtype490.a(mac.o)
                                         0x38 (size before relaxing)
 .eh_frame      0x0000000000026f7c       0xa4 obj_cooja/mtype490.a(framer-802154.o)
                                         0xbc (size before relaxing)
 .eh_frame      0x0000000000027020      0x1a4 obj_cooja/mtype490.a(frame802154.o)
                                        0x1bc (size before relaxing)
 .eh_frame      0x00000000000271c4      0x100 obj_cooja/mtype490.a(uipbuf.o)
                                        0x118 (size before relaxing)
 .eh_frame      0x00000000000272c4      0x160 obj_cooja/mtype490.a(uip-icmp6.o)
                                        0x178 (size before relaxing)
 .eh_frame      0x0000000000027424      0x184 obj_cooja/mtype490.a(uip-sr.o)
                                        0x19c (size before relaxing)
 .eh_frame      0x00000000000275a8       0xe0 obj_cooja/mtype490.a(uip-packetqueue)
                                         0xf8 (size before relaxing)
 .eh_frame      0x0000000000027688       0x80 obj_cooja/mtype490.a(rpl-nbr-policy.)
                                         0x98 (size before relaxing)
 .eh_frame      0x0000000000027708      0x2d4 obj_cooja/mtype490.a(rpl-neighbor.o)
                                        0x2ec (size before relaxing)
 .eh_frame      0x00000000000279dc      0x368 obj_cooja/mtype490.a(rpl-timers.o)
                                        0x380 (size before relaxing)
 .eh_frame      0x0000000000027d44      0x128 obj_cooja/mtype490.a(rpl-ext-header.)
                                        0x140 (size before relaxing)
 .eh_frame      0x0000000000027e6c      0x148 obj_cooja/mtype490.a(rpl-mrhof.o)
                                        0x160 (size before relaxing)
 .eh_frame      0x0000000000027fb4        0x4 /usr/lib/gcc/i686-linux-gnu/5/crtendS.o
 *(.eh_frame.*)

.gcc_except_table
 *(.gcc_except_table .gcc_except_table.*)

.gnu_extab
 *(.gnu_extab*)

.exception_ranges
 *(.exception_ranges .exception_ranges*)
                0x0000000000029f10                . = DATA_SEGMENT_ALIGN (0x1000, 0x1000)

.eh_frame
 *(.eh_frame)
 *(.eh_frame.*)

.gnu_extab
 *(.gnu_extab)

.gcc_except_table
 *(.gcc_except_table .gcc_except_table.*)

.exception_ranges
 *(.exception_ranges .exception_ranges*)

.tdata
 *(.tdata .tdata.* .gnu.linkonce.td.*)

.tbss
 *(.tbss .tbss.* .gnu.linkonce.tb.*)
 *(.tcommon)

.preinit_array
 *(.preinit_array)

.init_array     0x0000000000029f10        0x4
 *(SORT(.init_array.*) SORT(.ctors.*))
 *(.init_array EXCLUDE_FILE(*crtend?.o *crtend.o *crtbegin?.o *crtbegin.o) .ctors)
 .init_array    0x0000000000029f10        0x4 /usr/lib/gcc/i686-linux-gnu/5/crtbeginS.o

.fini_array     0x0000000000029f14        0x4
 *(SORT(.fini_array.*) SORT(.dtors.*))
 *(.fini_array EXCLUDE_FILE(*crtend?.o *crtend.o *crtbegin?.o *crtbegin.o) .dtors)
 .fini_array    0x0000000000029f14        0x4 /usr/lib/gcc/i686-linux-gnu/5/crtbeginS.o

.ctors
 *crtbegin.o(.ctors)
 *crtbegin?.o(.ctors)
 *(EXCLUDE_FILE(*crtend?.o *crtend.o) .ctors)
 *(SORT(.ctors.*))
 *(.ctors)

.dtors
 *crtbegin.o(.dtors)
 *crtbegin?.o(.dtors)
 *(EXCLUDE_FILE(*crtend?.o *crtend.o) .dtors)
 *(SORT(.dtors.*))
 *(.dtors)

.jcr            0x0000000000029f18        0x4
 *(.jcr)
 .jcr           0x0000000000029f18        0x0 /usr/lib/gcc/i686-linux-gnu/5/crtbeginS.o
 .jcr           0x0000000000029f18        0x4 /usr/lib/gcc/i686-linux-gnu/5/crtendS.o

.data.rel.ro
 *(.data.rel.ro.local* .gnu.linkonce.d.rel.ro.local.*)
 *(.data.rel.ro .data.rel.ro.* .gnu.linkonce.d.rel.ro.*)

.dynamic        0x0000000000029f1c       0xd0
 *(.dynamic)
 .dynamic       0x0000000000029f1c       0xd0 /usr/lib/gcc/i686-linux-gnu/5/../../../i386-linux-gnu/crti.o
                0x0000000000029f1c                _DYNAMIC

.got            0x0000000000029fec       0x14
 *(.got)
 .got           0x0000000000029fec       0x14 /usr/lib/gcc/i686-linux-gnu/5/../../../i386-linux-gnu/crti.o
 *(.igot)
                0x000000000002aff4                . = DATA_SEGMENT_RELRO_END (., (SIZEOF (.got.plt) >= 0xc)?0xc:0x0)

.got.plt        0x000000000002a000        0xc
 *(.got.plt)
 .got.plt       0x000000000002a000        0xc /usr/lib/gcc/i686-linux-gnu/5/../../../i386-linux-gnu/crti.o
                0x000000000002a000                _GLOBAL_OFFSET_TABLE_
 *(.igot.plt)

.data           0x000000000002a020      0x304
 *(.data .data.* .gnu.linkonce.d.*)
 .data          0x000000000002a020        0x0 /usr/lib/gcc/i686-linux-gnu/5/../../../i386-linux-gnu/crti.o
 .data          0x000000000002a020        0x0 /usr/lib/gcc/i686-linux-gnu/5/crtbeginS.o
 .data.rel.local
                0x000000000002a020        0x4 /usr/lib/gcc/i686-linux-gnu/5/crtbeginS.o
                0x000000000002a020                __dso_handle
 .data          0x000000000002a024       0x10 hello-world.o
                0x000000000002a024                test_serial
 *fill*         0x000000000002a034        0xc 
 .data          0x000000000002a040       0x44 obj_cooja/mtype490.o
                0x000000000002a040                simInterfaces
                0x000000000002a074                sensors
 .data          0x000000000002a084        0x0 obj_cooja/mtype490.a(simEnvChange.o)
 .data          0x000000000002a084        0x0 obj_cooja/mtype490.a(cooja_mt.o)
 .data          0x000000000002a084        0x0 obj_cooja/mtype490.a(cooja_mtarch.o)
 .data          0x000000000002a084        0x0 obj_cooja/mtype490.a(rtimer-arch.o)
 .data          0x000000000002a084        0x0 obj_cooja/mtype490.a(beep.o)
 .data          0x000000000002a084        0x0 obj_cooja/mtype490.a(button-sensor.o)
 .data          0x000000000002a084        0x0 obj_cooja/mtype490.a(leds-arch.o)
 .data          0x000000000002a084        0x0 obj_cooja/mtype490.a(moteid.o)
 .data          0x000000000002a084        0x0 obj_cooja/mtype490.a(pir-sensor.o)
 .data          0x000000000002a084        0x0 obj_cooja/mtype490.a(rs232.o)
 .data          0x000000000002a084        0x0 obj_cooja/mtype490.a(vib-sensor.o)
 .data          0x000000000002a084        0x0 obj_cooja/mtype490.a(clock.o)
 .data          0x000000000002a084        0x0 obj_cooja/mtype490.a(cooja-log.o)
 .data          0x000000000002a084        0x0 obj_cooja/mtype490.a(cfs-cooja.o)
 .data          0x000000000002a084       0x2c obj_cooja/mtype490.a(cooja-radio.o)
                0x000000000002a084                simRadioHWOn
                0x000000000002a088                simSignalStrength
                0x000000000002a08c                simLastSignalStrength
                0x000000000002a090                simPower
                0x000000000002a094                simRadioChannel
                0x000000000002a098                simLQI
                0x000000000002a0a0                cooja_radio_process
 .data          0x000000000002a0b0        0x0 obj_cooja/mtype490.a(eeprom.o)
 .data          0x000000000002a0b0        0x0 obj_cooja/mtype490.a(random.o)
 .data          0x000000000002a0b0       0x10 obj_cooja/mtype490.a(sensors.o)
                0x000000000002a0b0                sensors_process
 .data          0x000000000002a0c0        0x0 obj_cooja/mtype490.a(contiki-main.o)
 .data          0x000000000002a0c0        0x0 obj_cooja/mtype490.a(autostart.o)
 .data          0x000000000002a0c0       0x14 obj_cooja/mtype490.a(ctimer.o)
                0x000000000002a0c4                ctimer_process
 .data          0x000000000002a0d4        0x0 obj_cooja/mtype490.a(energest.o)
 .data          0x000000000002a0d4       0x10 obj_cooja/mtype490.a(etimer.o)
                0x000000000002a0d4                etimer_process
 *fill*         0x000000000002a0e4       0x1c 
 .data          0x000000000002a100       0xb0 obj_cooja/mtype490.a(log.o)
                0x000000000002a100                curr_log_level_main
                0x000000000002a120                all_modules
 .data          0x000000000002a1b0        0x0 obj_cooja/mtype490.a(process.o)
 .data          0x000000000002a1b0        0x0 obj_cooja/mtype490.a(rtimer.o)
 .data          0x000000000002a1b0        0x0 obj_cooja/mtype490.a(node-id.o)
 .data          0x000000000002a1b0        0x0 obj_cooja/mtype490.a(timer.o)
 .data          0x000000000002a1b0       0x10 obj_cooja/mtype490.a(serial-line.o)
                0x000000000002a1b0                serial_line_process
 .data          0x000000000002a1c0        0x0 obj_cooja/mtype490.a(list.o)
 .data          0x000000000002a1c0        0x0 obj_cooja/mtype490.a(ringbuf.o)
 .data          0x000000000002a1c0        0x4 obj_cooja/mtype490.a(packetbuf.o)
 .data          0x000000000002a1c4        0x4 obj_cooja/mtype490.a(netstack.o)
 .data          0x000000000002a1c8        0x0 obj_cooja/mtype490.a(linkaddr.o)
 .data          0x000000000002a1c8        0x0 obj_cooja/mtype490.a(csma.o)
 .data          0x000000000002a1c8       0x28 obj_cooja/mtype490.a(csma-output.o)
 .data          0x000000000002a1f0        0x0 obj_cooja/mtype490.a(uip-ds6.o)
 .data          0x000000000002a1f0       0x10 obj_cooja/mtype490.a(tcpip.o)
                0x000000000002a1f0                tcpip_process
 .data          0x000000000002a200       0x10 obj_cooja/mtype490.a(uip-ds6-route.o)
 .data          0x000000000002a210        0x0 obj_cooja/mtype490.a(uip6.o)
 .data          0x000000000002a210       0x14 obj_cooja/mtype490.a(uip-ds6-nbr.o)
                0x000000000002a220                ds6_neighbors
 .data          0x000000000002a224        0xc obj_cooja/mtype490.a(uip-nd6.o)
 .data          0x000000000002a230        0x0 obj_cooja/mtype490.a(sicslowpan.o)
 .data          0x000000000002a230        0x0 obj_cooja/mtype490.a(uiplib.o)
 .data          0x000000000002a230        0x0 obj_cooja/mtype490.a(rpl.o)
 .data          0x000000000002a230       0x30 obj_cooja/mtype490.a(rpl-icmp6.o)
 .data          0x000000000002a260        0x0 obj_cooja/mtype490.a(rpl-dag.o)
 .data          0x000000000002a260        0x0 obj_cooja/mtype490.a(rpl-dag-root.o)
 .data          0x000000000002a260        0x0 obj_cooja/mtype490.a(watchdog.o)
 .data          0x000000000002a260        0x0 obj_cooja/mtype490.a(stimer.o)
 .data          0x000000000002a260        0x0 obj_cooja/mtype490.a(memb.o)
 .data          0x000000000002a260       0x18 obj_cooja/mtype490.a(queuebuf.o)
 .data          0x000000000002a278       0x10 obj_cooja/mtype490.a(nbr-table.o)
 .data          0x000000000002a288       0x14 obj_cooja/mtype490.a(link-stats.o)
 .data          0x000000000002a29c        0x0 obj_cooja/mtype490.a(mac-sequence.o)
 .data          0x000000000002a29c        0x0 obj_cooja/mtype490.a(mac.o)
 .data          0x000000000002a29c        0x0 obj_cooja/mtype490.a(framer-802154.o)
 .data          0x000000000002a29c        0x2 obj_cooja/mtype490.a(frame802154.o)
 .data          0x000000000002a29e        0x0 obj_cooja/mtype490.a(uipbuf.o)
 *fill*         0x000000000002a29e        0x2 
 .data          0x000000000002a2a0       0x20 obj_cooja/mtype490.a(uip-icmp6.o)
 .data          0x000000000002a2c0       0x10 obj_cooja/mtype490.a(uip-sr.o)
 .data          0x000000000002a2d0        0xc obj_cooja/mtype490.a(uip-packetqueue)
 .data          0x000000000002a2dc        0x0 obj_cooja/mtype490.a(rpl-nbr-policy.)
 .data          0x000000000002a2dc       0x14 obj_cooja/mtype490.a(rpl-neighbor.o)
                0x000000000002a2ec                rpl_neighbors
 .data          0x000000000002a2f0        0x0 obj_cooja/mtype490.a(rpl-timers.o)
 .data          0x000000000002a2f0        0x0 obj_cooja/mtype490.a(rpl-ext-header.)
 *fill*         0x000000000002a2f0       0x10 
 .data          0x000000000002a300       0x24 obj_cooja/mtype490.a(rpl-mrhof.o)
                0x000000000002a300                rpl_mrhof
 .data          0x000000000002a324        0x0 /usr/lib/gcc/i686-linux-gnu/5/crtendS.o
 .data          0x000000000002a324        0x0 /usr/lib/gcc/i686-linux-gnu/5/../../../i386-linux-gnu/crtn.o

.tm_clone_table
                0x000000000002a324        0x0
 .tm_clone_table
                0x000000000002a324        0x0 /usr/lib/gcc/i686-linux-gnu/5/crtbeginS.o
 .tm_clone_table
                0x000000000002a324        0x0 /usr/lib/gcc/i686-linux-gnu/5/crtendS.o

.data1
 *(.data1)
                0x000000000002a324                _edata = .
                [!provide]                        PROVIDE (edata, .)
                0x000000000002a324                . = .
                0x000000000002a324                __bss_start = .

.bss            0x000000000002a340    0x137c0
 *(.dynbss)
 .dynbss        0x000000000002a340        0x0 /usr/lib/gcc/i686-linux-gnu/5/../../../i386-linux-gnu/crti.o
 *(.bss .bss.* .gnu.linkonce.b.*)
 .bss           0x000000000002a340        0x0 /usr/lib/gcc/i686-linux-gnu/5/../../../i386-linux-gnu/crti.o
 .bss           0x000000000002a340        0x1 /usr/lib/gcc/i686-linux-gnu/5/crtbeginS.o
 *fill*         0x000000000002a341        0x3 
 .bss           0x000000000002a344       0x10 hello-world.o
 *fill*         0x000000000002a354        0xc 
 .bss           0x000000000002a360     0x2030 obj_cooja/mtype490.o
 .bss           0x000000000002c390        0x1 obj_cooja/mtype490.a(simEnvChange.o)
                0x000000000002c390                simDontFallAsleep
 *fill*         0x000000000002c391        0x3 
 .bss           0x000000000002c394        0x4 obj_cooja/mtype490.a(cooja_mt.o)
 .bss           0x000000000002c398        0x4 obj_cooja/mtype490.a(cooja_mtarch.o)
 .bss           0x000000000002c39c        0x0 obj_cooja/mtype490.a(rtimer-arch.o)
 .bss           0x000000000002c39c        0x0 obj_cooja/mtype490.a(beep.o)
 .bss           0x000000000002c39c        0x8 obj_cooja/mtype490.a(button-sensor.o)
 .bss           0x000000000002c3a4        0x0 obj_cooja/mtype490.a(leds-arch.o)
 .bss           0x000000000002c3a4        0x0 obj_cooja/mtype490.a(moteid.o)
 .bss           0x000000000002c3a4        0x1 obj_cooja/mtype490.a(pir-sensor.o)
                0x000000000002c3a4                simPirValue
 *fill*         0x000000000002c3a5        0x3 
 .bss           0x000000000002c3a8        0x4 obj_cooja/mtype490.a(rs232.o)
 .bss           0x000000000002c3ac        0x1 obj_cooja/mtype490.a(vib-sensor.o)
                0x000000000002c3ac                simVibValue
 .bss           0x000000000002c3ad        0x0 obj_cooja/mtype490.a(clock.o)
 *fill*         0x000000000002c3ad       0x13 
 .bss           0x000000000002c3c0     0x2020 obj_cooja/mtype490.a(cooja-log.o)
 .bss           0x000000000002e3e0      0xfc0 obj_cooja/mtype490.a(cfs-cooja.o)
                0x000000000002e3e0                simCFSData
                0x000000000002f380                simCFSSize
                0x000000000002f384                simCFSChanged
                0x000000000002f388                simCFSRead
                0x000000000002f38c                simCFSWritten
 .bss           0x000000000002f3a0       0x24 obj_cooja/mtype490.a(cooja-radio.o)
                0x000000000002f3a0                simReceiving
                0x000000000002f3a4                simInSize
                0x000000000002f3a8                simLastPacketTimestamp
                0x000000000002f3b0                simOutSize
 .bss           0x000000000002f3c4        0xc obj_cooja/mtype490.a(eeprom.o)
                0x000000000002f3c4                simEEPROMChanged
                0x000000000002f3c8                simEEPROMRead
                0x000000000002f3cc                simEEPROMWritten
 .bss           0x000000000002f3d0        0x0 obj_cooja/mtype490.a(random.o)
 .bss           0x000000000002f3d0        0xc obj_cooja/mtype490.a(sensors.o)
 .bss           0x000000000002f3dc        0x0 obj_cooja/mtype490.a(contiki-main.o)
 .bss           0x000000000002f3dc        0x0 obj_cooja/mtype490.a(autostart.o)
 .bss           0x000000000002f3dc        0x5 obj_cooja/mtype490.a(ctimer.o)
 .bss           0x000000000002f3e1        0x0 obj_cooja/mtype490.a(energest.o)
 *fill*         0x000000000002f3e1        0x3 
 .bss           0x000000000002f3e4        0x8 obj_cooja/mtype490.a(etimer.o)
 .bss           0x000000000002f3ec       0x28 obj_cooja/mtype490.a(log.o)
                0x000000000002f3ec                curr_log_level_rpl
                0x000000000002f3f0                curr_log_level_tcpip
                0x000000000002f3f4                curr_log_level_ipv6
                0x000000000002f3f8                curr_log_level_6lowpan
                0x000000000002f3fc                curr_log_level_nullnet
                0x000000000002f400                curr_log_level_mac
                0x000000000002f404                curr_log_level_framer
                0x000000000002f408                curr_log_level_6top
                0x000000000002f40c                curr_log_level_coap
                0x000000000002f410                curr_log_level_lwm2m
 *fill*         0x000000000002f414        0xc 
 .bss           0x000000000002f420      0x1a1 obj_cooja/mtype490.a(process.o)
                0x000000000002f420                process_list
                0x000000000002f424                process_current
 *fill*         0x000000000002f5c1        0x3 
 .bss           0x000000000002f5c4        0x4 obj_cooja/mtype490.a(rtimer.o)
 .bss           0x000000000002f5c8        0x2 obj_cooja/mtype490.a(node-id.o)
                0x000000000002f5c8                node_id
 .bss           0x000000000002f5ca        0x0 obj_cooja/mtype490.a(timer.o)
 *fill*         0x000000000002f5ca       0x16 
 .bss           0x000000000002f5e0      0x140 obj_cooja/mtype490.a(serial-line.o)
 .bss           0x000000000002f720        0x0 obj_cooja/mtype490.a(list.o)
 .bss           0x000000000002f720        0x0 obj_cooja/mtype490.a(ringbuf.o)
 .bss           0x000000000002f720       0xa0 obj_cooja/mtype490.a(packetbuf.o)
 .bss           0x000000000002f7c0        0x4 obj_cooja/mtype490.a(netstack.o)
 .bss           0x000000000002f7c4        0x0 obj_cooja/mtype490.a(linkaddr.o)
 .bss           0x000000000002f7c4        0x0 obj_cooja/mtype490.a(csma.o)
 *fill*         0x000000000002f7c4       0x1c 
 .bss           0x000000000002f7e0      0x726 obj_cooja/mtype490.a(csma-output.o)
 *fill*         0x000000000002ff06        0x2 
 .bss           0x000000000002ff08       0x20 obj_cooja/mtype490.a(uip-ds6.o)
 .bss           0x000000000002ff28       0x10 obj_cooja/mtype490.a(tcpip.o)
 *fill*         0x000000000002ff38        0x8 
 .bss           0x000000000002ff40       0x60 obj_cooja/mtype490.a(uip-ds6-route.o)
 .bss           0x000000000002ffa0        0x6 obj_cooja/mtype490.a(uip6.o)
                0x000000000002ffa0                uip_ext_bitmap
                0x000000000002ffa1                uip_ext_len
                0x000000000002ffa2                uip_ext_opt_offset
 *fill*         0x000000000002ffa6       0x1a 
 .bss           0x000000000002ffc0     0x1c20 obj_cooja/mtype490.a(uip-ds6-nbr.o)
 .bss           0x0000000000031be0       0x10 obj_cooja/mtype490.a(uip-nd6.o)
 *fill*         0x0000000000031bf0       0x10 
 .bss           0x0000000000031c00      0x724 obj_cooja/mtype490.a(sicslowpan.o)
 .bss           0x0000000000032324        0x0 obj_cooja/mtype490.a(uiplib.o)
 .bss           0x0000000000032324        0x1 obj_cooja/mtype490.a(rpl.o)
 .bss           0x0000000000032325        0x0 obj_cooja/mtype490.a(rpl-icmp6.o)
 .bss           0x0000000000032325        0x0 obj_cooja/mtype490.a(rpl-dag.o)
 *fill*         0x0000000000032325        0x3 
 .bss           0x0000000000032328       0x11 obj_cooja/mtype490.a(rpl-dag-root.o)
 .bss           0x0000000000032339        0x0 obj_cooja/mtype490.a(watchdog.o)
 .bss           0x0000000000032339        0x0 obj_cooja/mtype490.a(stimer.o)
 .bss           0x0000000000032339        0x0 obj_cooja/mtype490.a(memb.o)
 *fill*         0x0000000000032339        0x7 
 .bss           0x0000000000032340     0x2c80 obj_cooja/mtype490.a(queuebuf.o)
 .bss           0x0000000000034fc0     0x1214 obj_cooja/mtype490.a(nbr-table.o)
 *fill*         0x00000000000361d4        0xc 
 .bss           0x00000000000361e0      0xe10 obj_cooja/mtype490.a(link-stats.o)
 *fill*         0x0000000000036ff0       0x10 
 .bss           0x0000000000037000      0x100 obj_cooja/mtype490.a(mac-sequence.o)
 .bss           0x0000000000037100        0x0 obj_cooja/mtype490.a(mac.o)
 .bss           0x0000000000037100        0x2 obj_cooja/mtype490.a(framer-802154.o)
 .bss           0x0000000000037102        0x0 obj_cooja/mtype490.a(frame802154.o)
 *fill*         0x0000000000037102        0x2 
 .bss           0x0000000000037104        0xc obj_cooja/mtype490.a(uipbuf.o)
 .bss           0x0000000000037110       0x18 obj_cooja/mtype490.a(uip-icmp6.o)
 *fill*         0x0000000000037128       0x18 
 .bss           0x0000000000037140     0x1d80 obj_cooja/mtype490.a(uip-sr.o)
 .bss           0x0000000000038ec0      0xa78 obj_cooja/mtype490.a(uip-packetqueue)
 .bss           0x0000000000039938        0xe obj_cooja/mtype490.a(rpl-nbr-policy.)
 *fill*         0x0000000000039946       0x1a 
 .bss           0x0000000000039960      0x960 obj_cooja/mtype490.a(rpl-neighbor.o)
 .bss           0x000000000003a2c0       0x40 obj_cooja/mtype490.a(rpl-timers.o)
 .bss           0x000000000003a300        0x0 obj_cooja/mtype490.a(rpl-ext-header.)
 .bss           0x000000000003a300        0x0 obj_cooja/mtype490.a(rpl-mrhof.o)
 .bss           0x000000000003a300        0x0 /usr/lib/gcc/i686-linux-gnu/5/crtendS.o
 .bss           0x000000000003a300        0x0 /usr/lib/gcc/i686-linux-gnu/5/../../../i386-linux-gnu/crtn.o
 *(COMMON)
 COMMON         0x000000000003a300        0x8 obj_cooja/mtype490.o
                0x000000000003a300                referenceVar
                0x000000000003a304                sensors_flags
 COMMON         0x000000000003a308        0xc obj_cooja/mtype490.a(simEnvChange.o)
                0x000000000003a308                simEtimerPending
                0x000000000003a30c                simProcessRunValue
                0x000000000003a310                simEtimerNextExpirationTime
 *fill*         0x000000000003a314        0x4 
 COMMON         0x000000000003a318       0x18 obj_cooja/mtype490.a(rtimer-arch.o)
                0x000000000003a318                simRtimerPending
                0x000000000003a320                simRtimerCurrentTicks
                0x000000000003a328                simRtimerNextExpirationTime
 COMMON         0x000000000003a330        0x1 obj_cooja/mtype490.a(beep.o)
                0x000000000003a330                simBeeped
 COMMON         0x000000000003a331        0x3 obj_cooja/mtype490.a(button-sensor.o)
                0x000000000003a331                simButtonIsActive
                0x000000000003a332                simButtonIsDown
                0x000000000003a333                simButtonChanged
 COMMON         0x000000000003a334        0x1 obj_cooja/mtype490.a(leds-arch.o)
                0x000000000003a334                simLedsValue
 *fill*         0x000000000003a335        0x3 
 COMMON         0x000000000003a338        0xc obj_cooja/mtype490.a(moteid.o)
                0x000000000003a338                simRandomSeed
                0x000000000003a33c                simMoteIDChanged
                0x000000000003a340                simMoteID
 COMMON         0x000000000003a344        0x2 obj_cooja/mtype490.a(pir-sensor.o)
                0x000000000003a344                simPirIsActive
                0x000000000003a345                simPirChanged
 *fill*         0x000000000003a346       0x1a 
 COMMON         0x000000000003a360      0x820 obj_cooja/mtype490.a(rs232.o)
                0x000000000003a360                simSerialReceivingFlag
                0x000000000003a364                simSerialReceivingLength
                0x000000000003a380                simSerialReceivingData
 COMMON         0x000000000003ab80        0x2 obj_cooja/mtype490.a(vib-sensor.o)
                0x000000000003ab80                simVibChanged
                0x000000000003ab81                simVibIsActive
 *fill*         0x000000000003ab82        0x2 
 COMMON         0x000000000003ab84        0x4 obj_cooja/mtype490.a(clock.o)
                0x000000000003ab84                simCurrentTime
 *fill*         0x000000000003ab88       0x18 
 COMMON         0x000000000003aba0     0x2020 obj_cooja/mtype490.a(cooja-log.o)
                0x000000000003aba0                simLoggedLength
                0x000000000003aba4                simLoggedFlag
                0x000000000003abc0                simLoggedData
 COMMON         0x000000000003cbc0      0x100 obj_cooja/mtype490.a(cooja-radio.o)
                0x000000000003cbc0                simOutDataBuffer
                0x000000000003cc40                simInDataBuffer
 COMMON         0x000000000003ccc0      0x400 obj_cooja/mtype490.a(eeprom.o)
                0x000000000003ccc0                simEEPROMData
 COMMON         0x000000000003d0c0        0x1 obj_cooja/mtype490.a(sensors.o)
                0x000000000003d0c0                sensors_event
 *fill*         0x000000000003d0c1        0x3 
 COMMON         0x000000000003d0c4       0x50 obj_cooja/mtype490.a(contiki-main.o)
                0x000000000003d0c4                eb_per_time_source
                0x000000000003d0d8                unicast_per_neighbor_rpl_storing
                0x000000000003d0ec                unicast_per_neighbor_rpl_ns
                0x000000000003d100                default_common
 COMMON         0x000000000003d114        0x1 obj_cooja/mtype490.a(serial-line.o)
                0x000000000003d114                serial_line_event_message
 *fill*         0x000000000003d115        0x3 
 COMMON         0x000000000003d118       0x2c obj_cooja/mtype490.a(packetbuf.o)
                0x000000000003d118                packetbuf_attrs
                0x000000000003d134                packetbuf_addrs
 COMMON         0x000000000003d144        0x8 obj_cooja/mtype490.a(linkaddr.o)
                0x000000000003d144                linkaddr_node_addr
 *fill*         0x000000000003d14c       0x14 
 COMMON         0x000000000003d160      0x181 obj_cooja/mtype490.a(uip-ds6.o)
                0x000000000003d160                uip_ds6_prefix_list
                0x000000000003d1c0                uip_ds6_timer_periodic
                0x000000000003d1d0                uip_ds6_netif_addr_list_offset
                0x000000000003d1e0                uip_ds6_if
                0x000000000003d2d8                uip_ds6_timer_ra
                0x000000000003d2e0                uip_ds6_addr_size
 COMMON         0x000000000003d2e1        0x1 obj_cooja/mtype490.a(tcpip.o)
                0x000000000003d2e1                tcpip_event
 *fill*         0x000000000003d2e2       0x1e 
 COMMON         0x000000000003d300      0x64c obj_cooja/mtype490.a(uip6.o)
                0x000000000003d300                uip_slen
                0x000000000003d304                uip_lladdr
                0x000000000003d30c                uip_appdata
                0x000000000003d310                uip_flags
                0x000000000003d320                uip_aligned_buf
                0x000000000003d820                uip_len
                0x000000000003d824                uip_sappdata
                0x000000000003d840                uip_udp_conns
                0x000000000003d940                uip_udp_conn
                0x000000000003d944                uip_next_hdr
                0x000000000003d948                uip_conn
 COMMON         0x000000000003d94c       0x10 obj_cooja/mtype490.a(rpl.o)
                0x000000000003d94c                rpl_multicast_addr
 *fill*         0x000000000003d95c        0x4 
 COMMON         0x000000000003d960      0x164 obj_cooja/mtype490.a(rpl-dag.o)
                0x000000000003d960                curr_instance
 *fill*         0x000000000003dac4       0x1c 
 COMMON         0x000000000003dae0       0x20 obj_cooja/mtype490.a(link-stats.o)
                0x000000000003dae0                periodic_timer
                0x000000000003db00                . = ALIGN ((. != 0x0)?0x4:0x1)
                0x000000000003db00                . = ALIGN (0x4)
                0x000000000003db00                . = SEGMENT_START ("ldata-segment", .)
                0x000000000003db00                . = ALIGN (0x4)
                0x000000000003db00                _end = .
                [!provide]                        PROVIDE (end, .)
                0x000000000003db00                . = DATA_SEGMENT_END (.)

.stab
 *(.stab)

.stabstr
 *(.stabstr)

.stab.excl
 *(.stab.excl)

.stab.exclstr
 *(.stab.exclstr)

.stab.index
 *(.stab.index)

.stab.indexstr
 *(.stab.indexstr)

.comment        0x0000000000000000       0x35
 *(.comment)
 .comment       0x0000000000000000       0x35 /usr/lib/gcc/i686-linux-gnu/5/crtbeginS.o
                                         0x36 (size before relaxing)
 .comment       0x0000000000000035       0x36 hello-world.o
 .comment       0x0000000000000035       0x36 obj_cooja/mtype490.o
 .comment       0x0000000000000035       0x36 obj_cooja/mtype490.a(simEnvChange.o)
 .comment       0x0000000000000035       0x36 obj_cooja/mtype490.a(cooja_mt.o)
 .comment       0x0000000000000035       0x36 obj_cooja/mtype490.a(cooja_mtarch.o)
 .comment       0x0000000000000035       0x36 obj_cooja/mtype490.a(rtimer-arch.o)
 .comment       0x0000000000000035       0x36 obj_cooja/mtype490.a(beep.o)
 .comment       0x0000000000000035       0x36 obj_cooja/mtype490.a(button-sensor.o)
 .comment       0x0000000000000035       0x36 obj_cooja/mtype490.a(leds-arch.o)
 .comment       0x0000000000000035       0x36 obj_cooja/mtype490.a(moteid.o)
 .comment       0x0000000000000035       0x36 obj_cooja/mtype490.a(pir-sensor.o)
 .comment       0x0000000000000035       0x36 obj_cooja/mtype490.a(rs232.o)
 .comment       0x0000000000000035       0x36 obj_cooja/mtype490.a(vib-sensor.o)
 .comment       0x0000000000000035       0x36 obj_cooja/mtype490.a(clock.o)
 .comment       0x0000000000000035       0x36 obj_cooja/mtype490.a(cooja-log.o)
 .comment       0x0000000000000035       0x36 obj_cooja/mtype490.a(cfs-cooja.o)
 .comment       0x0000000000000035       0x36 obj_cooja/mtype490.a(cooja-radio.o)
 .comment       0x0000000000000035       0x36 obj_cooja/mtype490.a(eeprom.o)
 .comment       0x0000000000000035       0x36 obj_cooja/mtype490.a(random.o)
 .comment       0x0000000000000035       0x36 obj_cooja/mtype490.a(sensors.o)
 .comment       0x0000000000000035       0x36 obj_cooja/mtype490.a(contiki-main.o)
 .comment       0x0000000000000035       0x36 obj_cooja/mtype490.a(autostart.o)
 .comment       0x0000000000000035       0x36 obj_cooja/mtype490.a(ctimer.o)
 .comment       0x0000000000000035       0x36 obj_cooja/mtype490.a(energest.o)
 .comment       0x0000000000000035       0x36 obj_cooja/mtype490.a(etimer.o)
 .comment       0x0000000000000035       0x36 obj_cooja/mtype490.a(log.o)
 .comment       0x0000000000000035       0x36 obj_cooja/mtype490.a(process.o)
 .comment       0x0000000000000035       0x36 obj_cooja/mtype490.a(rtimer.o)
 .comment       0x0000000000000035       0x36 obj_cooja/mtype490.a(node-id.o)
 .comment       0x0000000000000035       0x36 obj_cooja/mtype490.a(timer.o)
 .comment       0x0000000000000035       0x36 obj_cooja/mtype490.a(serial-line.o)
 .comment       0x0000000000000035       0x36 obj_cooja/mtype490.a(list.o)
 .comment       0x0000000000000035       0x36 obj_cooja/mtype490.a(ringbuf.o)
 .comment       0x0000000000000035       0x36 obj_cooja/mtype490.a(packetbuf.o)
 .comment       0x0000000000000035       0x36 obj_cooja/mtype490.a(netstack.o)
 .comment       0x0000000000000035       0x36 obj_cooja/mtype490.a(linkaddr.o)
 .comment       0x0000000000000035       0x36 obj_cooja/mtype490.a(csma.o)
 .comment       0x0000000000000035       0x36 obj_cooja/mtype490.a(csma-output.o)
 .comment       0x0000000000000035       0x36 obj_cooja/mtype490.a(uip-ds6.o)
 .comment       0x0000000000000035       0x36 obj_cooja/mtype490.a(tcpip.o)
 .comment       0x0000000000000035       0x36 obj_cooja/mtype490.a(uip-ds6-route.o)
 .comment       0x0000000000000035       0x36 obj_cooja/mtype490.a(uip6.o)
 .comment       0x0000000000000035       0x36 obj_cooja/mtype490.a(uip-ds6-nbr.o)
 .comment       0x0000000000000035       0x36 obj_cooja/mtype490.a(uip-nd6.o)
 .comment       0x0000000000000035       0x36 obj_cooja/mtype490.a(sicslowpan.o)
 .comment       0x0000000000000035       0x36 obj_cooja/mtype490.a(uiplib.o)
 .comment       0x0000000000000035       0x36 obj_cooja/mtype490.a(rpl.o)
 .comment       0x0000000000000035       0x36 obj_cooja/mtype490.a(rpl-icmp6.o)
 .comment       0x0000000000000035       0x36 obj_cooja/mtype490.a(rpl-dag.o)
 .comment       0x0000000000000035       0x36 obj_cooja/mtype490.a(rpl-dag-root.o)
 .comment       0x0000000000000035       0x36 obj_cooja/mtype490.a(watchdog.o)
 .comment       0x0000000000000035       0x36 obj_cooja/mtype490.a(stimer.o)
 .comment       0x0000000000000035       0x36 obj_cooja/mtype490.a(memb.o)
 .comment       0x0000000000000035       0x36 obj_cooja/mtype490.a(queuebuf.o)
 .comment       0x0000000000000035       0x36 obj_cooja/mtype490.a(nbr-table.o)
 .comment       0x0000000000000035       0x36 obj_cooja/mtype490.a(link-stats.o)
 .comment       0x0000000000000035       0x36 obj_cooja/mtype490.a(mac-sequence.o)
 .comment       0x0000000000000035       0x36 obj_cooja/mtype490.a(mac.o)
 .comment       0x0000000000000035       0x36 obj_cooja/mtype490.a(framer-802154.o)
 .comment       0x0000000000000035       0x36 obj_cooja/mtype490.a(frame802154.o)
 .comment       0x0000000000000035       0x36 obj_cooja/mtype490.a(uipbuf.o)
 .comment       0x0000000000000035       0x36 obj_cooja/mtype490.a(uip-icmp6.o)
 .comment       0x0000000000000035       0x36 obj_cooja/mtype490.a(uip-sr.o)
 .comment       0x0000000000000035       0x36 obj_cooja/mtype490.a(uip-packetqueue)
 .comment       0x0000000000000035       0x36 obj_cooja/mtype490.a(rpl-nbr-policy.)
 .comment       0x0000000000000035       0x36 obj_cooja/mtype490.a(rpl-neighbor.o)
 .comment       0x0000000000000035       0x36 obj_cooja/mtype490.a(rpl-timers.o)
 .comment       0x0000000000000035       0x36 obj_cooja/mtype490.a(rpl-ext-header.)
 .comment       0x0000000000000035       0x36 obj_cooja/mtype490.a(rpl-mrhof.o)
 .comment       0x0000000000000035       0x36 /usr/lib/gcc/i686-linux-gnu/5/crtendS.o

.debug
 *(.debug)

.line
 *(.line)

.debug_srcinfo
 *(.debug_srcinfo)

.debug_sfnames
 *(.debug_sfnames)

.debug_aranges  0x0000000000000000      0x8a0
 *(.debug_aranges)
 .debug_aranges
                0x0000000000000000       0x20 hello-world.o
 .debug_aranges
                0x0000000000000020       0x20 obj_cooja/mtype490.o
 .debug_aranges
                0x0000000000000040       0x20 obj_cooja/mtype490.a(simEnvChange.o)
 .debug_aranges
                0x0000000000000060       0x20 obj_cooja/mtype490.a(cooja_mt.o)
 .debug_aranges
                0x0000000000000080       0x20 obj_cooja/mtype490.a(cooja_mtarch.o)
 .debug_aranges
                0x00000000000000a0       0x20 obj_cooja/mtype490.a(rtimer-arch.o)
 .debug_aranges
                0x00000000000000c0       0x20 obj_cooja/mtype490.a(beep.o)
 .debug_aranges
                0x00000000000000e0       0x20 obj_cooja/mtype490.a(button-sensor.o)
 .debug_aranges
                0x0000000000000100       0x20 obj_cooja/mtype490.a(leds-arch.o)
 .debug_aranges
                0x0000000000000120       0x20 obj_cooja/mtype490.a(moteid.o)
 .debug_aranges
                0x0000000000000140       0x20 obj_cooja/mtype490.a(pir-sensor.o)
 .debug_aranges
                0x0000000000000160       0x20 obj_cooja/mtype490.a(rs232.o)
 .debug_aranges
                0x0000000000000180       0x20 obj_cooja/mtype490.a(vib-sensor.o)
 .debug_aranges
                0x00000000000001a0       0x20 obj_cooja/mtype490.a(clock.o)
 .debug_aranges
                0x00000000000001c0       0x20 obj_cooja/mtype490.a(cooja-log.o)
 .debug_aranges
                0x00000000000001e0       0x20 obj_cooja/mtype490.a(cfs-cooja.o)
 .debug_aranges
                0x0000000000000200       0x20 obj_cooja/mtype490.a(cooja-radio.o)
 .debug_aranges
                0x0000000000000220       0x20 obj_cooja/mtype490.a(eeprom.o)
 .debug_aranges
                0x0000000000000240       0x20 obj_cooja/mtype490.a(random.o)
 .debug_aranges
                0x0000000000000260       0x20 obj_cooja/mtype490.a(sensors.o)
 .debug_aranges
                0x0000000000000280       0x20 obj_cooja/mtype490.a(contiki-main.o)
 .debug_aranges
                0x00000000000002a0       0x20 obj_cooja/mtype490.a(autostart.o)
 .debug_aranges
                0x00000000000002c0       0x20 obj_cooja/mtype490.a(ctimer.o)
 .debug_aranges
                0x00000000000002e0       0x20 obj_cooja/mtype490.a(energest.o)
 .debug_aranges
                0x0000000000000300       0x20 obj_cooja/mtype490.a(etimer.o)
 .debug_aranges
                0x0000000000000320       0x20 obj_cooja/mtype490.a(log.o)
 .debug_aranges
                0x0000000000000340       0x20 obj_cooja/mtype490.a(process.o)
 .debug_aranges
                0x0000000000000360       0x20 obj_cooja/mtype490.a(rtimer.o)
 .debug_aranges
                0x0000000000000380       0x20 obj_cooja/mtype490.a(node-id.o)
 .debug_aranges
                0x00000000000003a0       0x20 obj_cooja/mtype490.a(timer.o)
 .debug_aranges
                0x00000000000003c0       0x20 obj_cooja/mtype490.a(serial-line.o)
 .debug_aranges
                0x00000000000003e0       0x20 obj_cooja/mtype490.a(list.o)
 .debug_aranges
                0x0000000000000400       0x20 obj_cooja/mtype490.a(ringbuf.o)
 .debug_aranges
                0x0000000000000420       0x20 obj_cooja/mtype490.a(packetbuf.o)
 .debug_aranges
                0x0000000000000440       0x20 obj_cooja/mtype490.a(netstack.o)
 .debug_aranges
                0x0000000000000460       0x20 obj_cooja/mtype490.a(linkaddr.o)
 .debug_aranges
                0x0000000000000480       0x20 obj_cooja/mtype490.a(csma.o)
 .debug_aranges
                0x00000000000004a0       0x20 obj_cooja/mtype490.a(csma-output.o)
 .debug_aranges
                0x00000000000004c0       0x20 obj_cooja/mtype490.a(uip-ds6.o)
 .debug_aranges
                0x00000000000004e0       0x20 obj_cooja/mtype490.a(tcpip.o)
 .debug_aranges
                0x0000000000000500       0x20 obj_cooja/mtype490.a(uip-ds6-route.o)
 .debug_aranges
                0x0000000000000520       0x20 obj_cooja/mtype490.a(uip6.o)
 .debug_aranges
                0x0000000000000540       0x20 obj_cooja/mtype490.a(uip-ds6-nbr.o)
 .debug_aranges
                0x0000000000000560       0x20 obj_cooja/mtype490.a(uip-nd6.o)
 .debug_aranges
                0x0000000000000580       0x20 obj_cooja/mtype490.a(sicslowpan.o)
 .debug_aranges
                0x00000000000005a0       0x20 obj_cooja/mtype490.a(uiplib.o)
 .debug_aranges
                0x00000000000005c0       0x20 obj_cooja/mtype490.a(rpl.o)
 .debug_aranges
                0x00000000000005e0       0x20 obj_cooja/mtype490.a(rpl-icmp6.o)
 .debug_aranges
                0x0000000000000600       0x20 obj_cooja/mtype490.a(rpl-dag.o)
 .debug_aranges
                0x0000000000000620       0x20 obj_cooja/mtype490.a(rpl-dag-root.o)
 .debug_aranges
                0x0000000000000640       0x20 obj_cooja/mtype490.a(watchdog.o)
 .debug_aranges
                0x0000000000000660       0x20 obj_cooja/mtype490.a(stimer.o)
 .debug_aranges
                0x0000000000000680       0x20 obj_cooja/mtype490.a(memb.o)
 .debug_aranges
                0x00000000000006a0       0x20 obj_cooja/mtype490.a(queuebuf.o)
 .debug_aranges
                0x00000000000006c0       0x20 obj_cooja/mtype490.a(nbr-table.o)
 .debug_aranges
                0x00000000000006e0       0x20 obj_cooja/mtype490.a(link-stats.o)
 .debug_aranges
                0x0000000000000700       0x20 obj_cooja/mtype490.a(mac-sequence.o)
 .debug_aranges
                0x0000000000000720       0x20 obj_cooja/mtype490.a(mac.o)
 .debug_aranges