Archive member included to satisfy reference by file (symbol)

obj_cooja/mtype466.a(simEnvChange.o)
                              obj_cooja/mtype466.o (simDontFallAsleep)
obj_cooja/mtype466.a(cooja_mt.o)
                              obj_cooja/mtype466.o (cooja_mt_start)
obj_cooja/mtype466.a(cooja_mtarch.o)
                              obj_cooja/mtype466.a(cooja_mt.o) (cooja_mtarch_start)
obj_cooja/mtype466.a(rtimer-arch.o)
                              obj_cooja/mtype466.o (rtimer_arch_check)
obj_cooja/mtype466.a(beep.o)  obj_cooja/mtype466.o (beep_interface)
obj_cooja/mtype466.a(button-sensor.o)
                              obj_cooja/mtype466.o (button_interface)
obj_cooja/mtype466.a(leds-arch.o)
                              obj_cooja/mtype466.o (leds_interface)
obj_cooja/mtype466.a(moteid.o)
                              obj_cooja/mtype466.o (moteid_interface)
obj_cooja/mtype466.a(pir-sensor.o)
                              obj_cooja/mtype466.o (pir_interface)
obj_cooja/mtype466.a(rs232.o)
                              obj_cooja/mtype466.o (rs232_interface)
obj_cooja/mtype466.a(vib-sensor.o)
                              obj_cooja/mtype466.o (vib_interface)
obj_cooja/mtype466.a(clock.o)
                              obj_cooja/mtype466.o (clock_interface)
obj_cooja/mtype466.a(cooja-log.o)
                              obj_cooja/mtype466.o (simlog_interface)
obj_cooja/mtype466.a(cfs-cooja.o)
                              obj_cooja/mtype466.o (cfs_interface)
obj_cooja/mtype466.a(cooja-radio.o)
                              obj_cooja/mtype466.o (radio_interface)
obj_cooja/mtype466.a(eeprom.o)
                              obj_cooja/mtype466.o (eeprom_interface)
obj_cooja/mtype466.a(random.o)
                              obj_cooja/mtype466.a(moteid.o) (random_init)
obj_cooja/mtype466.a(sensors.o)
                              obj_cooja/mtype466.a(button-sensor.o) (sensors_changed)
obj_cooja/mtype466.a(contiki-main.o)
                              obj_cooja/mtype466.o (main)
obj_cooja/mtype466.a(autostart.o)
                              obj_cooja/mtype466.a(contiki-main.o) (autostart_start)
obj_cooja/mtype466.a(ctimer.o)
                              obj_cooja/mtype466.a(contiki-main.o) (ctimer_init)
obj_cooja/mtype466.a(energest.o)
                              obj_cooja/mtype466.a(contiki-main.o) (energest_init)
obj_cooja/mtype466.a(etimer.o)
                              obj_cooja/mtype466.a(contiki-main.o) (etimer_process)
obj_cooja/mtype466.a(log.o)   obj_cooja/mtype466.a(contiki-main.o) (curr_log_level_main)
obj_cooja/mtype466.a(process.o)
                              obj_cooja/mtype466.a(ctimer.o) (process_current)
obj_cooja/mtype466.a(rtimer.o)
                              obj_cooja/mtype466.a(contiki-main.o) (rtimer_init)
obj_cooja/mtype466.a(node-id.o)
                              obj_cooja/mtype466.a(contiki-main.o) (node_id)
obj_cooja/mtype466.a(timer.o)
                              obj_cooja/mtype466.a(button-sensor.o) (timer_set)
obj_cooja/mtype466.a(serial-line.o)
                              hello-world.o (serial_line_event_message)
obj_cooja/mtype466.a(list.o)  obj_cooja/mtype466.a(ctimer.o) (list_init)
obj_cooja/mtype466.a(ringbuf.o)
                              obj_cooja/mtype466.a(serial-line.o) (ringbuf_init)
obj_cooja/mtype466.a(packetbuf.o)
                              obj_cooja/mtype466.a(cooja-radio.o) (packetbuf_clear)
obj_cooja/mtype466.a(netstack.o)
                              obj_cooja/mtype466.a(contiki-main.o) (netstack_init)
obj_cooja/mtype466.a(linkaddr.o)
                              obj_cooja/mtype466.a(contiki-main.o) (linkaddr_node_addr)
obj_cooja/mtype466.a(csma.o)  obj_cooja/mtype466.a(cooja-radio.o) (csma_driver)
obj_cooja/mtype466.a(csma-output.o)
                              obj_cooja/mtype466.a(csma.o) (csma_output_packet)
obj_cooja/mtype466.a(uip-ds6.o)
                              obj_cooja/mtype466.a(contiki-main.o) (uip_ds6_get_link_local)
obj_cooja/mtype466.a(tcpip.o)
                              obj_cooja/mtype466.a(contiki-main.o) (tcpip_process)
obj_cooja/mtype466.a(uip-ds6-route.o)
                              obj_cooja/mtype466.a(uip-ds6.o) (uip_ds6_route_init)
obj_cooja/mtype466.a(uip6.o)  obj_cooja/mtype466.a(contiki-main.o) (uip_lladdr)
obj_cooja/mtype466.a(uip-ds6-nbr.o)
                              obj_cooja/mtype466.a(uip-ds6.o) (uip_ds6_neighbors_init)
obj_cooja/mtype466.a(uip-nd6.o)
                              obj_cooja/mtype466.a(uip6.o) (uip_nd6_init)
obj_cooja/mtype466.a(sicslowpan.o)
                              obj_cooja/mtype466.a(contiki-main.o) (sicslowpan_driver)
obj_cooja/mtype466.a(uiplib.o)
                              obj_cooja/mtype466.a(log.o) (uiplib_ipaddr_snprint)
obj_cooja/mtype466.a(rpl.o)   obj_cooja/mtype466.a(contiki-main.o) (rpl_lite_driver)
obj_cooja/mtype466.a(rpl-icmp6.o)
                              obj_cooja/mtype466.a(rpl.o) (rpl_icmp6_init)
obj_cooja/mtype466.a(rpl-dag.o)
[...]
Memory Configuration

Name             Origin             Length             Attributes
*default*        0x0000000000000000 0xffffffffffffffff

Linker script and memory map

LOAD /usr/lib/gcc/i686-linux-gnu/5/../../../i386-linux-gnu/crti.o
LOAD /usr/lib/gcc/i686-linux-gnu/5/crtbeginS.o
LOAD hello-world.o
LOAD obj_cooja/mtype466.o
LOAD obj_cooja/mtype466.a
LOAD /usr/lib/gcc/i686-linux-gnu/5/libgcc.a
LOAD /usr/lib/gcc/i686-linux-gnu/5/libgcc_s.so
LOAD /usr/lib/gcc/i686-linux-gnu/5/../../../i386-linux-gnu/libc.so
START GROUP
LOAD /lib/i386-linux-gnu/libc.so.6
LOAD /usr/lib/i386-linux-gnu/libc_nonshared.a
LOAD /lib/i386-linux-gnu/ld-linux.so.2
END GROUP
LOAD /usr/lib/gcc/i686-linux-gnu/5/libgcc.a
LOAD /usr/lib/gcc/i686-linux-gnu/5/libgcc_s.so
LOAD /usr/lib/gcc/i686-linux-gnu/5/crtendS.o
LOAD /usr/lib/gcc/i686-linux-gnu/5/../../../i386-linux-gnu/crtn.o
                0x0000000000000114                . = (0x0 + SIZEOF_HEADERS)

.note.gnu.build-id
                0x0000000000000114       0x24
 *(.note.gnu.build-id)
 .note.gnu.build-id
                0x0000000000000114       0x24 /usr/lib/gcc/i686-linux-gnu/5/../../../i386-linux-gnu/crti.o

.hash
 *(.hash)

.gnu.hash       0x0000000000000138     0x131c
 *(.gnu.hash)
 .gnu.hash      0x0000000000000138     0x131c /usr/lib/gcc/i686-linux-gnu/5/../../../i386-linux-gnu/crti.o

.dynsym         0x0000000000001454     0x24c0
 *(.dynsym)
 .dynsym        0x0000000000001454     0x24c0 /usr/lib/gcc/i686-linux-gnu/5/../../../i386-linux-gnu/crti.o

.dynstr         0x0000000000003914     0x2862
 *(.dynstr)
 .dynstr        0x0000000000003914     0x2862 /usr/lib/gcc/i686-linux-gnu/5/../../../i386-linux-gnu/crti.o

.gnu.version    0x0000000000006176      0x498
 *(.gnu.version)
 .gnu.version   0x0000000000006176      0x498 /usr/lib/gcc/i686-linux-gnu/5/../../../i386-linux-gnu/crti.o

.gnu.version_d  0x0000000000006610        0x0
 *(.gnu.version_d)
 .gnu.version_d
                0x0000000000006610        0x0 /usr/lib/gcc/i686-linux-gnu/5/../../../i386-linux-gnu/crti.o

.gnu.version_r  0x0000000000006610       0x40
 *(.gnu.version_r)
 .gnu.version_r
                0x0000000000006610       0x40 /usr/lib/gcc/i686-linux-gnu/5/../../../i386-linux-gnu/crti.o

.rel.dyn        0x0000000000006650     0x80e0
 *(.rel.init)
 .rel.init      0x0000000000006650        0x0 /usr/lib/gcc/i686-linux-gnu/5/../../../i386-linux-gnu/crti.o
 *(.rel.text .rel.text.* .rel.gnu.linkonce.t.*)
 .rel.text      0x0000000000006650     0x78d0 /usr/lib/gcc/i686-linux-gnu/5/../../../i386-linux-gnu/crti.o
 *(.rel.fini)
 .rel.fini      0x000000000000df20        0x0 /usr/lib/gcc/i686-linux-gnu/5/../../../i386-linux-gnu/crti.o
 *(.rel.rodata .rel.rodata.* .rel.gnu.linkonce.r.*)
 .rel.rodata    0x000000000000df20      0x4b8 /usr/lib/gcc/i686-linux-gnu/5/../../../i386-linux-gnu/crti.o
 *(.rel.data.rel.ro .rel.data.rel.ro.* .rel.gnu.linkonce.d.rel.ro.*)
 *(.rel.data .rel.data.* .rel.gnu.linkonce.d.*)
 .rel.data.rel.local
                0x000000000000e3d8        0x8 /usr/lib/gcc/i686-linux-gnu/5/../../../i386-linux-gnu/crti.o
 .rel.data      0x000000000000e3e0      0x318 /usr/lib/gcc/i686-linux-gnu/5/../../../i386-linux-gnu/crti.o
 *(.rel.tdata .rel.tdata.* .rel.gnu.linkonce.td.*)
 *(.rel.tbss .rel.tbss.* .rel.gnu.linkonce.tb.*)
 *(.rel.ctors)
 *(.rel.dtors)
 *(.rel.got)
 .rel.got       0x000000000000e6f8       0x28 /usr/lib/gcc/i686-linux-gnu/5/../../../i386-linux-gnu/crti.o
 *(.rel.bss .rel.bss.* .rel.gnu.linkonce.b.*)
 *(.rel.ifunc)
 .rel.ifunc     0x000000000000e720        0x0 /usr/lib/gcc/i686-linux-gnu/5/../../../i386-linux-gnu/crti.o
 .rel.fini_array
                0x000000000000e720        0x8 /usr/lib/gcc/i686-linux-gnu/5/../../../i386-linux-gnu/crti.o
 .rel.init_array
                0x000000000000e728        0x8 /usr/lib/gcc/i686-linux-gnu/5/../../../i386-linux-gnu/crti.o

.rel.plt        0x000000000000e730        0x0
 *(.rel.plt)
 .rel.plt       0x000000000000e730        0x0 /usr/lib/gcc/i686-linux-gnu/5/../../../i386-linux-gnu/crti.o
 *(.rel.iplt)

.init           0x000000000000e730       0x23
 *(SORT(.init))
 .init          0x000000000000e730       0x1e /usr/lib/gcc/i686-linux-gnu/5/../../../i386-linux-gnu/crti.o
                0x000000000000e730                _init
 .init          0x000000000000e74e        0x5 /usr/lib/gcc/i686-linux-gnu/5/../../../i386-linux-gnu/crtn.o

.plt            0x000000000000e760       0x10
 *(.plt)
 .plt           0x000000000000e760       0x10 /usr/lib/gcc/i686-linux-gnu/5/../../../i386-linux-gnu/crti.o
 *(.iplt)

.plt.got        0x000000000000e770       0x10
 *(.plt.got)
 .plt.got       0x000000000000e770       0x10 /usr/lib/gcc/i686-linux-gnu/5/../../../i386-linux-gnu/crti.o

.text           0x000000000000e780    0x12d37
 *(.text.unlikely .text.*_unlikely .text.unlikely.*)
 .text.unlikely
                0x000000000000e780        0x0 /usr/lib/gcc/i686-linux-gnu/5/crtbeginS.o
 *(.text.exit .text.exit.*)
 *(.text.startup .text.startup.*)
 *(.text.hot .text.hot.*)
 *(.text .stub .text.* .gnu.linkonce.t.*)
 .text          0x000000000000e780        0x0 /usr/lib/gcc/i686-linux-gnu/5/../../../i386-linux-gnu/crti.o
 .gnu.linkonce.t.__x86.get_pc_thunk.bx
                0x000000000000e780        0x4 /usr/lib/gcc/i686-linux-gnu/5/../../../i386-linux-gnu/crti.o
                0x000000000000e780                __x86.get_pc_thunk.bx
 *fill*         0x000000000000e784        0xc 
 .text          0x000000000000e790      0x11c /usr/lib/gcc/i686-linux-gnu/5/crtbeginS.o
 .text.__x86.get_pc_thunk.dx
                0x000000000000e8ac        0x4 /usr/lib/gcc/i686-linux-gnu/5/crtbeginS.o
                0x000000000000e8ac                __x86.get_pc_thunk.dx
 .text          0x000000000000e8b0       0x72 hello-world.o
 .text          0x000000000000e922      0x271 obj_cooja/mtype466.o
                0x000000000000e9b4                platform_init_stage_one
                0x000000000000e9ba                platform_init_stage_two
                0x000000000000e9c8                platform_init_stage_three
                0x000000000000e9db                platform_main_loop
                0x000000000000ea4e                Java_org_contikios_cooja_corecomm_Lib9_init
                0x000000000000ea85                Java_org_contikios_cooja_corecomm_Lib9_getMemory
                0x000000000000eab8                Java_org_contikios_cooja_corecomm_Lib9_setMemory
                0x000000000000eb18                Java_org_contikios_cooja_corecomm_Lib9_tick
                0x000000000000eb80                Java_org_contikios_cooja_corecomm_Lib9_setReferenceAddress
 .text          0x000000000000eb93       0x65 obj_cooja/mtype466.a(simEnvChange.o)
                0x000000000000eb93                doActionsBeforeTick
                0x000000000000ebc5                doActionsAfterTick
 .text          0x000000000000ebf8       0x83 obj_cooja/mtype466.a(cooja_mt.o)
                0x000000000000ebf8                cooja_mt_start
                0x000000000000ec22                cooja_mt_exec
                0x000000000000ec58                cooja_mt_yield
 .text          0x000000000000ec7b       0xbe obj_cooja/mtype466.a(cooja_mtarch.o)
                0x000000000000ec7b                cooja_mtarch_start
                0x000000000000ecee                cooja_sw
                0x000000000000ed11                cooja_mtarch_exec
                0x000000000000ed2e                cooja_mtarch_yield
 .text          0x000000000000ed39       0xc5 obj_cooja/mtype466.a(rtimer-arch.o)
                0x000000000000ed39                rtimer_arch_init
                0x000000000000ed5d                rtimer_arch_schedule
                0x000000000000ed8d                rtimer_arch_next
                0x000000000000ed9d                rtimer_arch_pending
                0x000000000000eda7                rtimer_arch_check
                0x000000000000edee                rtimer_arch_now
 .text          0x000000000000edfe       0x81 obj_cooja/mtype466.a(beep.o)
                0x000000000000edfe                beep_alarm
                0x000000000000ee0b                beep_beep
                0x000000000000ee18                beep
                0x000000000000ee25                beep_down
                0x000000000000ee32                beep_on
                0x000000000000ee3f                beep_off
                0x000000000000ee4c                beep_spinup
                0x000000000000ee59                beep_quick
                0x000000000000ee66                beep_long
 .text          0x000000000000ee7f      0x10d obj_cooja/mtype466.a(button-sensor.o)
 .text          0x000000000000ef8c       0x49 obj_cooja/mtype466.a(leds-arch.o)
                0x000000000000ef8c                leds_arch_init
                0x000000000000ef99                leds_arch_get
                0x000000000000efa5                leds_arch_set
 .text          0x000000000000efd5       0x35 obj_cooja/mtype466.a(moteid.o)
 .text          0x000000000000f00a       0xb7 obj_cooja/mtype466.a(pir-sensor.o)
 .text          0x000000000000f0c1      0x148 obj_cooja/mtype466.a(rs232.o)
                0x000000000000f0c1                rs232_init
                0x000000000000f0c7                rs232_set_speed
                0x000000000000f0d6                rs232_set_input
                0x000000000000f0e4                rs232_send
                0x000000000000f108                rs232_print
                0x000000000000f124                slip_arch_writeb
 .text          0x000000000000f209       0xb7 obj_cooja/mtype466.a(vib-sensor.o)
 .text          0x000000000000f2c0       0x38 obj_cooja/mtype466.a(clock.o)
                0x000000000000f2c0                clock_init
                0x000000000000f2c6                clock_time
                0x000000000000f2d0                clock_seconds
                0x000000000000f2e6                clock_delay
 .text          0x000000000000f2f8      0x219 obj_cooja/mtype466.a(cooja-log.o)
                0x000000000000f2f8                simlog_char
                0x000000000000f33b                simlog
                0x000000000000f3b1                log_message
                0x000000000000f3e2                log_set_putchar_with_slip
                0x000000000000f3f0                log_putchar
                0x000000000000f46b                log_puts
                0x000000000000f493                log_printf
 .text          0x000000000000f511      0x2b9 obj_cooja/mtype466.a(cfs-cooja.o)
                0x000000000000f511                cfs_open
                0x000000000000f57a                cfs_close
                0x000000000000f587                cfs_read
                0x000000000000f61c                cfs_write
                0x000000000000f6f8                cfs_seek
                0x000000000000f780                cfs_remove
                0x000000000000f7a4                cfs_opendir
                0x000000000000f7ae                cfs_readdir
                0x000000000000f7b8                cfs_closedir
 .text          0x000000000000f7ca      0x605 obj_cooja/mtype466.a(cooja-radio.o)
                0x000000000000f80c                radio_set_channel
                0x000000000000f81a                radio_set_txpower
                0x000000000000f832                radio_signal_strength_last
                0x000000000000f83c                radio_signal_strength_current
                0x000000000000f846                radio_LQI
 .text          0x000000000000fdcf       0xee obj_cooja/mtype466.a(eeprom.o)
                0x000000000000fdcf                eeprom_init
                0x000000000000fdd5                eeprom_read
                0x000000000000fe43                eeprom_write
 .text          0x000000000000febd       0x2d obj_cooja/mtype466.a(random.o)
                0x000000000000febd                random_init
                0x000000000000fedd                random_rand
 .text          0x000000000000feea      0x29c obj_cooja/mtype466.a(sensors.o)
                0x000000000000ff25                sensors_first
                0x000000000000ff2f                sensors_next
                0x000000000000ff49                sensors_changed
                0x000000000000ff7d                sensors_find
 .text          0x0000000000010186      0x328 obj_cooja/mtype466.a(contiki-main.o)
                0x0000000000010186                main
 .text          0x00000000000104ae       0x92 obj_cooja/mtype466.a(autostart.o)
                0x00000000000104ae                autostart_start
                0x00000000000104f8                autostart_exit
 .text          0x0000000000010540      0x355 obj_cooja/mtype466.a(ctimer.o)
                0x0000000000010668                ctimer_init
                0x000000000001069b                ctimer_set
                0x00000000000106c1                ctimer_set_with_process
                0x000000000001073e                ctimer_reset
                0x0000000000010792                ctimer_restart
                0x00000000000107e6                ctimer_stop
                0x0000000000010836                ctimer_expired
 .text          0x0000000000010895       0x1b obj_cooja/mtype466.a(energest.o)
                0x0000000000010895                energest_init
                0x000000000001089b                energest_flush
                0x00000000000108a1                energest_get_total_time
 .text          0x00000000000108b0      0x43f obj_cooja/mtype466.a(etimer.o)
                0x0000000000010ad4                etimer_request_poll
                0x0000000000010b5d                etimer_set
                0x0000000000010b86                etimer_reset_with_new_interval
                0x0000000000010bb5                etimer_reset
                0x0000000000010bdb                etimer_restart
                0x0000000000010c01                etimer_adjust
                0x0000000000010c1e                etimer_expired
                0x0000000000010c31                etimer_expiration_time
                0x0000000000010c43                etimer_start_time
                0x0000000000010c4d                etimer_pending
                0x0000000000010c5f                etimer_next_expiration_time
                0x0000000000010c79                etimer_stop
 .text          0x0000000000010cef      0x394 obj_cooja/mtype466.a(log.o)
                0x0000000000010cef                log_6addr
                0x0000000000010d42                log_6addr_compact_snprint
                0x0000000000010de0                log_6addr_compact
                0x0000000000010e33                log_lladdr
                0x0000000000010ea5                log_lladdr_compact
                0x0000000000010f0d                log_set_level
                0x0000000000010fc8                log_get_level
                0x0000000000011041                log_level_to_str
 .text          0x0000000000011083      0x4fb obj_cooja/mtype466.a(process.o)
                0x0000000000011083                process_alloc_event
                0x0000000000011098                process_start
                0x0000000000011272                process_exit
                0x000000000001128f                process_init
                0x0000000000011424                process_run
                0x0000000000011457                process_nevents
                0x0000000000011472                process_post
                0x0000000000011505                process_post_synch
                0x000000000001153a                process_poll
                0x000000000001156a                process_is_running
 .text          0x000000000001157e       0xeb obj_cooja/mtype466.a(rtimer.o)
                0x000000000001157e                rtimer_init
                0x000000000001158c                rtimer_set
                0x0000000000011607                rtimer_run_next
 .text          0x0000000000011669       0x25 obj_cooja/mtype466.a(node-id.o)
                0x0000000000011669                node_id_init
 .text          0x000000000001168e       0x9c obj_cooja/mtype466.a(timer.o)
                0x000000000001168e                timer_set
                0x00000000000116ac                timer_reset
                0x00000000000116c4                timer_restart
                0x00000000000116d9                timer_expired
                0x0000000000011706                timer_remaining
 .text          0x000000000001172a      0x1eb obj_cooja/mtype466.a(serial-line.o)
                0x000000000001172a                serial_line_input_byte
                0x00000000000118e0                serial_line_init
 .text          0x0000000000011915      0x28f obj_cooja/mtype466.a(list.o)
                0x0000000000011915                list_init
                0x0000000000011924                list_head
                0x000000000001192e                list_copy
                0x000000000001193e                list_tail
                0x0000000000011974                list_add
                0x00000000000119c0                list_push
                0x00000000000119ec                list_chop
                0x0000000000011a56                list_pop
                0x0000000000011a7e                list_remove
                0x0000000000011ae6                list_length
                0x0000000000011b14                list_insert
                0x0000000000011b59                list_item_next
                0x0000000000011b70                list_contains
 .text          0x0000000000011ba4      0x156 obj_cooja/mtype466.a(ringbuf.o)
                0x0000000000011ba4                ringbuf_init
                0x0000000000011bd6                ringbuf_put
                0x0000000000011c54                ringbuf_get
                0x0000000000011cc1                ringbuf_size
                0x0000000000011cd3                ringbuf_elements
 .text          0x0000000000011cfa      0x407 obj_cooja/mtype466.a(packetbuf.o)
                0x0000000000011cfa                packetbuf_clear
                0x0000000000011d25                packetbuf_copyfrom
                0x0000000000011d74                packetbuf_copyto
                0x0000000000011e07                packetbuf_hdralloc
                0x0000000000011e83                packetbuf_hdrreduce
                0x0000000000011ec9                packetbuf_set_datalen
                0x0000000000011ee3                packetbuf_dataptr
                0x0000000000011f00                packetbuf_hdrptr
                0x0000000000011f0a                packetbuf_datalen
                0x0000000000011f16                packetbuf_hdrlen
                0x0000000000011f2d                packetbuf_totlen
                0x0000000000011f43                packetbuf_remaininglen
                0x0000000000011f56                packetbuf_attr_clear
                0x0000000000011fa2                packetbuf_attr_copyto
                0x0000000000011ffa                packetbuf_attr_copyfrom
                0x0000000000012052                packetbuf_set_attr
                0x000000000001207c                packetbuf_attr
                0x0000000000012096                packetbuf_set_addr
                0x00000000000120c7                packetbuf_addr
                0x00000000000120e4                packetbuf_holds_broadcast
 .text          0x0000000000012101       0xef obj_cooja/mtype466.a(netstack.o)
                0x0000000000012101                netstack_process_ip_callback
                0x0000000000012192                netstack_ip_packet_processor_add
                0x00000000000121b5                uip_ds6_ip_packet_processor_rm
                0x00000000000121d2                netstack_init
 .text          0x00000000000121f0       0x4f obj_cooja/mtype466.a(linkaddr.o)
                0x00000000000121f0                linkaddr_copy
                0x0000000000012206                linkaddr_cmp
                0x0000000000012229                linkaddr_set_node_addr
 .text          0x000000000001223f      0x165 obj_cooja/mtype466.a(csma.o)
 .text          0x00000000000123a4      0x944 obj_cooja/mtype466.a(csma-output.o)
                0x0000000000012a1d                csma_output_packet
                0x0000000000012caa                csma_output_init
 .text          0x0000000000012ce8      0xb25 obj_cooja/mtype466.a(uip-ds6.o)
                0x0000000000012ce8                uip_ds6_init
                0x0000000000012e93                uip_ds6_periodic
                0x0000000000012f1a                uip_ds6_list_loop
                0x0000000000012fda                uip_ds6_prefix_add
                0x0000000000013086                uip_ds6_prefix_rm
                0x0000000000013099                uip_ds6_prefix_lookup
                0x00000000000130d8                uip_ds6_is_addr_onlink
                0x000000000001314b                uip_ds6_addr_add
                0x000000000001326b                uip_ds6_addr_rm
                0x0000000000013314                uip_ds6_addr_lookup
                0x000000000001334d                uip_ds6_get_link_local
                0x00000000000133ce                uip_ds6_get_global
                0x000000000001344f                uip_ds6_maddr_add
                0x00000000000134af                uip_ds6_maddr_rm
                0x00000000000134c2                uip_ds6_maddr_lookup
                0x00000000000134fb                uip_ds6_aaddr_add
                0x000000000001355b                uip_ds6_aaddr_rm
                0x000000000001356e                uip_ds6_aaddr_lookup
                0x00000000000135a7                uip_ds6_select_src
                0x00000000000136f0                uip_ds6_set_addr_iid
                0x000000000001371b                uip_ds6_set_lladdr_from_iid
                0x0000000000013744                get_match_length
                0x00000000000137d5                uip_ds6_compute_reachable_time
 .text          0x000000000001380d      0x737 obj_cooja/mtype466.a(tcpip.o)
                0x0000000000013827                tcpip_output
                0x00000000000138b6                udp_attach
                0x00000000000138ce                udp_new
                0x0000000000013918                udp_broadcast_new
                0x0000000000013a8a                tcpip_input
                0x0000000000013c2a                tcpip_ipv6_output
                0x0000000000013e3e                tcpip_poll_udp
                0x0000000000013e5c                tcpip_uipcall
 .text          0x0000000000013f44      0x35b obj_cooja/mtype466.a(uip-ds6-route.o)
                0x0000000000013f95                uip_ds6_route_init
                0x0000000000013fbf                uip_ds6_route_nexthop
                0x0000000000013fc9                uip_ds6_route_head
                0x0000000000013fd3                uip_ds6_route_next
                0x0000000000013fdd                uip_ds6_route_is_nexthop
                0x0000000000013fe7                uip_ds6_route_num_routes
                0x0000000000013ff1                uip_ds6_route_lookup
                0x0000000000013ffb                uip_ds6_route_add
                0x000000000001400e                uip_ds6_route_rm
                0x0000000000014014                uip_ds6_route_rm_by_nexthop
                0x000000000001401a                uip_ds6_defrt_head
                0x0000000000014033                uip_ds6_defrt_add
                0x00000000000140e1                uip_ds6_defrt_rm
                0x0000000000014147                uip_ds6_defrt_lookup
                0x00000000000141ae                uip_ds6_defrt_choose
                0x0000000000014224                uip_ds6_defrt_periodic
 .text          0x000000000001429f     0x123f obj_cooja/mtype466.a(uip6.o)
                0x000000000001434e                uip_chksum
                0x000000000001442f                uip_icmp6chksum
                0x0000000000014444                uip_udpchksum
                0x0000000000014459                uip_init
                0x000000000001449d                remove_ext_hdr
                0x0000000000014582                uip_udp_new
                0x000000000001489f                uip_process
                0x00000000000153d9                uip_htons
                0x00000000000153fb                uip_htonl
                0x0000000000015439                uip_send
 .text          0x00000000000154de      0x374 obj_cooja/mtype466.a(uip-ds6-nbr.o)
                0x00000000000154de                uip_ds6_neighbors_init
                0x0000000000015502                uip_ds6_nbr_add
                0x0000000000015588                uip_ds6_nbr_rm
                0x00000000000155d3                uip_ds6_nbr_update_ll
                0x00000000000156c1                uip_ds6_nbr_get_ipaddr
                0x00000000000156d6                uip_ds6_nbr_get_ll
                0x00000000000156f2                uip_ds6_nbr_num
                0x000000000001573b                uip_ds6_nbr_head
                0x0000000000015754                uip_ds6_nbr_next
                0x0000000000015770                uip_ds6_nbr_lookup
                0x00000000000157d3                uip_ds6_nbr_ll_lookup
                0x00000000000157ef                uip_ds6_nbr_ipaddr_from_lladdr
                0x0000000000015818                uip_ds6_nbr_lladdr_from_ipaddr
                0x000000000001584c                uip_ds6_link_callback
 .text          0x0000000000015852      0x6b5 obj_cooja/mtype466.a(uip-nd6.o)
                0x0000000000015eee                uip_nd6_init
 .text          0x0000000000015f07     0x2a78 obj_cooja/mtype466.a(sicslowpan.o)
                0x0000000000016405                netstack_sniffer_add
                0x0000000000016413                netstack_sniffer_remove
                0x000000000001894b                sicslowpan_init
                0x0000000000018975                sicslowpan_get_last_rssi
 .text          0x000000000001897f      0x4d1 obj_cooja/mtype466.a(uiplib.o)
                0x000000000001897f                uiplib_ip6addrconv
                0x0000000000018b37                uiplib_ip4addrconv
                0x0000000000018bfa                uiplib_ipaddr_print
                0x0000000000018c4d                uiplib_ipaddr_snprint
 .text          0x0000000000018e50      0x4c9 obj_cooja/mtype466.a(rpl.o)
                0x0000000000018e50                rpl_lollipop_greater_than
                0x0000000000018eaa                rpl_get_global_address
                0x0000000000018fa2                rpl_link_callback
                0x0000000000018fe6                rpl_has_joined
                0x000000000001900b                rpl_is_reachable
                0x000000000001908c                rpl_reset_prefix
                0x00000000000190f6                rpl_set_prefix_from_addr
                0x00000000000191db                rpl_set_prefix
                0x00000000000192f5                rpl_set_leaf_only
                0x000000000001930d                rpl_get_leaf_only
 .text          0x0000000000019319     0x13cb obj_cooja/mtype466.a(rpl-icmp6.o)
                0x000000000001943e                rpl_icmp6_update_nbr_table
                0x00000000000194d7                rpl_icmp6_dis_output
                0x0000000000019b2d                rpl_icmp6_dio_output
                0x000000000001a33a                rpl_icmp6_dao_output
                0x000000000001a62b                rpl_icmp6_dao_ack_output
                0x000000000001a69b                rpl_icmp6_init
 .text          0x000000000001a6e4      0xe51 obj_cooja/mtype466.a(rpl-dag.o)
                0x000000000001a6e4                rpl_dag_state_to_str
                0x000000000001a723                rpl_dag_get_root_ipaddr
                0x000000000001a76b                rpl_dag_leave
                0x000000000001a7f4                rpl_dag_poison_and_leave
                0x000000000001a80c                rpl_dag_periodic
                0x000000000001a894                rpl_is_addr_in_our_dag
                0x000000000001a8d8                rpl_get_default_instance
                0x000000000001a8f4                rpl_get_any_dag
                0x000000000001a94d                rpl_refresh_routes
                0x000000000001a98d                rpl_global_repair
                0x000000000001aa19                rpl_local_repair
                0x000000000001aa63                rpl_dag_ready_to_advertise
                0x000000000001aaa6                rpl_dag_update_state
                0x000000000001b1ca                rpl_process_dio
                0x000000000001b24b                rpl_process_dis
                0x000000000001b290                rpl_process_dao
                0x000000000001b31f                rpl_process_dao_ack
                0x000000000001b3b1                rpl_process_hbh
                0x000000000001b401                rpl_dag_init_root
                0x000000000001b515                rpl_dag_init
 .text          0x000000000001b535      0x286 obj_cooja/mtype466.a(rpl-dag-root.o)
                0x000000000001b535                rpl_dag_root_print_links
                0x000000000001b683                rpl_dag_root_set_prefix
                0x000000000001b6af                rpl_dag_root_start
                0x000000000001b78c                rpl_dag_root_is_root
 .text          0x000000000001b7bb       0x1e obj_cooja/mtype466.a(watchdog.o)
                0x000000000001b7bb                watchdog_init
                0x000000000001b7c1                watchdog_start
                0x000000000001b7c7                watchdog_periodic
                0x000000000001b7cd                watchdog_stop
                0x000000000001b7d3                watchdog_reboot
 .text          0x000000000001b7d9       0xb2 obj_cooja/mtype466.a(stimer.o)
                0x000000000001b7d9                stimer_set
                0x000000000001b7f7                stimer_reset
                0x000000000001b80f                stimer_restart
                0x000000000001b824                stimer_expired
                0x000000000001b84f                stimer_remaining
                0x000000000001b873                stimer_elapsed
 .text          0x000000000001b88b      0x1b8 obj_cooja/mtype466.a(memb.o)
                0x000000000001b88b                memb_init
                0x000000000001b8e0                memb_alloc
                0x000000000001b945                memb_free
                0x000000000001b9c0                memb_inmemb
                0x000000000001b9ff                memb_numfree
 .text          0x000000000001ba43      0x2e7 obj_cooja/mtype466.a(queuebuf.o)
                0x000000000001ba4d                queuebuf_init
                0x000000000001ba76                queuebuf_numfree
                0x000000000001ba8e                queuebuf_new_from_packetbuf
                0x000000000001bb2d                queuebuf_update_attr_from_packetbuf
                0x000000000001bb62                queuebuf_update_from_packetbuf
                0x000000000001bbb2                queuebuf_free
                0x000000000001bbfb                queuebuf_to_packetbuf
                0x000000000001bc67                queuebuf_dataptr
                0x000000000001bca1                queuebuf_datalen
                0x000000000001bcc4                queuebuf_addr
                0x000000000001bcf9                queuebuf_attr
                0x000000000001bd24                queuebuf_debug_print
 .text          0x000000000001bd2a      0x78b obj_cooja/mtype466.a(nbr-table.o)
                0x000000000001c1a3                nbr_table_register
                0x000000000001c210                nbr_table_is_registered
                0x000000000001c24b                nbr_table_head
                0x000000000001c2a6                nbr_table_next
                0x000000000001c307                nbr_table_add_lladdr
                0x000000000001c3d1                nbr_table_get_from_lladdr
                0x000000000001c41d                nbr_table_remove
                0x000000000001c455                nbr_table_lock
                0x000000000001c46f                nbr_table_unlock
                0x000000000001c489                nbr_table_get_lladdr
 .text          0x000000000001c4b5      0x37c obj_cooja/mtype466.a(link-stats.o)
                0x000000000001c4b5                link_stats_from_lladdr
                0x000000000001c4d1                link_stats_is_fresh
                0x000000000001c50d                guess_etx_from_rssi
                0x000000000001c589                link_stats_packet_sent
                0x000000000001c69c                link_stats_input_callback
                0x000000000001c7ac                link_stats_reset
                0x000000000001c7fc                link_stats_init
 .text          0x000000000001c831      0x187 obj_cooja/mtype466.a(mac-sequence.o)
                0x000000000001c831                mac_sequence_is_duplicate
                0x000000000001c8d1                mac_sequence_register_seqno
 .text          0x000000000001c9b8       0x23 obj_cooja/mtype466.a(mac.o)
                0x000000000001c9b8                mac_call_sent_callback
 .text          0x000000000001c9db      0x41d obj_cooja/mtype466.a(framer-802154.o)
                0x000000000001cb6a                framer_802154_setup_params
 .text          0x000000000001cdf8      0xb6f obj_cooja/mtype466.a(frame802154.o)
                0x000000000001ce29                frame802154_get_pan_id
                0x000000000001ce35                frame802154_set_pan_id
                0x000000000001ce4f                frame802154_has_panid
                0x000000000001cffe                frame802154_check_dest_panid
                0x000000000001d086                frame802154_is_broadcast_addr
                0x000000000001d0d3                frame802154_extract_linkaddr
                0x000000000001d338                frame802154_hdrlen
                0x000000000001d3ab                frame802154_create_fcf
                0x000000000001d463                frame802154_create
                0x000000000001d5d8                frame802154_parse_fcf
                0x000000000001d6ba                frame802154_parse
 .text          0x000000000001d967      0x1ec obj_cooja/mtype466.a(uipbuf.o)
                0x000000000001d967                uipbuf_get_next_header
                0x000000000001d9d6                uipbuf_get_last_header
                0x000000000001da5d                uipbuf_get_attr
                0x000000000001da84                uipbuf_set_attr
                0x000000000001dabb                uipbuf_clear_attr
                0x000000000001dae7                uipbuf_set_attr_flag
                0x000000000001db08                uipbuf_clr_attr_flag
                0x000000000001db2f                uipbuf_is_attr_flag
 .text          0x000000000001db53      0x96e obj_cooja/mtype466.a(uip-icmp6.o)
                0x000000000001dbc8                uip_icmp6_input
                0x000000000001dc1f                uip_icmp6_register_input_handler
                0x000000000001de2b                uip_icmp6_error_output
                0x000000000001e18a                uip_icmp6_send
                0x000000000001e449                uip_icmp6_echo_reply_callback_add
                0x000000000001e47b                uip_icmp6_echo_reply_callback_rm
                0x000000000001e498                uip_icmp6_init
 .text          0x000000000001e4c1      0x69b obj_cooja/mtype466.a(uip-sr.o)
                0x000000000001e4c1                uip_sr_num_nodes
                0x000000000001e54f                uip_sr_get_node
                0x000000000001e5a6                uip_sr_is_addr_reachable
                0x000000000001e654                uip_sr_expire_parent
                0x000000000001e69d                uip_sr_update_node
                0x000000000001e7cd                uip_sr_init
                0x000000000001e801                uip_sr_node_head
                0x000000000001e81a                uip_sr_node_next
                0x000000000001e830                uip_sr_periodic
                0x000000000001e936                uip_sr_free_all
                0x000000000001e9a6                uip_sr_link_snprint
 .text          0x000000000001eb5c      0x146 obj_cooja/mtype466.a(uip-packetqueue)
                0x000000000001eb8a                uip_packetqueue_new
                0x000000000001eb99                uip_packetqueue_alloc
                0x000000000001ebf4                uip_packetqueue_free
                0x000000000001ec3b                uip_packetqueue_buf
                0x000000000001ec58                uip_packetqueue_buflen
                0x000000000001ec79                uip_packetqueue_set_buflen
 .text          0x000000000001eca2      0x1c8 obj_cooja/mtype466.a(rpl-nbr-policy.)
                0x000000000001ee27                rpl_nbr_policy_find_removable
 .text          0x000000000001ee6a      0x8ed obj_cooja/mtype466.a(rpl-neighbor.o)
                0x000000000001eee6                rpl_neighbor_snprint
                0x000000000001f193                rpl_neighbor_print_list
                0x000000000001f248                rpl_neighbor_count
                0x000000000001f2ef                rpl_neighbor_get_from_lladdr
                0x000000000001f30b                rpl_neighbor_is_acceptable_parent
                0x000000000001f33f                rpl_neighbor_get_link_metric
                0x000000000001f373                rpl_neighbor_rank_via_nbr
                0x000000000001f3a7                rpl_neighbor_get_lladdr
                0x000000000001f3c3                rpl_neighbor_get_ipaddr
                0x000000000001f3ea                rpl_neighbor_get_link_stats
                0x000000000001f411                rpl_neighbor_is_fresh
                0x000000000001f438                rpl_neighbor_is_reachable
                0x000000000001f483                rpl_neighbor_is_parent
                0x000000000001f4ad                rpl_neighbor_set_preferred_parent
                0x000000000001f539                rpl_neighbor_remove_all
                0x000000000001f588                rpl_neighbor_get_from_ipaddr
                0x000000000001f68c                rpl_neighbor_select_best
                0x000000000001f738                rpl_neighbor_init
 .text          0x000000000001f757      0xa19 obj_cooja/mtype466.a(rpl-timers.o)
                0x000000000001f757                rpl_timers_schedule_periodic_dis
                0x000000000001f8a5                rpl_timers_dio_reset
                0x000000000001f996                rpl_timers_schedule_unicast_dio
                0x000000000001fb1c                rpl_timers_schedule_dao
                0x000000000001fc56                rpl_timers_schedule_dao_ack
                0x000000000001fcdc                get_probing_delay
                0x000000000001fd10                get_probing_target
                0x000000000001fefa                rpl_schedule_probing
                0x000000000001ff28                rpl_schedule_probing_now
                0x000000000001ff92                rpl_timers_unschedule_leaving
                0x000000000001ffca                rpl_timers_schedule_leaving
                0x000000000002000b                rpl_timers_init
                0x000000000002009b                rpl_timers_stop_dag_timers
                0x0000000000020114                rpl_timers_unschedule_state_update
                0x0000000000020138                rpl_timers_schedule_state_update
 .text          0x0000000000020170     0x102c obj_cooja/mtype466.a(rpl-ext-header.)
                0x0000000000020170                rpl_ext_header_srh_get_next_hop
                0x00000000000202ec                rpl_ext_header_srh_update
                0x00000000000209e5                rpl_ext_header_hbh_update
                0x0000000000020f3a                rpl_ext_header_update
                0x0000000000020fc3                rpl_ext_header_remove
 .text          0x000000000002119c      0x31b obj_cooja/mtype466.a(rpl-mrhof.o)
 .text          0x00000000000214b7        0x0 /usr/lib/gcc/i686-linux-gnu/5/crtendS.o
 .text          0x00000000000214b7        0x0 /usr/lib/gcc/i686-linux-gnu/5/../../../i386-linux-gnu/crtn.o
 *(.gnu.warning)

.fini           0x00000000000214b8       0x14
 *(SORT(.fini))
 .fini          0x00000000000214b8        0xf /usr/lib/gcc/i686-linux-gnu/5/../../../i386-linux-gnu/crti.o
                0x00000000000214b8                _fini
 .fini          0x00000000000214c7        0x5 /usr/lib/gcc/i686-linux-gnu/5/../../../i386-linux-gnu/crtn.o
                [!provide]                        PROVIDE (__etext, .)
                [!provide]                        PROVIDE (_etext, .)
                [!provide]                        PROVIDE (etext, .)

.rodata         0x00000000000214e0      0x740
 *(.rodata .rodata.* .gnu.linkonce.r.*)
 .rodata        0x00000000000214e0       0x37 hello-world.o
                0x00000000000214fc                autostart_processes
 *fill*         0x0000000000021517        0x1 
 .rodata        0x0000000000021518        0x8 obj_cooja/mtype466.a(beep.o)
                0x0000000000021518                beep_interface
 .rodata        0x0000000000021520       0x20 obj_cooja/mtype466.a(button-sensor.o)
                0x0000000000021520                button_interface
                0x0000000000021530                button_sensor
 .rodata        0x0000000000021540        0x8 obj_cooja/mtype466.a(leds-arch.o)
                0x0000000000021540                leds_interface
 .rodata        0x0000000000021548        0x8 obj_cooja/mtype466.a(moteid.o)
                0x0000000000021548                moteid_interface
 .rodata        0x0000000000021550       0x1c obj_cooja/mtype466.a(pir-sensor.o)
                0x0000000000021550                pir_interface
                0x000000000002155c                pir_sensor
 .rodata        0x000000000002156c        0xe obj_cooja/mtype466.a(rs232.o)
                0x000000000002156c                rs232_interface
 *fill*         0x000000000002157a        0x2 
 .rodata        0x000000000002157c       0x24 obj_cooja/mtype466.a(vib-sensor.o)
                0x000000000002157c                vib_interface
                0x0000000000021590                vib_sensor
 .rodata        0x00000000000215a0        0x8 obj_cooja/mtype466.a(clock.o)
                0x00000000000215a0                clock_interface
 .rodata        0x00000000000215a8        0x8 obj_cooja/mtype466.a(cooja-log.o)
                0x00000000000215a8                simlog_interface
 .rodata        0x00000000000215b0       0x2f obj_cooja/mtype466.a(cfs-cooja.o)
                0x00000000000215b0                cfs_interface
 *fill*         0x00000000000215df        0x1 
 .rodata        0x00000000000215e0       0x58 obj_cooja/mtype466.a(cooja-radio.o)
                0x00000000000215e0                radio_interface
                0x0000000000021600                cooja_radio_driver
 .rodata        0x0000000000021638        0x8 obj_cooja/mtype466.a(eeprom.o)
                0x0000000000021638                eeprom_interface
 .rodata        0x0000000000021640        0x8 obj_cooja/mtype466.a(sensors.o)
 .rodata        0x0000000000021648       0xf8 obj_cooja/mtype466.a(contiki-main.o)
 .rodata        0x0000000000021740        0xf obj_cooja/mtype466.a(ctimer.o)
 .rodata        0x000000000002174f        0xc obj_cooja/mtype466.a(etimer.o)
 *fill*         0x000000000002175b        0x1 
 .rodata        0x000000000002175c       0xc0 obj_cooja/mtype466.a(log.o)
 .rodata        0x000000000002181c        0xe obj_cooja/mtype466.a(serial-line.o)
 *fill*         0x000000000002182a        0x2 
 .rodata        0x000000000002182c        0x8 obj_cooja/mtype466.a(linkaddr.o)
                0x000000000002182c                linkaddr_null
 .rodata        0x0000000000021834       0x20 obj_cooja/mtype466.a(csma.o)
                0x000000000002183c                csma_driver
 .rodata        0x0000000000021854        0xd obj_cooja/mtype466.a(tcpip.o)
 *fill*         0x0000000000021861        0x3 
 .rodata        0x0000000000021864       0x4d obj_cooja/mtype466.a(uip-ds6-route.o)
 *fill*         0x00000000000218b1        0x3 
 .rodata        0x00000000000218b4       0xf4 obj_cooja/mtype466.a(uip6.o)
 .rodata        0x00000000000219a8       0x30 obj_cooja/mtype466.a(sicslowpan.o)
                0x00000000000219a8                unc_llconf
                0x00000000000219ac                unc_ctxconf
                0x00000000000219b0                unc_mxconf
                0x00000000000219b4                llprefix
                0x00000000000219c8                sicslowpan_driver
 .rodata        0x00000000000219d8       0x2d obj_cooja/mtype466.a(uiplib.o)
 *fill*         0x0000000000021a05       0x1b 
 .rodata        0x0000000000021a20       0x70 obj_cooja/mtype466.a(rpl.o)
                0x0000000000021a40                rpl_lite_driver
 .rodata        0x0000000000021a90       0xdb obj_cooja/mtype466.a(rpl-dag.o)
 *fill*         0x0000000000021b6b        0x1 
 .rodata        0x0000000000021b6c        0xc obj_cooja/mtype466.a(framer-802154.o)
                0x0000000000021b6c                framer_802154
 .rodata        0x0000000000021b78       0x44 obj_cooja/mtype466.a(uip-sr.o)
 .rodata        0x0000000000021bbc       0x58 obj_cooja/mtype466.a(rpl-neighbor.o)
 .rodata        0x0000000000021c14        0xc obj_cooja/mtype466.a(rpl-timers.o)

.rodata1
 *(.rodata1)

.eh_frame_hdr   0x0000000000021c20     0x13a4
 *(.eh_frame_hdr)
 .eh_frame_hdr  0x0000000000021c20     0x13a4 hello-world.o
                0x0000000000021c20                __GNU_EH_FRAME_HDR
 *(.eh_frame_entry .eh_frame_entry.*)

.eh_frame       0x0000000000022fc4     0x4f74
 *(.eh_frame)
 .eh_frame      0x0000000000022fc4       0x3c /usr/lib/gcc/i686-linux-gnu/5/../../../i386-linux-gnu/crti.o
                                         0x40 (size before relaxing)
 .eh_frame      0x0000000000023000       0x20 hello-world.o
                                         0x38 (size before relaxing)
 .eh_frame      0x0000000000023020      0x178 obj_cooja/mtype466.o
                                        0x190 (size before relaxing)
 .eh_frame      0x0000000000023198       0x40 obj_cooja/mtype466.a(simEnvChange.o)
                                         0x58 (size before relaxing)
 .eh_frame      0x00000000000231d8       0x60 obj_cooja/mtype466.a(cooja_mt.o)
                                         0x78 (size before relaxing)
 .eh_frame      0x0000000000023238       0x80 obj_cooja/mtype466.a(cooja_mtarch.o)
                                         0x98 (size before relaxing)
 .eh_frame      0x00000000000232b8       0xc8 obj_cooja/mtype466.a(rtimer-arch.o)
                                         0xe0 (size before relaxing)
 .eh_frame      0x0000000000023380      0x160 obj_cooja/mtype466.a(beep.o)
                                        0x178 (size before relaxing)
 .eh_frame      0x00000000000234e0       0xa0 obj_cooja/mtype466.a(button-sensor.o)
                                         0xb8 (size before relaxing)
 .eh_frame      0x0000000000023580       0xa0 obj_cooja/mtype466.a(leds-arch.o)
                                         0xb8 (size before relaxing)
 .eh_frame      0x0000000000023620       0x40 obj_cooja/mtype466.a(moteid.o)
                                         0x58 (size before relaxing)
 .eh_frame      0x0000000000023660       0xa0 obj_cooja/mtype466.a(pir-sensor.o)
                                         0xb8 (size before relaxing)
 .eh_frame      0x0000000000023700      0x100 obj_cooja/mtype466.a(rs232.o)
                                        0x118 (size before relaxing)
 .eh_frame      0x0000000000023800       0xa0 obj_cooja/mtype466.a(vib-sensor.o)
                                         0xb8 (size before relaxing)
 .eh_frame      0x00000000000238a0       0xc0 obj_cooja/mtype466.a(clock.o)
                                         0xd8 (size before relaxing)
 .eh_frame      0x0000000000023960      0x120 obj_cooja/mtype466.a(cooja-log.o)
                                        0x138 (size before relaxing)
 .eh_frame      0x0000000000023a80      0x160 obj_cooja/mtype466.a(cfs-cooja.o)
                                        0x178 (size before relaxing)
 .eh_frame      0x0000000000023be0      0x340 obj_cooja/mtype466.a(cooja-radio.o)
                                        0x358 (size before relaxing)
 .eh_frame      0x0000000000023f20       0xa0 obj_cooja/mtype466.a(eeprom.o)
                                         0xb8 (size before relaxing)
 .eh_frame      0x0000000000023fc0       0x40 obj_cooja/mtype466.a(random.o)
                                         0x58 (size before relaxing)
 .eh_frame      0x0000000000024000       0xc0 obj_cooja/mtype466.a(sensors.o)
                                         0xd8 (size before relaxing)
 .eh_frame      0x00000000000240c0       0x30 obj_cooja/mtype466.a(contiki-main.o)
                                         0x48 (size before relaxing)
 .eh_frame      0x00000000000240f0       0x40 obj_cooja/mtype466.a(autostart.o)
                                         0x58 (size before relaxing)
 .eh_frame      0x0000000000024130      0x100 obj_cooja/mtype466.a(ctimer.o)
                                        0x118 (size before relaxing)
 .eh_frame      0x0000000000024230       0x60 obj_cooja/mtype466.a(energest.o)
                                         0x78 (size before relaxing)
 .eh_frame      0x0000000000024290      0x1e0 obj_cooja/mtype466.a(etimer.o)
                                        0x1f8 (size before relaxing)
 .eh_frame      0x0000000000024470      0x100 obj_cooja/mtype466.a(log.o)
                                        0x118 (size before relaxing)
 .eh_frame      0x0000000000024570      0x1c4 obj_cooja/mtype466.a(process.o)
                                        0x1dc (size before relaxing)
 .eh_frame      0x0000000000024734       0x60 obj_cooja/mtype466.a(rtimer.o)
                                         0x78 (size before relaxing)
 .eh_frame      0x0000000000024794       0x20 obj_cooja/mtype466.a(node-id.o)
                                         0x38 (size before relaxing)
 .eh_frame      0x00000000000247b4       0xa4 obj_cooja/mtype466.a(timer.o)
                                         0xbc (size before relaxing)
 .eh_frame      0x0000000000024858       0x60 obj_cooja/mtype466.a(serial-line.o)
                                         0x78 (size before relaxing)
 .eh_frame      0x00000000000248b8      0x1a0 obj_cooja/mtype466.a(list.o)
                                        0x1b8 (size before relaxing)
 .eh_frame      0x0000000000024a58       0xa0 obj_cooja/mtype466.a(ringbuf.o)
                                         0xb8 (size before relaxing)
 .eh_frame      0x0000000000024af8      0x28c obj_cooja/mtype466.a(packetbuf.o)
                                        0x2a4 (size before relaxing)
 .eh_frame      0x0000000000024d84       0x80 obj_cooja/mtype466.a(netstack.o)
                                         0x98 (size before relaxing)
 .eh_frame      0x0000000000024e04       0x60 obj_cooja/mtype466.a(linkaddr.o)
                                         0x78 (size before relaxing)
 .eh_frame      0x0000000000024e64       0xa0 obj_cooja/mtype466.a(csma.o)
                                         0xb8 (size before relaxing)
 .eh_frame      0x0000000000024f04      0x1d4 obj_cooja/mtype466.a(csma-output.o)
                                        0x1ec (size before relaxing)
 .eh_frame      0x00000000000250d8      0x2e8 obj_cooja/mtype466.a(uip-ds6.o)
                                        0x300 (size before relaxing)
 .eh_frame      0x00000000000253c0      0x244 obj_cooja/mtype466.a(tcpip.o)
                                        0x25c (size before relaxing)
 .eh_frame      0x0000000000025604      0x220 obj_cooja/mtype466.a(uip-ds6-route.o)
                                        0x238 (size before relaxing)
 .eh_frame      0x0000000000025824      0x1a8 obj_cooja/mtype466.a(uip6.o)
                                        0x1c0 (size before relaxing)
 .eh_frame      0x00000000000259cc      0x1c0 obj_cooja/mtype466.a(uip-ds6-nbr.o)
                                        0x1d8 (size before relaxing)
 .eh_frame      0x0000000000025b8c       0x84 obj_cooja/mtype466.a(uip-nd6.o)
                                         0x9c (size before relaxing)
 .eh_frame      0x0000000000025c10      0x2f8 obj_cooja/mtype466.a(sicslowpan.o)
                                        0x310 (size before relaxing)
 .eh_frame      0x0000000000025f08       0x88 obj_cooja/mtype466.a(uiplib.o)
                                         0xa0 (size before relaxing)
 .eh_frame      0x0000000000025f90      0x1e0 obj_cooja/mtype466.a(rpl.o)
                                        0x1f8 (size before relaxing)
 .eh_frame      0x0000000000026170      0x1c4 obj_cooja/mtype466.a(rpl-icmp6.o)
                                        0x1dc (size before relaxing)
 .eh_frame      0x0000000000026334      0x370 obj_cooja/mtype466.a(rpl-dag.o)
                                        0x388 (size before relaxing)
 .eh_frame      0x00000000000266a4       0xa0 obj_cooja/mtype466.a(rpl-dag-root.o)
                                         0xb8 (size before relaxing)
 .eh_frame      0x0000000000026744       0xa0 obj_cooja/mtype466.a(watchdog.o)
                                         0xb8 (size before relaxing)
 .eh_frame      0x00000000000267e4       0xc4 obj_cooja/mtype466.a(stimer.o)
                                         0xdc (size before relaxing)
 .eh_frame      0x00000000000268a8       0xa0 obj_cooja/mtype466.a(memb.o)
                                         0xb8 (size before relaxing)
 .eh_frame      0x0000000000026948      0x1a0 obj_cooja/mtype466.a(queuebuf.o)
                                        0x1b8 (size before relaxing)
 .eh_frame      0x0000000000026ae8      0x2ac obj_cooja/mtype466.a(nbr-table.o)
                                        0x2c4 (size before relaxing)
 .eh_frame      0x0000000000026d94      0x100 obj_cooja/mtype466.a(link-stats.o)
                                        0x118 (size before relaxing)
 .eh_frame      0x0000000000026e94       0x48 obj_cooja/mtype466.a(mac-sequence.o)
                                         0x60 (size before relaxing)
 .eh_frame      0x0000000000026edc       0x20 obj_cooja/mtype466.a(mac.o)
                                         0x38 (size before relaxing)
 .eh_frame      0x0000000000026efc       0xa4 obj_cooja/mtype466.a(framer-802154.o)
                                         0xbc (size before relaxing)
 .eh_frame      0x0000000000026fa0      0x1a4 obj_cooja/mtype466.a(frame802154.o)
                                        0x1bc (size before relaxing)
 .eh_frame      0x0000000000027144      0x100 obj_cooja/mtype466.a(uipbuf.o)
                                        0x118 (size before relaxing)
 .eh_frame      0x0000000000027244      0x160 obj_cooja/mtype466.a(uip-icmp6.o)
                                        0x178 (size before relaxing)
 .eh_frame      0x00000000000273a4      0x184 obj_cooja/mtype466.a(uip-sr.o)
                                        0x19c (size before relaxing)
 .eh_frame      0x0000000000027528       0xe0 obj_cooja/mtype466.a(uip-packetqueue)
                                         0xf8 (size before relaxing)
 .eh_frame      0x0000000000027608       0x80 obj_cooja/mtype466.a(rpl-nbr-policy.)
                                         0x98 (size before relaxing)
 .eh_frame      0x0000000000027688      0x2d4 obj_cooja/mtype466.a(rpl-neighbor.o)
                                        0x2ec (size before relaxing)
 .eh_frame      0x000000000002795c      0x368 obj_cooja/mtype466.a(rpl-timers.o)
                                        0x380 (size before relaxing)
 .eh_frame      0x0000000000027cc4      0x128 obj_cooja/mtype466.a(rpl-ext-header.)
                                        0x140 (size before relaxing)
 .eh_frame      0x0000000000027dec      0x148 obj_cooja/mtype466.a(rpl-mrhof.o)
                                        0x160 (size before relaxing)
 .eh_frame      0x0000000000027f34        0x4 /usr/lib/gcc/i686-linux-gnu/5/crtendS.o
 *(.eh_frame.*)

.gcc_except_table
 *(.gcc_except_table .gcc_except_table.*)

.gnu_extab
 *(.gnu_extab*)

.exception_ranges
 *(.exception_ranges .exception_ranges*)
                0x0000000000029f10                . = DATA_SEGMENT_ALIGN (0x1000, 0x1000)

.eh_frame
 *(.eh_frame)
 *(.eh_frame.*)

.gnu_extab
 *(.gnu_extab)

.gcc_except_table
 *(.gcc_except_table .gcc_except_table.*)

.exception_ranges
 *(.exception_ranges .exception_ranges*)

.tdata
 *(.tdata .tdata.* .gnu.linkonce.td.*)

.tbss
 *(.tbss .tbss.* .gnu.linkonce.tb.*)
 *(.tcommon)

.preinit_array
 *(.preinit_array)

.init_array     0x0000000000029f10        0x4
 *(SORT(.init_array.*) SORT(.ctors.*))
 *(.init_array EXCLUDE_FILE(*crtend?.o *crtend.o *crtbegin?.o *crtbegin.o) .ctors)
 .init_array    0x0000000000029f10        0x4 /usr/lib/gcc/i686-linux-gnu/5/crtbeginS.o

.fini_array     0x0000000000029f14        0x4
 *(SORT(.fini_array.*) SORT(.dtors.*))
 *(.fini_array EXCLUDE_FILE(*crtend?.o *crtend.o *crtbegin?.o *crtbegin.o) .dtors)
 .fini_array    0x0000000000029f14        0x4 /usr/lib/gcc/i686-linux-gnu/5/crtbeginS.o

.ctors
 *crtbegin.o(.ctors)
 *crtbegin?.o(.ctors)
 *(EXCLUDE_FILE(*crtend?.o *crtend.o) .ctors)
 *(SORT(.ctors.*))
 *(.ctors)

.dtors
 *crtbegin.o(.dtors)
 *crtbegin?.o(.dtors)
 *(EXCLUDE_FILE(*crtend?.o *crtend.o) .dtors)
 *(SORT(.dtors.*))
 *(.dtors)

.jcr            0x0000000000029f18        0x4
 *(.jcr)
 .jcr           0x0000000000029f18        0x0 /usr/lib/gcc/i686-linux-gnu/5/crtbeginS.o
 .jcr           0x0000000000029f18        0x4 /usr/lib/gcc/i686-linux-gnu/5/crtendS.o

.data.rel.ro
 *(.data.rel.ro.local* .gnu.linkonce.d.rel.ro.local.*)
 *(.data.rel.ro .data.rel.ro.* .gnu.linkonce.d.rel.ro.*)

.dynamic        0x0000000000029f1c       0xd0
 *(.dynamic)
 .dynamic       0x0000000000029f1c       0xd0 /usr/lib/gcc/i686-linux-gnu/5/../../../i386-linux-gnu/crti.o
                0x0000000000029f1c                _DYNAMIC

.got            0x0000000000029fec       0x14
 *(.got)
 .got           0x0000000000029fec       0x14 /usr/lib/gcc/i686-linux-gnu/5/../../../i386-linux-gnu/crti.o
 *(.igot)
                0x000000000002aff4                . = DATA_SEGMENT_RELRO_END (., (SIZEOF (.got.plt) >= 0xc)?0xc:0x0)

.got.plt        0x000000000002a000        0xc
 *(.got.plt)
 .got.plt       0x000000000002a000        0xc /usr/lib/gcc/i686-linux-gnu/5/../../../i386-linux-gnu/crti.o
                0x000000000002a000                _GLOBAL_OFFSET_TABLE_
 *(.igot.plt)

.data           0x000000000002a020      0x304
 *(.data .data.* .gnu.linkonce.d.*)
 .data          0x000000000002a020        0x0 /usr/lib/gcc/i686-linux-gnu/5/../../../i386-linux-gnu/crti.o
 .data          0x000000000002a020        0x0 /usr/lib/gcc/i686-linux-gnu/5/crtbeginS.o
 .data.rel.local
                0x000000000002a020        0x4 /usr/lib/gcc/i686-linux-gnu/5/crtbeginS.o
                0x000000000002a020                __dso_handle
 .data          0x000000000002a024       0x10 hello-world.o
                0x000000000002a024                test_serial
 *fill*         0x000000000002a034        0xc 
 .data          0x000000000002a040       0x44 obj_cooja/mtype466.o
                0x000000000002a040                simInterfaces
                0x000000000002a074                sensors
 .data          0x000000000002a084        0x0 obj_cooja/mtype466.a(simEnvChange.o)
 .data          0x000000000002a084        0x0 obj_cooja/mtype466.a(cooja_mt.o)
 .data          0x000000000002a084        0x0 obj_cooja/mtype466.a(cooja_mtarch.o)
 .data          0x000000000002a084        0x0 obj_cooja/mtype466.a(rtimer-arch.o)
 .data          0x000000000002a084        0x0 obj_cooja/mtype466.a(beep.o)
 .data          0x000000000002a084        0x0 obj_cooja/mtype466.a(button-sensor.o)
 .data          0x000000000002a084        0x0 obj_cooja/mtype466.a(leds-arch.o)
 .data          0x000000000002a084        0x0 obj_cooja/mtype466.a(moteid.o)
 .data          0x000000000002a084        0x0 obj_cooja/mtype466.a(pir-sensor.o)
 .data          0x000000000002a084        0x0 obj_cooja/mtype466.a(rs232.o)
 .data          0x000000000002a084        0x0 obj_cooja/mtype466.a(vib-sensor.o)
 .data          0x000000000002a084        0x0 obj_cooja/mtype466.a(clock.o)
 .data          0x000000000002a084        0x0 obj_cooja/mtype466.a(cooja-log.o)
 .data          0x000000000002a084        0x0 obj_cooja/mtype466.a(cfs-cooja.o)
 .data          0x000000000002a084       0x2c obj_cooja/mtype466.a(cooja-radio.o)
                0x000000000002a084                simRadioHWOn
                0x000000000002a088                simSignalStrength
                0x000000000002a08c                simLastSignalStrength
                0x000000000002a090                simPower
                0x000000000002a094                simRadioChannel
                0x000000000002a098                simLQI
                0x000000000002a0a0                cooja_radio_process
 .data          0x000000000002a0b0        0x0 obj_cooja/mtype466.a(eeprom.o)
 .data          0x000000000002a0b0        0x0 obj_cooja/mtype466.a(random.o)
 .data          0x000000000002a0b0       0x10 obj_cooja/mtype466.a(sensors.o)
                0x000000000002a0b0                sensors_process
 .data          0x000000000002a0c0        0x0 obj_cooja/mtype466.a(contiki-main.o)
 .data          0x000000000002a0c0        0x0 obj_cooja/mtype466.a(autostart.o)
 .data          0x000000000002a0c0       0x14 obj_cooja/mtype466.a(ctimer.o)
                0x000000000002a0c4                ctimer_process
 .data          0x000000000002a0d4        0x0 obj_cooja/mtype466.a(energest.o)
 .data          0x000000000002a0d4       0x10 obj_cooja/mtype466.a(etimer.o)
                0x000000000002a0d4                etimer_process
 *fill*         0x000000000002a0e4       0x1c 
 .data          0x000000000002a100       0xb0 obj_cooja/mtype466.a(log.o)
                0x000000000002a100                curr_log_level_main
                0x000000000002a120                all_modules
 .data          0x000000000002a1b0        0x0 obj_cooja/mtype466.a(process.o)
 .data          0x000000000002a1b0        0x0 obj_cooja/mtype466.a(rtimer.o)
 .data          0x000000000002a1b0        0x0 obj_cooja/mtype466.a(node-id.o)
 .data          0x000000000002a1b0        0x0 obj_cooja/mtype466.a(timer.o)
 .data          0x000000000002a1b0       0x10 obj_cooja/mtype466.a(serial-line.o)
                0x000000000002a1b0                serial_line_process
 .data          0x000000000002a1c0        0x0 obj_cooja/mtype466.a(list.o)
 .data          0x000000000002a1c0        0x0 obj_cooja/mtype466.a(ringbuf.o)
 .data          0x000000000002a1c0        0x4 obj_cooja/mtype466.a(packetbuf.o)
 .data          0x000000000002a1c4        0x4 obj_cooja/mtype466.a(netstack.o)
 .data          0x000000000002a1c8        0x0 obj_cooja/mtype466.a(linkaddr.o)
 .data          0x000000000002a1c8        0x0 obj_cooja/mtype466.a(csma.o)
 .data          0x000000000002a1c8       0x28 obj_cooja/mtype466.a(csma-output.o)
 .data          0x000000000002a1f0        0x0 obj_cooja/mtype466.a(uip-ds6.o)
 .data          0x000000000002a1f0       0x10 obj_cooja/mtype466.a(tcpip.o)
                0x000000000002a1f0                tcpip_process
 .data          0x000000000002a200       0x10 obj_cooja/mtype466.a(uip-ds6-route.o)
 .data          0x000000000002a210        0x0 obj_cooja/mtype466.a(uip6.o)
 .data          0x000000000002a210       0x14 obj_cooja/mtype466.a(uip-ds6-nbr.o)
                0x000000000002a220                ds6_neighbors
 .data          0x000000000002a224        0xc obj_cooja/mtype466.a(uip-nd6.o)
 .data          0x000000000002a230        0x0 obj_cooja/mtype466.a(sicslowpan.o)
 .data          0x000000000002a230        0x0 obj_cooja/mtype466.a(uiplib.o)
 .data          0x000000000002a230        0x0 obj_cooja/mtype466.a(rpl.o)
 .data          0x000000000002a230       0x30 obj_cooja/mtype466.a(rpl-icmp6.o)
 .data          0x000000000002a260        0x0 obj_cooja/mtype466.a(rpl-dag.o)
 .data          0x000000000002a260        0x0 obj_cooja/mtype466.a(rpl-dag-root.o)
 .data          0x000000000002a260        0x0 obj_cooja/mtype466.a(watchdog.o)
 .data          0x000000000002a260        0x0 obj_cooja/mtype466.a(stimer.o)
 .data          0x000000000002a260        0x0 obj_cooja/mtype466.a(memb.o)
 .data          0x000000000002a260       0x18 obj_cooja/mtype466.a(queuebuf.o)
 .data          0x000000000002a278       0x10 obj_cooja/mtype466.a(nbr-table.o)
 .data          0x000000000002a288       0x14 obj_cooja/mtype466.a(link-stats.o)
 .data          0x000000000002a29c        0x0 obj_cooja/mtype466.a(mac-sequence.o)
 .data          0x000000000002a29c        0x0 obj_cooja/mtype466.a(mac.o)
 .data          0x000000000002a29c        0x0 obj_cooja/mtype466.a(framer-802154.o)
 .data          0x000000000002a29c        0x2 obj_cooja/mtype466.a(frame802154.o)
 .data          0x000000000002a29e        0x0 obj_cooja/mtype466.a(uipbuf.o)
 *fill*         0x000000000002a29e        0x2 
 .data          0x000000000002a2a0       0x20 obj_cooja/mtype466.a(uip-icmp6.o)
 .data          0x000000000002a2c0       0x10 obj_cooja/mtype466.a(uip-sr.o)
 .data          0x000000000002a2d0        0xc obj_cooja/mtype466.a(uip-packetqueue)
 .data          0x000000000002a2dc        0x0 obj_cooja/mtype466.a(rpl-nbr-policy.)
 .data          0x000000000002a2dc       0x14 obj_cooja/mtype466.a(rpl-neighbor.o)
                0x000000000002a2ec                rpl_neighbors
 .data          0x000000000002a2f0        0x0 obj_cooja/mtype466.a(rpl-timers.o)
 .data          0x000000000002a2f0        0x0 obj_cooja/mtype466.a(rpl-ext-header.)
 *fill*         0x000000000002a2f0       0x10 
 .data          0x000000000002a300       0x24 obj_cooja/mtype466.a(rpl-mrhof.o)
                0x000000000002a300                rpl_mrhof
 .data          0x000000000002a324        0x0 /usr/lib/gcc/i686-linux-gnu/5/crtendS.o
 .data          0x000000000002a324        0x0 /usr/lib/gcc/i686-linux-gnu/5/../../../i386-linux-gnu/crtn.o

.tm_clone_table
                0x000000000002a324        0x0
 .tm_clone_table
                0x000000000002a324        0x0 /usr/lib/gcc/i686-linux-gnu/5/crtbeginS.o
 .tm_clone_table
                0x000000000002a324        0x0 /usr/lib/gcc/i686-linux-gnu/5/crtendS.o

.data1
 *(.data1)
                0x000000000002a324                _edata = .
                [!provide]                        PROVIDE (edata, .)
                0x000000000002a324                . = .
                0x000000000002a324                __bss_start = .

.bss            0x000000000002a340    0x137c0
 *(.dynbss)
 .dynbss        0x000000000002a340        0x0 /usr/lib/gcc/i686-linux-gnu/5/../../../i386-linux-gnu/crti.o
 *(.bss .bss.* .gnu.linkonce.b.*)
 .bss           0x000000000002a340        0x0 /usr/lib/gcc/i686-linux-gnu/5/../../../i386-linux-gnu/crti.o
 .bss           0x000000000002a340        0x1 /usr/lib/gcc/i686-linux-gnu/5/crtbeginS.o
 .bss           0x000000000002a341        0x0 hello-world.o
 *fill*         0x000000000002a341       0x1f 
 .bss           0x000000000002a360     0x2030 obj_cooja/mtype466.o
 .bss           0x000000000002c390        0x1 obj_cooja/mtype466.a(simEnvChange.o)
                0x000000000002c390                simDontFallAsleep
 *fill*         0x000000000002c391        0x3 
 .bss           0x000000000002c394        0x4 obj_cooja/mtype466.a(cooja_mt.o)
 .bss           0x000000000002c398        0x4 obj_cooja/mtype466.a(cooja_mtarch.o)
 .bss           0x000000000002c39c        0x0 obj_cooja/mtype466.a(rtimer-arch.o)
 .bss           0x000000000002c39c        0x0 obj_cooja/mtype466.a(beep.o)
 .bss           0x000000000002c39c        0x8 obj_cooja/mtype466.a(button-sensor.o)
 .bss           0x000000000002c3a4        0x0 obj_cooja/mtype466.a(leds-arch.o)
 .bss           0x000000000002c3a4        0x0 obj_cooja/mtype466.a(moteid.o)
 .bss           0x000000000002c3a4        0x1 obj_cooja/mtype466.a(pir-sensor.o)
                0x000000000002c3a4                simPirValue
 *fill*         0x000000000002c3a5        0x3 
 .bss           0x000000000002c3a8        0x4 obj_cooja/mtype466.a(rs232.o)
 .bss           0x000000000002c3ac        0x1 obj_cooja/mtype466.a(vib-sensor.o)
                0x000000000002c3ac                simVibValue
 .bss           0x000000000002c3ad        0x0 obj_cooja/mtype466.a(clock.o)
 *fill*         0x000000000002c3ad       0x13 
 .bss           0x000000000002c3c0     0x2020 obj_cooja/mtype466.a(cooja-log.o)
 .bss           0x000000000002e3e0      0xfc0 obj_cooja/mtype466.a(cfs-cooja.o)
                0x000000000002e3e0                simCFSData
                0x000000000002f380                simCFSSize
                0x000000000002f384                simCFSChanged
                0x000000000002f388                simCFSRead
                0x000000000002f38c                simCFSWritten
 .bss           0x000000000002f3a0       0x24 obj_cooja/mtype466.a(cooja-radio.o)
                0x000000000002f3a0                simReceiving
                0x000000000002f3a4                simInSize
                0x000000000002f3a8                simLastPacketTimestamp
                0x000000000002f3b0                simOutSize
 .bss           0x000000000002f3c4        0xc obj_cooja/mtype466.a(eeprom.o)
                0x000000000002f3c4                simEEPROMChanged
                0x000000000002f3c8                simEEPROMRead
                0x000000000002f3cc                simEEPROMWritten
 .bss           0x000000000002f3d0        0x0 obj_cooja/mtype466.a(random.o)
 .bss           0x000000000002f3d0        0xc obj_cooja/mtype466.a(sensors.o)
 .bss           0x000000000002f3dc        0x0 obj_cooja/mtype466.a(contiki-main.o)
 .bss           0x000000000002f3dc        0x0 obj_cooja/mtype466.a(autostart.o)
 .bss           0x000000000002f3dc        0x5 obj_cooja/mtype466.a(ctimer.o)
 .bss           0x000000000002f3e1        0x0 obj_cooja/mtype466.a(energest.o)
 *fill*         0x000000000002f3e1        0x3 
 .bss           0x000000000002f3e4        0x8 obj_cooja/mtype466.a(etimer.o)
 .bss           0x000000000002f3ec       0x28 obj_cooja/mtype466.a(log.o)
                0x000000000002f3ec                curr_log_level_rpl
                0x000000000002f3f0                curr_log_level_tcpip
                0x000000000002f3f4                curr_log_level_ipv6
                0x000000000002f3f8                curr_log_level_6lowpan
                0x000000000002f3fc                curr_log_level_nullnet
                0x000000000002f400                curr_log_level_mac
                0x000000000002f404                curr_log_level_framer
                0x000000000002f408                curr_log_level_6top
                0x000000000002f40c                curr_log_level_coap
                0x000000000002f410                curr_log_level_lwm2m
 *fill*         0x000000000002f414        0xc 
 .bss           0x000000000002f420      0x1a1 obj_cooja/mtype466.a(process.o)
                0x000000000002f420                process_list
                0x000000000002f424                process_current
 *fill*         0x000000000002f5c1        0x3 
 .bss           0x000000000002f5c4        0x4 obj_cooja/mtype466.a(rtimer.o)
 .bss           0x000000000002f5c8        0x2 obj_cooja/mtype466.a(node-id.o)
                0x000000000002f5c8                node_id
 .bss           0x000000000002f5ca        0x0 obj_cooja/mtype466.a(timer.o)
 *fill*         0x000000000002f5ca       0x16 
 .bss           0x000000000002f5e0      0x140 obj_cooja/mtype466.a(serial-line.o)
 .bss           0x000000000002f720        0x0 obj_cooja/mtype466.a(list.o)
 .bss           0x000000000002f720        0x0 obj_cooja/mtype466.a(ringbuf.o)
 .bss           0x000000000002f720       0xa0 obj_cooja/mtype466.a(packetbuf.o)
 .bss           0x000000000002f7c0        0x4 obj_cooja/mtype466.a(netstack.o)
 .bss           0x000000000002f7c4        0x0 obj_cooja/mtype466.a(linkaddr.o)
 .bss           0x000000000002f7c4        0x0 obj_cooja/mtype466.a(csma.o)
 *fill*         0x000000000002f7c4       0x1c 
 .bss           0x000000000002f7e0      0x726 obj_cooja/mtype466.a(csma-output.o)
 *fill*         0x000000000002ff06        0x2 
 .bss           0x000000000002ff08       0x20 obj_cooja/mtype466.a(uip-ds6.o)
 .bss           0x000000000002ff28       0x10 obj_cooja/mtype466.a(tcpip.o)
 *fill*         0x000000000002ff38        0x8 
 .bss           0x000000000002ff40       0x60 obj_cooja/mtype466.a(uip-ds6-route.o)
 .bss           0x000000000002ffa0        0x6 obj_cooja/mtype466.a(uip6.o)
                0x000000000002ffa0                uip_ext_bitmap
                0x000000000002ffa1                uip_ext_len
                0x000000000002ffa2                uip_ext_opt_offset
 *fill*         0x000000000002ffa6       0x1a 
 .bss           0x000000000002ffc0     0x1c20 obj_cooja/mtype466.a(uip-ds6-nbr.o)
 .bss           0x0000000000031be0       0x10 obj_cooja/mtype466.a(uip-nd6.o)
 *fill*         0x0000000000031bf0       0x10 
 .bss           0x0000000000031c00      0x724 obj_cooja/mtype466.a(sicslowpan.o)
 .bss           0x0000000000032324        0x0 obj_cooja/mtype466.a(uiplib.o)
 .bss           0x0000000000032324        0x1 obj_cooja/mtype466.a(rpl.o)
 .bss           0x0000000000032325        0x0 obj_cooja/mtype466.a(rpl-icmp6.o)
 .bss           0x0000000000032325        0x0 obj_cooja/mtype466.a(rpl-dag.o)
 *fill*         0x0000000000032325        0x3 
 .bss           0x0000000000032328       0x11 obj_cooja/mtype466.a(rpl-dag-root.o)
 .bss           0x0000000000032339        0x0 obj_cooja/mtype466.a(watchdog.o)
 .bss           0x0000000000032339        0x0 obj_cooja/mtype466.a(stimer.o)
 .bss           0x0000000000032339        0x0 obj_cooja/mtype466.a(memb.o)
 *fill*         0x0000000000032339        0x7 
 .bss           0x0000000000032340     0x2c80 obj_cooja/mtype466.a(queuebuf.o)
 .bss           0x0000000000034fc0     0x1214 obj_cooja/mtype466.a(nbr-table.o)
 *fill*         0x00000000000361d4        0xc 
 .bss           0x00000000000361e0      0xe10 obj_cooja/mtype466.a(link-stats.o)
 *fill*         0x0000000000036ff0       0x10 
 .bss           0x0000000000037000      0x100 obj_cooja/mtype466.a(mac-sequence.o)
 .bss           0x0000000000037100        0x0 obj_cooja/mtype466.a(mac.o)
 .bss           0x0000000000037100        0x2 obj_cooja/mtype466.a(framer-802154.o)
 .bss           0x0000000000037102        0x0 obj_cooja/mtype466.a(frame802154.o)
 *fill*         0x0000000000037102        0x2 
 .bss           0x0000000000037104        0xc obj_cooja/mtype466.a(uipbuf.o)
 .bss           0x0000000000037110       0x18 obj_cooja/mtype466.a(uip-icmp6.o)
 *fill*         0x0000000000037128       0x18 
 .bss           0x0000000000037140     0x1d80 obj_cooja/mtype466.a(uip-sr.o)
 .bss           0x0000000000038ec0      0xa78 obj_cooja/mtype466.a(uip-packetqueue)
 .bss           0x0000000000039938        0xe obj_cooja/mtype466.a(rpl-nbr-policy.)
 *fill*         0x0000000000039946       0x1a 
 .bss           0x0000000000039960      0x960 obj_cooja/mtype466.a(rpl-neighbor.o)
 .bss           0x000000000003a2c0       0x40 obj_cooja/mtype466.a(rpl-timers.o)
 .bss           0x000000000003a300        0x0 obj_cooja/mtype466.a(rpl-ext-header.)
 .bss           0x000000000003a300        0x0 obj_cooja/mtype466.a(rpl-mrhof.o)
 .bss           0x000000000003a300        0x0 /usr/lib/gcc/i686-linux-gnu/5/crtendS.o
 .bss           0x000000000003a300        0x0 /usr/lib/gcc/i686-linux-gnu/5/../../../i386-linux-gnu/crtn.o
 *(COMMON)
 COMMON         0x000000000003a300        0x8 obj_cooja/mtype466.o
                0x000000000003a300                referenceVar
                0x000000000003a304                sensors_flags
 COMMON         0x000000000003a308        0xc obj_cooja/mtype466.a(simEnvChange.o)
                0x000000000003a308                simEtimerPending
                0x000000000003a30c                simProcessRunValue
                0x000000000003a310                simEtimerNextExpirationTime
 *fill*         0x000000000003a314        0x4 
 COMMON         0x000000000003a318       0x18 obj_cooja/mtype466.a(rtimer-arch.o)
                0x000000000003a318                simRtimerPending
                0x000000000003a320                simRtimerCurrentTicks
                0x000000000003a328                simRtimerNextExpirationTime
 COMMON         0x000000000003a330        0x1 obj_cooja/mtype466.a(beep.o)
                0x000000000003a330                simBeeped
 COMMON         0x000000000003a331        0x3 obj_cooja/mtype466.a(button-sensor.o)
                0x000000000003a331                simButtonIsActive
                0x000000000003a332                simButtonIsDown
                0x000000000003a333                simButtonChanged
 COMMON         0x000000000003a334        0x1 obj_cooja/mtype466.a(leds-arch.o)
                0x000000000003a334                simLedsValue
 *fill*         0x000000000003a335        0x3 
 COMMON         0x000000000003a338        0xc obj_cooja/mtype466.a(moteid.o)
                0x000000000003a338                simRandomSeed
                0x000000000003a33c                simMoteIDChanged
                0x000000000003a340                simMoteID
 COMMON         0x000000000003a344        0x2 obj_cooja/mtype466.a(pir-sensor.o)
                0x000000000003a344                simPirIsActive
                0x000000000003a345                simPirChanged
 *fill*         0x000000000003a346       0x1a 
 COMMON         0x000000000003a360      0x820 obj_cooja/mtype466.a(rs232.o)
                0x000000000003a360                simSerialReceivingFlag
                0x000000000003a364                simSerialReceivingLength
                0x000000000003a380                simSerialReceivingData
 COMMON         0x000000000003ab80        0x2 obj_cooja/mtype466.a(vib-sensor.o)
                0x000000000003ab80                simVibChanged
                0x000000000003ab81                simVibIsActive
 *fill*         0x000000000003ab82        0x2 
 COMMON         0x000000000003ab84        0x4 obj_cooja/mtype466.a(clock.o)
                0x000000000003ab84                simCurrentTime
 *fill*         0x000000000003ab88       0x18 
 COMMON         0x000000000003aba0     0x2020 obj_cooja/mtype466.a(cooja-log.o)
                0x000000000003aba0                simLoggedLength
                0x000000000003aba4                simLoggedFlag
                0x000000000003abc0                simLoggedData
 COMMON         0x000000000003cbc0      0x100 obj_cooja/mtype466.a(cooja-radio.o)
                0x000000000003cbc0                simOutDataBuffer
                0x000000000003cc40                simInDataBuffer
 COMMON         0x000000000003ccc0      0x400 obj_cooja/mtype466.a(eeprom.o)
                0x000000000003ccc0                simEEPROMData
 COMMON         0x000000000003d0c0        0x1 obj_cooja/mtype466.a(sensors.o)
                0x000000000003d0c0                sensors_event
 *fill*         0x000000000003d0c1        0x3 
 COMMON         0x000000000003d0c4       0x50 obj_cooja/mtype466.a(contiki-main.o)
                0x000000000003d0c4                eb_per_time_source
                0x000000000003d0d8                unicast_per_neighbor_rpl_storing
                0x000000000003d0ec                unicast_per_neighbor_rpl_ns
                0x000000000003d100                default_common
 COMMON         0x000000000003d114        0x1 obj_cooja/mtype466.a(serial-line.o)
                0x000000000003d114                serial_line_event_message
 *fill*         0x000000000003d115        0x3 
 COMMON         0x000000000003d118       0x2c obj_cooja/mtype466.a(packetbuf.o)
                0x000000000003d118                packetbuf_attrs
                0x000000000003d134                packetbuf_addrs
 COMMON         0x000000000003d144        0x8 obj_cooja/mtype466.a(linkaddr.o)
                0x000000000003d144                linkaddr_node_addr
 *fill*         0x000000000003d14c       0x14 
 COMMON         0x000000000003d160      0x181 obj_cooja/mtype466.a(uip-ds6.o)
                0x000000000003d160                uip_ds6_prefix_list
                0x000000000003d1c0                uip_ds6_timer_periodic
                0x000000000003d1d0                uip_ds6_netif_addr_list_offset
                0x000000000003d1e0                uip_ds6_if
                0x000000000003d2d8                uip_ds6_timer_ra
                0x000000000003d2e0                uip_ds6_addr_size
 COMMON         0x000000000003d2e1        0x1 obj_cooja/mtype466.a(tcpip.o)
                0x000000000003d2e1                tcpip_event
 *fill*         0x000000000003d2e2       0x1e 
 COMMON         0x000000000003d300      0x64c obj_cooja/mtype466.a(uip6.o)
                0x000000000003d300                uip_slen
                0x000000000003d304                uip_lladdr
                0x000000000003d30c                uip_appdata
                0x000000000003d310                uip_flags
                0x000000000003d320                uip_aligned_buf
                0x000000000003d820                uip_len
                0x000000000003d824                uip_sappdata
                0x000000000003d840                uip_udp_conns
                0x000000000003d940                uip_udp_conn
                0x000000000003d944                uip_next_hdr
                0x000000000003d948                uip_conn
 COMMON         0x000000000003d94c       0x10 obj_cooja/mtype466.a(rpl.o)
                0x000000000003d94c                rpl_multicast_addr
 *fill*         0x000000000003d95c        0x4 
 COMMON         0x000000000003d960      0x164 obj_cooja/mtype466.a(rpl-dag.o)
                0x000000000003d960                curr_instance
 *fill*         0x000000000003dac4       0x1c 
 COMMON         0x000000000003dae0       0x20 obj_cooja/mtype466.a(link-stats.o)
                0x000000000003dae0                periodic_timer
                0x000000000003db00                . = ALIGN ((. != 0x0)?0x4:0x1)
                0x000000000003db00                . = ALIGN (0x4)
                0x000000000003db00                . = SEGMENT_START ("ldata-segment", .)
                0x000000000003db00                . = ALIGN (0x4)
                0x000000000003db00                _end = .
                [!provide]                        PROVIDE (end, .)
                0x000000000003db00                . = DATA_SEGMENT_END (.)

.stab
 *(.stab)

.stabstr
 *(.stabstr)

.stab.excl
 *(.stab.excl)

.stab.exclstr
 *(.stab.exclstr)

.stab.index
 *(.stab.index)

.stab.indexstr
 *(.stab.indexstr)

.comment        0x0000000000000000       0x35
 *(.comment)
 .comment       0x0000000000000000       0x35 /usr/lib/gcc/i686-linux-gnu/5/crtbeginS.o
                                         0x36 (size before relaxing)
 .comment       0x0000000000000035       0x36 hello-world.o
 .comment       0x0000000000000035       0x36 obj_cooja/mtype466.o
 .comment       0x0000000000000035       0x36 obj_cooja/mtype466.a(simEnvChange.o)
 .comment       0x0000000000000035       0x36 obj_cooja/mtype466.a(cooja_mt.o)
 .comment       0x0000000000000035       0x36 obj_cooja/mtype466.a(cooja_mtarch.o)
 .comment       0x0000000000000035       0x36 obj_cooja/mtype466.a(rtimer-arch.o)
 .comment       0x0000000000000035       0x36 obj_cooja/mtype466.a(beep.o)
 .comment       0x0000000000000035       0x36 obj_cooja/mtype466.a(button-sensor.o)
 .comment       0x0000000000000035       0x36 obj_cooja/mtype466.a(leds-arch.o)
 .comment       0x0000000000000035       0x36 obj_cooja/mtype466.a(moteid.o)
 .comment       0x0000000000000035       0x36 obj_cooja/mtype466.a(pir-sensor.o)
 .comment       0x0000000000000035       0x36 obj_cooja/mtype466.a(rs232.o)
 .comment       0x0000000000000035       0x36 obj_cooja/mtype466.a(vib-sensor.o)
 .comment       0x0000000000000035       0x36 obj_cooja/mtype466.a(clock.o)
 .comment       0x0000000000000035       0x36 obj_cooja/mtype466.a(cooja-log.o)
 .comment       0x0000000000000035       0x36 obj_cooja/mtype466.a(cfs-cooja.o)
 .comment       0x0000000000000035       0x36 obj_cooja/mtype466.a(cooja-radio.o)
 .comment       0x0000000000000035       0x36 obj_cooja/mtype466.a(eeprom.o)
 .comment       0x0000000000000035       0x36 obj_cooja/mtype466.a(random.o)
 .comment       0x0000000000000035       0x36 obj_cooja/mtype466.a(sensors.o)
 .comment       0x0000000000000035       0x36 obj_cooja/mtype466.a(contiki-main.o)
 .comment       0x0000000000000035       0x36 obj_cooja/mtype466.a(autostart.o)
 .comment       0x0000000000000035       0x36 obj_cooja/mtype466.a(ctimer.o)
 .comment       0x0000000000000035       0x36 obj_cooja/mtype466.a(energest.o)
 .comment       0x0000000000000035       0x36 obj_cooja/mtype466.a(etimer.o)
 .comment       0x0000000000000035       0x36 obj_cooja/mtype466.a(log.o)
 .comment       0x0000000000000035       0x36 obj_cooja/mtype466.a(process.o)
 .comment       0x0000000000000035       0x36 obj_cooja/mtype466.a(rtimer.o)
 .comment       0x0000000000000035       0x36 obj_cooja/mtype466.a(node-id.o)
 .comment       0x0000000000000035       0x36 obj_cooja/mtype466.a(timer.o)
 .comment       0x0000000000000035       0x36 obj_cooja/mtype466.a(serial-line.o)
 .comment       0x0000000000000035       0x36 obj_cooja/mtype466.a(list.o)
 .comment       0x0000000000000035       0x36 obj_cooja/mtype466.a(ringbuf.o)
 .comment       0x0000000000000035       0x36 obj_cooja/mtype466.a(packetbuf.o)
 .comment       0x0000000000000035       0x36 obj_cooja/mtype466.a(netstack.o)
 .comment       0x0000000000000035       0x36 obj_cooja/mtype466.a(linkaddr.o)
 .comment       0x0000000000000035       0x36 obj_cooja/mtype466.a(csma.o)
 .comment       0x0000000000000035       0x36 obj_cooja/mtype466.a(csma-output.o)
 .comment       0x0000000000000035       0x36 obj_cooja/mtype466.a(uip-ds6.o)
 .comment       0x0000000000000035       0x36 obj_cooja/mtype466.a(tcpip.o)
 .comment       0x0000000000000035       0x36 obj_cooja/mtype466.a(uip-ds6-route.o)
 .comment       0x0000000000000035       0x36 obj_cooja/mtype466.a(uip6.o)
 .comment       0x0000000000000035       0x36 obj_cooja/mtype466.a(uip-ds6-nbr.o)
 .comment       0x0000000000000035       0x36 obj_cooja/mtype466.a(uip-nd6.o)
 .comment       0x0000000000000035       0x36 obj_cooja/mtype466.a(sicslowpan.o)
 .comment       0x0000000000000035       0x36 obj_cooja/mtype466.a(uiplib.o)
 .comment       0x0000000000000035       0x36 obj_cooja/mtype466.a(rpl.o)
 .comment       0x0000000000000035       0x36 obj_cooja/mtype466.a(rpl-icmp6.o)
 .comment       0x0000000000000035       0x36 obj_cooja/mtype466.a(rpl-dag.o)
 .comment       0x0000000000000035       0x36 obj_cooja/mtype466.a(rpl-dag-root.o)
 .comment       0x0000000000000035       0x36 obj_cooja/mtype466.a(watchdog.o)
 .comment       0x0000000000000035       0x36 obj_cooja/mtype466.a(stimer.o)
 .comment       0x0000000000000035       0x36 obj_cooja/mtype466.a(memb.o)
 .comment       0x0000000000000035       0x36 obj_cooja/mtype466.a(queuebuf.o)
 .comment       0x0000000000000035       0x36 obj_cooja/mtype466.a(nbr-table.o)
 .comment       0x0000000000000035       0x36 obj_cooja/mtype466.a(link-stats.o)
 .comment       0x0000000000000035       0x36 obj_cooja/mtype466.a(mac-sequence.o)
 .comment       0x0000000000000035       0x36 obj_cooja/mtype466.a(mac.o)
 .comment       0x0000000000000035       0x36 obj_cooja/mtype466.a(framer-802154.o)
 .comment       0x0000000000000035       0x36 obj_cooja/mtype466.a(frame802154.o)
 .comment       0x0000000000000035       0x36 obj_cooja/mtype466.a(uipbuf.o)
 .comment       0x0000000000000035       0x36 obj_cooja/mtype466.a(uip-icmp6.o)
 .comment       0x0000000000000035       0x36 obj_cooja/mtype466.a(uip-sr.o)
 .comment       0x0000000000000035       0x36 obj_cooja/mtype466.a(uip-packetqueue)
 .comment       0x0000000000000035       0x36 obj_cooja/mtype466.a(rpl-nbr-policy.)
 .comment       0x0000000000000035       0x36 obj_cooja/mtype466.a(rpl-neighbor.o)
 .comment       0x0000000000000035       0x36 obj_cooja/mtype466.a(rpl-timers.o)
 .comment       0x0000000000000035       0x36 obj_cooja/mtype466.a(rpl-ext-header.)
 .comment       0x0000000000000035       0x36 obj_cooja/mtype466.a(rpl-mrhof.o)
 .comment       0x0000000000000035       0x36 /usr/lib/gcc/i686-linux-gnu/5/crtendS.o

.debug
 *(.debug)

.line
 *(.line)

.debug_srcinfo
 *(.debug_srcinfo)

.debug_sfnames
 *(.debug_sfnames)

.debug_aranges  0x0000000000000000      0x8a0
 *(.debug_aranges)
 .debug_aranges
                0x0000000000000000       0x20 hello-world.o
 .debug_aranges
                0x0000000000000020       0x20 obj_cooja/mtype466.o
 .debug_aranges
                0x0000000000000040       0x20 obj_cooja/mtype466.a(simEnvChange.o)
 .debug_aranges
                0x0000000000000060       0x20 obj_cooja/mtype466.a(cooja_mt.o)
 .debug_aranges
                0x0000000000000080       0x20 obj_cooja/mtype466.a(cooja_mtarch.o)
 .debug_aranges
                0x00000000000000a0       0x20 obj_cooja/mtype466.a(rtimer-arch.o)
 .debug_aranges
                0x00000000000000c0       0x20 obj_cooja/mtype466.a(beep.o)
 .debug_aranges
                0x00000000000000e0       0x20 obj_cooja/mtype466.a(button-sensor.o)
 .debug_aranges
                0x0000000000000100       0x20 obj_cooja/mtype466.a(leds-arch.o)
 .debug_aranges
                0x0000000000000120       0x20 obj_cooja/mtype466.a(moteid.o)
 .debug_aranges
                0x0000000000000140       0x20 obj_cooja/mtype466.a(pir-sensor.o)
 .debug_aranges
                0x0000000000000160       0x20 obj_cooja/mtype466.a(rs232.o)
 .debug_aranges
                0x0000000000000180       0x20 obj_cooja/mtype466.a(vib-sensor.o)
 .debug_aranges
                0x00000000000001a0       0x20 obj_cooja/mtype466.a(clock.o)
 .debug_aranges
                0x00000000000001c0       0x20 obj_cooja/mtype466.a(cooja-log.o)
 .debug_aranges
                0x00000000000001e0       0x20 obj_cooja/mtype466.a(cfs-cooja.o)
 .debug_aranges
                0x0000000000000200       0x20 obj_cooja/mtype466.a(cooja-radio.o)
 .debug_aranges
                0x0000000000000220       0x20 obj_cooja/mtype466.a(eeprom.o)
 .debug_aranges
                0x0000000000000240       0x20 obj_cooja/mtype466.a(random.o)
 .debug_aranges
                0x0000000000000260       0x20 obj_cooja/mtype466.a(sensors.o)
 .debug_aranges
                0x0000000000000280       0x20 obj_cooja/mtype466.a(contiki-main.o)
 .debug_aranges
                0x00000000000002a0       0x20 obj_cooja/mtype466.a(autostart.o)
 .debug_aranges
                0x00000000000002c0       0x20 obj_cooja/mtype466.a(ctimer.o)
 .debug_aranges
                0x00000000000002e0       0x20 obj_cooja/mtype466.a(energest.o)
 .debug_aranges
                0x0000000000000300       0x20 obj_cooja/mtype466.a(etimer.o)
 .debug_aranges
                0x0000000000000320       0x20 obj_cooja/mtype466.a(log.o)
 .debug_aranges
                0x0000000000000340       0x20 obj_cooja/mtype466.a(process.o)
 .debug_aranges
                0x0000000000000360       0x20 obj_cooja/mtype466.a(rtimer.o)
 .debug_aranges
                0x0000000000000380       0x20 obj_cooja/mtype466.a(node-id.o)
 .debug_aranges
                0x00000000000003a0       0x20 obj_cooja/mtype466.a(timer.o)
 .debug_aranges
                0x00000000000003c0       0x20 obj_cooja/mtype466.a(serial-line.o)
 .debug_aranges
                0x00000000000003e0       0x20 obj_cooja/mtype466.a(list.o)
 .debug_aranges
                0x0000000000000400       0x20 obj_cooja/mtype466.a(ringbuf.o)
 .debug_aranges
                0x0000000000000420       0x20 obj_cooja/mtype466.a(packetbuf.o)
 .debug_aranges
                0x0000000000000440       0x20 obj_cooja/mtype466.a(netstack.o)
 .debug_aranges
                0x0000000000000460       0x20 obj_cooja/mtype466.a(linkaddr.o)
 .debug_aranges
                0x0000000000000480       0x20 obj_cooja/mtype466.a(csma.o)
 .debug_aranges
                0x00000000000004a0       0x20 obj_cooja/mtype466.a(csma-output.o)
 .debug_aranges
                0x00000000000004c0       0x20 obj_cooja/mtype466.a(uip-ds6.o)
 .debug_aranges
                0x00000000000004e0       0x20 obj_cooja/mtype466.a(tcpip.o)
 .debug_aranges
                0x0000000000000500       0x20 obj_cooja/mtype466.a(uip-ds6-route.o)
 .debug_aranges
                0x0000000000000520       0x20 obj_cooja/mtype466.a(uip6.o)
 .debug_aranges
                0x0000000000000540       0x20 obj_cooja/mtype466.a(uip-ds6-nbr.o)
 .debug_aranges
                0x0000000000000560       0x20 obj_cooja/mtype466.a(uip-nd6.o)
 .debug_aranges
                0x0000000000000580       0x20 obj_cooja/mtype466.a(sicslowpan.o)
 .debug_aranges
                0x00000000000005a0       0x20 obj_cooja/mtype466.a(uiplib.o)
 .debug_aranges
                0x00000000000005c0       0x20 obj_cooja/mtype466.a(rpl.o)
 .debug_aranges
                0x00000000000005e0       0x20 obj_cooja/mtype466.a(rpl-icmp6.o)
 .debug_aranges
                0x0000000000000600       0x20 obj_cooja/mtype466.a(rpl-dag.o)
 .debug_aranges
                0x0000000000000620       0x20 obj_cooja/mtype466.a(rpl-dag-root.o)
 .debug_aranges
                0x0000000000000640       0x20 obj_cooja/mtype466.a(watchdog.o)
 .debug_aranges
                0x0000000000000660       0x20 obj_cooja/mtype466.a(stimer.o)
 .debug_aranges
                0x0000000000000680       0x20 obj_cooja/mtype466.a(memb.o)
 .debug_aranges
                0x00000000000006a0       0x20 obj_cooja/mtype466.a(queuebuf.o)
 .debug_aranges
                0x00000000000006c0       0x20 obj_cooja/mtype466.a(nbr-table.o)
 .debug_aranges
                0x00000000000006e0       0x20 obj_cooja/mtype466.a(link-stats.o)
 .debug_aranges
                0x0000000000000700       0x20 obj_cooja/mtype466.a(mac-sequence.o)
 .debug_aranges
                0x0000000000000720       0x20 obj_cooja/mtype466.a(mac.o)
 .debug_aranges
                0x0000000000000740       0x20 obj_cooja/mtype466.a(framer-802154.o)
 .debug_aranges