Archive member included to satisfy reference by file (symbol)

obj_cooja/mtype645.a(simEnvChange.o)
                              obj_cooja/mtype645.o (simDontFallAsleep)
obj_cooja/mtype645.a(cooja_mt.o)
                              obj_cooja/mtype645.o (cooja_mt_start)
obj_cooja/mtype645.a(cooja_mtarch.o)
                              obj_cooja/mtype645.a(cooja_mt.o) (cooja_mtarch_start)
obj_cooja/mtype645.a(rtimer-arch.o)
                              obj_cooja/mtype645.o (rtimer_arch_check)
obj_cooja/mtype645.a(beep.o)  obj_cooja/mtype645.o (beep_interface)
obj_cooja/mtype645.a(button-sensor.o)
                              obj_cooja/mtype645.o (button_interface)
obj_cooja/mtype645.a(leds-arch.o)
                              obj_cooja/mtype645.o (leds_interface)
obj_cooja/mtype645.a(moteid.o)
                              obj_cooja/mtype645.o (moteid_interface)
obj_cooja/mtype645.a(pir-sensor.o)
                              obj_cooja/mtype645.o (pir_interface)
obj_cooja/mtype645.a(rs232.o)
                              obj_cooja/mtype645.o (rs232_interface)
obj_cooja/mtype645.a(vib-sensor.o)
                              obj_cooja/mtype645.o (vib_interface)
obj_cooja/mtype645.a(clock.o)
                              obj_cooja/mtype645.o (clock_interface)
obj_cooja/mtype645.a(cooja-log.o)
                              obj_cooja/mtype645.o (simlog_interface)
obj_cooja/mtype645.a(cfs-cooja.o)
                              obj_cooja/mtype645.o (cfs_interface)
obj_cooja/mtype645.a(cooja-radio.o)
                              obj_cooja/mtype645.o (radio_interface)
obj_cooja/mtype645.a(eeprom.o)
                              obj_cooja/mtype645.o (eeprom_interface)
obj_cooja/mtype645.a(random.o)
                              obj_cooja/mtype645.a(moteid.o) (random_init)
obj_cooja/mtype645.a(sensors.o)
                              obj_cooja/mtype645.a(button-sensor.o) (sensors_changed)
obj_cooja/mtype645.a(leds.o)  mqtt-demo.o (leds_on)
obj_cooja/mtype645.a(mqtt.o)  mqtt-demo.o (mqtt_disconnect)
obj_cooja/mtype645.a(contiki-main.o)
                              obj_cooja/mtype645.o (main)
obj_cooja/mtype645.a(autostart.o)
                              obj_cooja/mtype645.a(contiki-main.o) (autostart_start)
obj_cooja/mtype645.a(ctimer.o)
                              obj_cooja/mtype645.a(contiki-main.o) (ctimer_init)
obj_cooja/mtype645.a(energest.o)
                              obj_cooja/mtype645.a(contiki-main.o) (energest_init)
obj_cooja/mtype645.a(etimer.o)
                              obj_cooja/mtype645.a(contiki-main.o) (etimer_process)
obj_cooja/mtype645.a(log.o)   obj_cooja/mtype645.a(contiki-main.o) (curr_log_level_main)
obj_cooja/mtype645.a(process.o)
                              obj_cooja/mtype645.a(mqtt.o) (process_current)
obj_cooja/mtype645.a(rtimer.o)
                              obj_cooja/mtype645.a(contiki-main.o) (rtimer_init)
obj_cooja/mtype645.a(node-id.o)
                              obj_cooja/mtype645.a(contiki-main.o) (node_id)
obj_cooja/mtype645.a(timer.o)
                              mqtt-demo.o (timer_set)
obj_cooja/mtype645.a(serial-line.o)
                              mqtt-demo.o (serial_line_event_message)
obj_cooja/mtype645.a(list.o)  obj_cooja/mtype645.a(mqtt.o) (list_init)
obj_cooja/mtype645.a(ringbuf.o)
                              obj_cooja/mtype645.a(serial-line.o) (ringbuf_init)
obj_cooja/mtype645.a(packetbuf.o)
                              obj_cooja/mtype645.a(cooja-radio.o) (packetbuf_clear)
obj_cooja/mtype645.a(netstack.o)
                              obj_cooja/mtype645.a(contiki-main.o) (netstack_init)
obj_cooja/mtype645.a(linkaddr.o)
                              mqtt-demo.o (linkaddr_node_addr)
obj_cooja/mtype645.a(csma.o)  obj_cooja/mtype645.a(cooja-radio.o) (csma_driver)
obj_cooja/mtype645.a(csma-output.o)
                              obj_cooja/mtype645.a(csma.o) (csma_output_packet)
obj_cooja/mtype645.a(uip-ds6.o)
                              obj_cooja/mtype645.a(contiki-main.o) (uip_ds6_get_link_local)
obj_cooja/mtype645.a(tcp-socket.o)
                              obj_cooja/mtype645.a(mqtt.o) (tcp_socket_register)
obj_cooja/mtype645.a(tcpip.o)
                              obj_cooja/mtype645.a(tcp-socket.o) (tcpip_event)
obj_cooja/mtype645.a(uip-ds6-route.o)
                              obj_cooja/mtype645.a(uip-ds6.o) (uip_ds6_route_init)
obj_cooja/mtype645.a(uip6.o)  obj_cooja/mtype645.a(contiki-main.o) (uip_lladdr)
obj_cooja/mtype645.a(uip-ds6-nbr.o)
                              obj_cooja/mtype645.a(uip-ds6.o) (uip_ds6_neighbors_init)
obj_cooja/mtype645.a(uip-nd6.o)
                              obj_cooja/mtype645.a(uip6.o) (uip_nd6_init)
obj_cooja/mtype645.a(sicslowpan.o)
                              obj_cooja/mtype645.a(contiki-main.o) (sicslowpan_driver)
obj_cooja/mtype645.a(uiplib.o)
                              obj_cooja/mtype645.a(mqtt.o) (uiplib_ip6addrconv)
[...]
Memory Configuration

Name             Origin             Length             Attributes
*default*        0x0000000000000000 0xffffffffffffffff

Linker script and memory map

LOAD /usr/lib/gcc/i686-linux-gnu/5/../../../i386-linux-gnu/crti.o
LOAD /usr/lib/gcc/i686-linux-gnu/5/crtbeginS.o
LOAD mqtt-demo.o
LOAD obj_cooja/mtype645.o
LOAD obj_cooja/mtype645.a
LOAD /usr/lib/gcc/i686-linux-gnu/5/libgcc.a
LOAD /usr/lib/gcc/i686-linux-gnu/5/libgcc_s.so
LOAD /usr/lib/gcc/i686-linux-gnu/5/../../../i386-linux-gnu/libc.so
START GROUP
LOAD /lib/i386-linux-gnu/libc.so.6
LOAD /usr/lib/i386-linux-gnu/libc_nonshared.a
LOAD /lib/i386-linux-gnu/ld-linux.so.2
END GROUP
LOAD /usr/lib/gcc/i686-linux-gnu/5/libgcc.a
LOAD /usr/lib/gcc/i686-linux-gnu/5/libgcc_s.so
LOAD /usr/lib/gcc/i686-linux-gnu/5/crtendS.o
LOAD /usr/lib/gcc/i686-linux-gnu/5/../../../i386-linux-gnu/crtn.o
                0x0000000000000114                . = (0x0 + SIZEOF_HEADERS)

.note.gnu.build-id
                0x0000000000000114       0x24
 *(.note.gnu.build-id)
 .note.gnu.build-id
                0x0000000000000114       0x24 /usr/lib/gcc/i686-linux-gnu/5/../../../i386-linux-gnu/crti.o

.hash
 *(.hash)

.gnu.hash       0x0000000000000138     0x13d0
 *(.gnu.hash)
 .gnu.hash      0x0000000000000138     0x13d0 /usr/lib/gcc/i686-linux-gnu/5/../../../i386-linux-gnu/crti.o

.dynsym         0x0000000000001508     0x27a0
 *(.dynsym)
 .dynsym        0x0000000000001508     0x27a0 /usr/lib/gcc/i686-linux-gnu/5/../../../i386-linux-gnu/crti.o

.dynstr         0x0000000000003ca8     0x2afa
 *(.dynstr)
 .dynstr        0x0000000000003ca8     0x2afa /usr/lib/gcc/i686-linux-gnu/5/../../../i386-linux-gnu/crti.o

.gnu.version    0x00000000000067a2      0x4f4
 *(.gnu.version)
 .gnu.version   0x00000000000067a2      0x4f4 /usr/lib/gcc/i686-linux-gnu/5/../../../i386-linux-gnu/crti.o

.gnu.version_d  0x0000000000006c98        0x0
 *(.gnu.version_d)
 .gnu.version_d
                0x0000000000006c98        0x0 /usr/lib/gcc/i686-linux-gnu/5/../../../i386-linux-gnu/crti.o

.gnu.version_r  0x0000000000006c98       0x40
 *(.gnu.version_r)
 .gnu.version_r
                0x0000000000006c98       0x40 /usr/lib/gcc/i686-linux-gnu/5/../../../i386-linux-gnu/crti.o

.rel.dyn        0x0000000000006cd8     0xa2c0
 *(.rel.init)
 .rel.init      0x0000000000006cd8        0x0 /usr/lib/gcc/i686-linux-gnu/5/../../../i386-linux-gnu/crti.o
 *(.rel.text .rel.text.* .rel.gnu.linkonce.t.*)
 .rel.text      0x0000000000006cd8     0x99b8 /usr/lib/gcc/i686-linux-gnu/5/../../../i386-linux-gnu/crti.o
 *(.rel.fini)
 .rel.fini      0x0000000000010690        0x0 /usr/lib/gcc/i686-linux-gnu/5/../../../i386-linux-gnu/crti.o
 *(.rel.rodata .rel.rodata.* .rel.gnu.linkonce.r.*)
 .rel.rodata    0x0000000000010690      0x578 /usr/lib/gcc/i686-linux-gnu/5/../../../i386-linux-gnu/crti.o
 *(.rel.data.rel.ro .rel.data.rel.ro.* .rel.gnu.linkonce.d.rel.ro.*)
 *(.rel.data .rel.data.* .rel.gnu.linkonce.d.*)
 .rel.data.rel.local
                0x0000000000010c08        0x8 /usr/lib/gcc/i686-linux-gnu/5/../../../i386-linux-gnu/crti.o
 .rel.data      0x0000000000010c10      0x350 /usr/lib/gcc/i686-linux-gnu/5/../../../i386-linux-gnu/crti.o
 *(.rel.tdata .rel.tdata.* .rel.gnu.linkonce.td.*)
 *(.rel.tbss .rel.tbss.* .rel.gnu.linkonce.tb.*)
 *(.rel.ctors)
 *(.rel.dtors)
 *(.rel.got)
 .rel.got       0x0000000000010f60       0x28 /usr/lib/gcc/i686-linux-gnu/5/../../../i386-linux-gnu/crti.o
 *(.rel.bss .rel.bss.* .rel.gnu.linkonce.b.*)
 *(.rel.ifunc)
 .rel.ifunc     0x0000000000010f88        0x0 /usr/lib/gcc/i686-linux-gnu/5/../../../i386-linux-gnu/crti.o
 .rel.fini_array
                0x0000000000010f88        0x8 /usr/lib/gcc/i686-linux-gnu/5/../../../i386-linux-gnu/crti.o
 .rel.init_array
                0x0000000000010f90        0x8 /usr/lib/gcc/i686-linux-gnu/5/../../../i386-linux-gnu/crti.o

.rel.plt        0x0000000000010f98        0x0
 *(.rel.plt)
 .rel.plt       0x0000000000010f98        0x0 /usr/lib/gcc/i686-linux-gnu/5/../../../i386-linux-gnu/crti.o
 *(.rel.iplt)

.init           0x0000000000010f98       0x23
 *(SORT(.init))
 .init          0x0000000000010f98       0x1e /usr/lib/gcc/i686-linux-gnu/5/../../../i386-linux-gnu/crti.o
                0x0000000000010f98                _init
 .init          0x0000000000010fb6        0x5 /usr/lib/gcc/i686-linux-gnu/5/../../../i386-linux-gnu/crtn.o

.plt            0x0000000000010fc0       0x10
 *(.plt)
 .plt           0x0000000000010fc0       0x10 /usr/lib/gcc/i686-linux-gnu/5/../../../i386-linux-gnu/crti.o
 *(.iplt)

.plt.got        0x0000000000010fd0       0x10
 *(.plt.got)
 .plt.got       0x0000000000010fd0       0x10 /usr/lib/gcc/i686-linux-gnu/5/../../../i386-linux-gnu/crti.o

.text           0x0000000000010fe0    0x198e4
 *(.text.unlikely .text.*_unlikely .text.unlikely.*)
 .text.unlikely
                0x0000000000010fe0        0x0 /usr/lib/gcc/i686-linux-gnu/5/crtbeginS.o
 *(.text.exit .text.exit.*)
 *(.text.startup .text.startup.*)
 *(.text.hot .text.hot.*)
 *(.text .stub .text.* .gnu.linkonce.t.*)
 .text          0x0000000000010fe0        0x0 /usr/lib/gcc/i686-linux-gnu/5/../../../i386-linux-gnu/crti.o
 .gnu.linkonce.t.__x86.get_pc_thunk.bx
                0x0000000000010fe0        0x4 /usr/lib/gcc/i686-linux-gnu/5/../../../i386-linux-gnu/crti.o
                0x0000000000010fe0                __x86.get_pc_thunk.bx
 *fill*         0x0000000000010fe4        0xc 
 .text          0x0000000000010ff0      0x11c /usr/lib/gcc/i686-linux-gnu/5/crtbeginS.o
 .text.__x86.get_pc_thunk.dx
                0x000000000001110c        0x4 /usr/lib/gcc/i686-linux-gnu/5/crtbeginS.o
                0x000000000001110c                __x86.get_pc_thunk.dx
 .text          0x0000000000011110     0x10dd mqtt-demo.o
                0x0000000000011110                ipaddr_sprintf
                0x00000000000112bc                str_to_float
 .text          0x00000000000121ed      0x271 obj_cooja/mtype645.o
                0x000000000001227f                platform_init_stage_one
                0x0000000000012285                platform_init_stage_two
                0x0000000000012293                platform_init_stage_three
                0x00000000000122a6                platform_main_loop
                0x0000000000012319                Java_org_contikios_cooja_corecomm_Lib16_init
                0x0000000000012350                Java_org_contikios_cooja_corecomm_Lib16_getMemory
                0x0000000000012383                Java_org_contikios_cooja_corecomm_Lib16_setMemory
                0x00000000000123e3                Java_org_contikios_cooja_corecomm_Lib16_tick
                0x000000000001244b                Java_org_contikios_cooja_corecomm_Lib16_setReferenceAddress
 .text          0x000000000001245e       0x65 obj_cooja/mtype645.a(simEnvChange.o)
                0x000000000001245e                doActionsBeforeTick
                0x0000000000012490                doActionsAfterTick
 .text          0x00000000000124c3       0x83 obj_cooja/mtype645.a(cooja_mt.o)
                0x00000000000124c3                cooja_mt_start
                0x00000000000124ed                cooja_mt_exec
                0x0000000000012523                cooja_mt_yield
 .text          0x0000000000012546       0xbe obj_cooja/mtype645.a(cooja_mtarch.o)
                0x0000000000012546                cooja_mtarch_start
                0x00000000000125b9                cooja_sw
                0x00000000000125dc                cooja_mtarch_exec
                0x00000000000125f9                cooja_mtarch_yield
 .text          0x0000000000012604       0xc5 obj_cooja/mtype645.a(rtimer-arch.o)
                0x0000000000012604                rtimer_arch_init
                0x0000000000012628                rtimer_arch_schedule
                0x0000000000012658                rtimer_arch_next
                0x0000000000012668                rtimer_arch_pending
                0x0000000000012672                rtimer_arch_check
                0x00000000000126b9                rtimer_arch_now
 .text          0x00000000000126c9       0x81 obj_cooja/mtype645.a(beep.o)
                0x00000000000126c9                beep_alarm
                0x00000000000126d6                beep_beep
                0x00000000000126e3                beep
                0x00000000000126f0                beep_down
                0x00000000000126fd                beep_on
                0x000000000001270a                beep_off
                0x0000000000012717                beep_spinup
                0x0000000000012724                beep_quick
                0x0000000000012731                beep_long
 .text          0x000000000001274a      0x10d obj_cooja/mtype645.a(button-sensor.o)
 .text          0x0000000000012857       0x49 obj_cooja/mtype645.a(leds-arch.o)
                0x0000000000012857                leds_arch_init
                0x0000000000012864                leds_arch_get
                0x0000000000012870                leds_arch_set
 .text          0x00000000000128a0       0x35 obj_cooja/mtype645.a(moteid.o)
 .text          0x00000000000128d5       0xb7 obj_cooja/mtype645.a(pir-sensor.o)
 .text          0x000000000001298c      0x148 obj_cooja/mtype645.a(rs232.o)
                0x000000000001298c                rs232_init
                0x0000000000012992                rs232_set_speed
                0x00000000000129a1                rs232_set_input
                0x00000000000129af                rs232_send
                0x00000000000129d3                rs232_print
                0x00000000000129ef                slip_arch_writeb
 .text          0x0000000000012ad4       0xb7 obj_cooja/mtype645.a(vib-sensor.o)
 .text          0x0000000000012b8b       0x38 obj_cooja/mtype645.a(clock.o)
                0x0000000000012b8b                clock_init
                0x0000000000012b91                clock_time
                0x0000000000012b9b                clock_seconds
                0x0000000000012bb1                clock_delay
 .text          0x0000000000012bc3      0x219 obj_cooja/mtype645.a(cooja-log.o)
                0x0000000000012bc3                simlog_char
                0x0000000000012c06                simlog
                0x0000000000012c7c                log_message
                0x0000000000012cad                log_set_putchar_with_slip
                0x0000000000012cbb                log_putchar
                0x0000000000012d36                log_puts
                0x0000000000012d5e                log_printf
 .text          0x0000000000012ddc      0x2b9 obj_cooja/mtype645.a(cfs-cooja.o)
                0x0000000000012ddc                cfs_open
                0x0000000000012e45                cfs_close
                0x0000000000012e52                cfs_read
                0x0000000000012ee7                cfs_write
                0x0000000000012fc3                cfs_seek
                0x000000000001304b                cfs_remove
                0x000000000001306f                cfs_opendir
                0x0000000000013079                cfs_readdir
                0x0000000000013083                cfs_closedir
 .text          0x0000000000013095      0x605 obj_cooja/mtype645.a(cooja-radio.o)
                0x00000000000130d7                radio_set_channel
                0x00000000000130e5                radio_set_txpower
                0x00000000000130fd                radio_signal_strength_last
                0x0000000000013107                radio_signal_strength_current
                0x0000000000013111                radio_LQI
 .text          0x000000000001369a       0xee obj_cooja/mtype645.a(eeprom.o)
                0x000000000001369a                eeprom_init
                0x00000000000136a0                eeprom_read
                0x000000000001370e                eeprom_write
 .text          0x0000000000013788       0x2d obj_cooja/mtype645.a(random.o)
                0x0000000000013788                random_init
                0x00000000000137a8                random_rand
 .text          0x00000000000137b5      0x29c obj_cooja/mtype645.a(sensors.o)
                0x00000000000137f0                sensors_first
                0x00000000000137fa                sensors_next
                0x0000000000013814                sensors_changed
                0x0000000000013848                sensors_find
 .text          0x0000000000013a51       0xf6 obj_cooja/mtype645.a(leds.o)
                0x0000000000013a51                leds_init
                0x0000000000013a5f                leds_blink
                0x0000000000013aa2                leds_get
                0x0000000000013aaf                leds_set
                0x0000000000013ace                leds_on
                0x0000000000013af4                leds_off
                0x0000000000013b21                leds_toggle
 .text          0x0000000000013b47     0x3779 obj_cooja/mtype645.a(mqtt.o)
                0x0000000000016cea                mqtt_init
                0x0000000000016da8                mqtt_register
                0x0000000000016e45                mqtt_connect
                0x0000000000016f57                mqtt_disconnect
                0x0000000000016f95                mqtt_subscribe
                0x0000000000017052                mqtt_unsubscribe
                0x0000000000017100                mqtt_publish
                0x00000000000171e1                mqtt_set_username_password
                0x000000000001726c                mqtt_set_last_will
 .text          0x00000000000172c0      0x328 obj_cooja/mtype645.a(contiki-main.o)
                0x00000000000172c0                main
 .text          0x00000000000175e8       0x92 obj_cooja/mtype645.a(autostart.o)
                0x00000000000175e8                autostart_start
                0x0000000000017632                autostart_exit
 .text          0x000000000001767a      0x355 obj_cooja/mtype645.a(ctimer.o)
                0x00000000000177a2                ctimer_init
                0x00000000000177d5                ctimer_set
                0x00000000000177fb                ctimer_set_with_process
                0x0000000000017878                ctimer_reset
                0x00000000000178cc                ctimer_restart
                0x0000000000017920                ctimer_stop
                0x0000000000017970                ctimer_expired
 .text          0x00000000000179cf       0x1b obj_cooja/mtype645.a(energest.o)
                0x00000000000179cf                energest_init
                0x00000000000179d5                energest_flush
                0x00000000000179db                energest_get_total_time
 .text          0x00000000000179ea      0x43f obj_cooja/mtype645.a(etimer.o)
                0x0000000000017c0e                etimer_request_poll
                0x0000000000017c97                etimer_set
                0x0000000000017cc0                etimer_reset_with_new_interval
                0x0000000000017cef                etimer_reset
                0x0000000000017d15                etimer_restart
                0x0000000000017d3b                etimer_adjust
                0x0000000000017d58                etimer_expired
                0x0000000000017d6b                etimer_expiration_time
                0x0000000000017d7d                etimer_start_time
                0x0000000000017d87                etimer_pending
                0x0000000000017d99                etimer_next_expiration_time
                0x0000000000017db3                etimer_stop
 .text          0x0000000000017e29      0x394 obj_cooja/mtype645.a(log.o)
                0x0000000000017e29                log_6addr
                0x0000000000017e7c                log_6addr_compact_snprint
                0x0000000000017f1a                log_6addr_compact
                0x0000000000017f6d                log_lladdr
                0x0000000000017fdf                log_lladdr_compact
                0x0000000000018047                log_set_level
                0x0000000000018102                log_get_level
                0x000000000001817b                log_level_to_str
 .text          0x00000000000181bd      0x4fb obj_cooja/mtype645.a(process.o)
                0x00000000000181bd                process_alloc_event
                0x00000000000181d2                process_start
                0x00000000000183ac                process_exit
                0x00000000000183c9                process_init
                0x000000000001855e                process_run
                0x0000000000018591                process_nevents
                0x00000000000185ac                process_post
                0x000000000001863f                process_post_synch
                0x0000000000018674                process_poll
                0x00000000000186a4                process_is_running
 .text          0x00000000000186b8       0xeb obj_cooja/mtype645.a(rtimer.o)
                0x00000000000186b8                rtimer_init
                0x00000000000186c6                rtimer_set
                0x0000000000018741                rtimer_run_next
 .text          0x00000000000187a3       0x25 obj_cooja/mtype645.a(node-id.o)
                0x00000000000187a3                node_id_init
 .text          0x00000000000187c8       0x9c obj_cooja/mtype645.a(timer.o)
                0x00000000000187c8                timer_set
                0x00000000000187e6                timer_reset
                0x00000000000187fe                timer_restart
                0x0000000000018813                timer_expired
                0x0000000000018840                timer_remaining
 .text          0x0000000000018864      0x1eb obj_cooja/mtype645.a(serial-line.o)
                0x0000000000018864                serial_line_input_byte
                0x0000000000018a1a                serial_line_init
 .text          0x0000000000018a4f      0x28f obj_cooja/mtype645.a(list.o)
                0x0000000000018a4f                list_init
                0x0000000000018a5e                list_head
                0x0000000000018a68                list_copy
                0x0000000000018a78                list_tail
                0x0000000000018aae                list_add
                0x0000000000018afa                list_push
                0x0000000000018b26                list_chop
                0x0000000000018b90                list_pop
                0x0000000000018bb8                list_remove
                0x0000000000018c20                list_length
                0x0000000000018c4e                list_insert
                0x0000000000018c93                list_item_next
                0x0000000000018caa                list_contains
 .text          0x0000000000018cde      0x156 obj_cooja/mtype645.a(ringbuf.o)
                0x0000000000018cde                ringbuf_init
                0x0000000000018d10                ringbuf_put
                0x0000000000018d8e                ringbuf_get
                0x0000000000018dfb                ringbuf_size
                0x0000000000018e0d                ringbuf_elements
 .text          0x0000000000018e34      0x407 obj_cooja/mtype645.a(packetbuf.o)
                0x0000000000018e34                packetbuf_clear
                0x0000000000018e5f                packetbuf_copyfrom
                0x0000000000018eae                packetbuf_copyto
                0x0000000000018f41                packetbuf_hdralloc
                0x0000000000018fbd                packetbuf_hdrreduce
                0x0000000000019003                packetbuf_set_datalen
                0x000000000001901d                packetbuf_dataptr
                0x000000000001903a                packetbuf_hdrptr
                0x0000000000019044                packetbuf_datalen
                0x0000000000019050                packetbuf_hdrlen
                0x0000000000019067                packetbuf_totlen
                0x000000000001907d                packetbuf_remaininglen
                0x0000000000019090                packetbuf_attr_clear
                0x00000000000190dc                packetbuf_attr_copyto
                0x0000000000019134                packetbuf_attr_copyfrom
                0x000000000001918c                packetbuf_set_attr
                0x00000000000191b6                packetbuf_attr
                0x00000000000191d0                packetbuf_set_addr
                0x0000000000019201                packetbuf_addr
                0x000000000001921e                packetbuf_holds_broadcast
 .text          0x000000000001923b       0xef obj_cooja/mtype645.a(netstack.o)
                0x000000000001923b                netstack_process_ip_callback
                0x00000000000192cc                netstack_ip_packet_processor_add
                0x00000000000192ef                uip_ds6_ip_packet_processor_rm
                0x000000000001930c                netstack_init
 .text          0x000000000001932a       0x4f obj_cooja/mtype645.a(linkaddr.o)
                0x000000000001932a                linkaddr_copy
                0x0000000000019340                linkaddr_cmp
                0x0000000000019363                linkaddr_set_node_addr
 .text          0x0000000000019379      0x165 obj_cooja/mtype645.a(csma.o)
 .text          0x00000000000194de      0x944 obj_cooja/mtype645.a(csma-output.o)
                0x0000000000019b57                csma_output_packet
                0x0000000000019de4                csma_output_init
 .text          0x0000000000019e22      0xb25 obj_cooja/mtype645.a(uip-ds6.o)
                0x0000000000019e22                uip_ds6_init
                0x0000000000019fcd                uip_ds6_periodic
                0x000000000001a054                uip_ds6_list_loop
                0x000000000001a114                uip_ds6_prefix_add
                0x000000000001a1c0                uip_ds6_prefix_rm
                0x000000000001a1d3                uip_ds6_prefix_lookup
                0x000000000001a212                uip_ds6_is_addr_onlink
                0x000000000001a285                uip_ds6_addr_add
                0x000000000001a3a5                uip_ds6_addr_rm
                0x000000000001a44e                uip_ds6_addr_lookup
                0x000000000001a487                uip_ds6_get_link_local
                0x000000000001a508                uip_ds6_get_global
                0x000000000001a589                uip_ds6_maddr_add
                0x000000000001a5e9                uip_ds6_maddr_rm
                0x000000000001a5fc                uip_ds6_maddr_lookup
                0x000000000001a635                uip_ds6_aaddr_add
                0x000000000001a695                uip_ds6_aaddr_rm
                0x000000000001a6a8                uip_ds6_aaddr_lookup
                0x000000000001a6e1                uip_ds6_select_src
                0x000000000001a82a                uip_ds6_set_addr_iid
                0x000000000001a855                uip_ds6_set_lladdr_from_iid
                0x000000000001a87e                get_match_length
                0x000000000001a90f                uip_ds6_compute_reachable_time
 .text          0x000000000001a947      0x9d5 obj_cooja/mtype645.a(tcp-socket.o)
                0x000000000001af92                tcp_socket_register
                0x000000000001b023                tcp_socket_connect
                0x000000000001b0ba                tcp_socket_listen
                0x000000000001b131                tcp_socket_unlisten
                0x000000000001b1a5                tcp_socket_send
                0x000000000001b245                tcp_socket_send_str
                0x000000000001b26d                tcp_socket_close
                0x000000000001b296                tcp_socket_unregister
                0x000000000001b2f0                tcp_socket_max_sendlen
                0x000000000001b30d                tcp_socket_queuelen
 .text          0x000000000001b31c      0xa72 obj_cooja/mtype645.a(tcpip.o)
                0x000000000001b336                tcpip_output
                0x000000000001b41a                tcp_connect
                0x000000000001b472                tcp_unlisten
                0x000000000001b4d2                tcp_listen
                0x000000000001b530                tcp_attach
                0x000000000001b548                udp_attach
                0x000000000001b560                udp_new
                0x000000000001b5aa                udp_broadcast_new
                0x000000000001b82f                tcpip_input
                0x000000000001b9cf                tcpip_ipv6_output
                0x000000000001bbe3                tcpip_poll_udp
                0x000000000001bc01                tcpip_poll_tcp
                0x000000000001bc1f                tcpip_uipcall
 .text          0x000000000001bd8e      0x35b obj_cooja/mtype645.a(uip-ds6-route.o)
                0x000000000001bddf                uip_ds6_route_init
                0x000000000001be09                uip_ds6_route_nexthop
                0x000000000001be13                uip_ds6_route_head
                0x000000000001be1d                uip_ds6_route_next
                0x000000000001be27                uip_ds6_route_is_nexthop
                0x000000000001be31                uip_ds6_route_num_routes
                0x000000000001be3b                uip_ds6_route_lookup
                0x000000000001be45                uip_ds6_route_add
                0x000000000001be58                uip_ds6_route_rm
                0x000000000001be5e                uip_ds6_route_rm_by_nexthop
                0x000000000001be64                uip_ds6_defrt_head
                0x000000000001be7d                uip_ds6_defrt_add
                0x000000000001bf2b                uip_ds6_defrt_rm
                0x000000000001bf91                uip_ds6_defrt_lookup
                0x000000000001bff8                uip_ds6_defrt_choose
                0x000000000001c06e                uip_ds6_defrt_periodic
 .text          0x000000000001c0e9     0x2802 obj_cooja/mtype645.a(uip6.o)
                0x000000000001c0e9                uip_add32
                0x000000000001c283                uip_chksum
                0x000000000001c364                uip_icmp6chksum
                0x000000000001c379                uip_tcpchksum
                0x000000000001c38e                uip_udpchksum
                0x000000000001c3a3                uip_init
                0x000000000001c42e                uip_connect
                0x000000000001c5b7                remove_ext_hdr
                0x000000000001c69c                uip_udp_new
                0x000000000001c7be                uip_unlisten
                0x000000000001c800                uip_listen
                0x000000000001caa1                uip_process
                0x000000000001e7e6                uip_htons
                0x000000000001e808                uip_htonl
                0x000000000001e846                uip_send
 .text          0x000000000001e8eb      0x374 obj_cooja/mtype645.a(uip-ds6-nbr.o)
                0x000000000001e8eb                uip_ds6_neighbors_init
                0x000000000001e90f                uip_ds6_nbr_add
                0x000000000001e995                uip_ds6_nbr_rm
                0x000000000001e9e0                uip_ds6_nbr_update_ll
                0x000000000001eace                uip_ds6_nbr_get_ipaddr
                0x000000000001eae3                uip_ds6_nbr_get_ll
                0x000000000001eaff                uip_ds6_nbr_num
                0x000000000001eb48                uip_ds6_nbr_head
                0x000000000001eb61                uip_ds6_nbr_next
                0x000000000001eb7d                uip_ds6_nbr_lookup
                0x000000000001ebe0                uip_ds6_nbr_ll_lookup
                0x000000000001ebfc                uip_ds6_nbr_ipaddr_from_lladdr
                0x000000000001ec25                uip_ds6_nbr_lladdr_from_ipaddr
                0x000000000001ec59                uip_ds6_link_callback
 .text          0x000000000001ec5f      0x6b5 obj_cooja/mtype645.a(uip-nd6.o)
                0x000000000001f2fb                uip_nd6_init
 .text          0x000000000001f314     0x2a78 obj_cooja/mtype645.a(sicslowpan.o)
                0x000000000001f812                netstack_sniffer_add
                0x000000000001f820                netstack_sniffer_remove
                0x0000000000021d58                sicslowpan_init
                0x0000000000021d82                sicslowpan_get_last_rssi
 .text          0x0000000000021d8c      0x4d1 obj_cooja/mtype645.a(uiplib.o)
                0x0000000000021d8c                uiplib_ip6addrconv
                0x0000000000021f44                uiplib_ip4addrconv
                0x0000000000022007                uiplib_ipaddr_print
                0x000000000002205a                uiplib_ipaddr_snprint
 .text          0x000000000002225d      0x4c9 obj_cooja/mtype645.a(rpl.o)
                0x000000000002225d                rpl_lollipop_greater_than
                0x00000000000222b7                rpl_get_global_address
                0x00000000000223af                rpl_link_callback
                0x00000000000223f3                rpl_has_joined
                0x0000000000022418                rpl_is_reachable
                0x0000000000022499                rpl_reset_prefix
                0x0000000000022503                rpl_set_prefix_from_addr
                0x00000000000225e8                rpl_set_prefix
                0x0000000000022702                rpl_set_leaf_only
                0x000000000002271a                rpl_get_leaf_only
 .text          0x0000000000022726     0x13cb obj_cooja/mtype645.a(rpl-icmp6.o)
                0x000000000002284b                rpl_icmp6_update_nbr_table
                0x00000000000228e4                rpl_icmp6_dis_output
                0x0000000000022f3a                rpl_icmp6_dio_output
                0x0000000000023747                rpl_icmp6_dao_output
                0x0000000000023a38                rpl_icmp6_dao_ack_output
                0x0000000000023aa8                rpl_icmp6_init
 .text          0x0000000000023af1      0xe51 obj_cooja/mtype645.a(rpl-dag.o)
                0x0000000000023af1                rpl_dag_state_to_str
                0x0000000000023b30                rpl_dag_get_root_ipaddr
                0x0000000000023b78                rpl_dag_leave
                0x0000000000023c01                rpl_dag_poison_and_leave
                0x0000000000023c19                rpl_dag_periodic
                0x0000000000023ca1                rpl_is_addr_in_our_dag
                0x0000000000023ce5                rpl_get_default_instance
                0x0000000000023d01                rpl_get_any_dag
                0x0000000000023d5a                rpl_refresh_routes
                0x0000000000023d9a                rpl_global_repair
                0x0000000000023e26                rpl_local_repair
                0x0000000000023e70                rpl_dag_ready_to_advertise
                0x0000000000023eb3                rpl_dag_update_state
                0x00000000000245d7                rpl_process_dio
                0x0000000000024658                rpl_process_dis
                0x000000000002469d                rpl_process_dao
                0x000000000002472c                rpl_process_dao_ack
                0x00000000000247be                rpl_process_hbh
                0x000000000002480e                rpl_dag_init_root
                0x0000000000024922                rpl_dag_init
 .text          0x0000000000024942      0x286 obj_cooja/mtype645.a(rpl-dag-root.o)
                0x0000000000024942                rpl_dag_root_print_links
                0x0000000000024a90                rpl_dag_root_set_prefix
                0x0000000000024abc                rpl_dag_root_start
                0x0000000000024b99                rpl_dag_root_is_root
 .text          0x0000000000024bc8       0x1e obj_cooja/mtype645.a(watchdog.o)
                0x0000000000024bc8                watchdog_init
                0x0000000000024bce                watchdog_start
                0x0000000000024bd4                watchdog_periodic
                0x0000000000024bda                watchdog_stop
                0x0000000000024be0                watchdog_reboot
 .text          0x0000000000024be6       0xb2 obj_cooja/mtype645.a(stimer.o)
                0x0000000000024be6                stimer_set
                0x0000000000024c04                stimer_reset
                0x0000000000024c1c                stimer_restart
                0x0000000000024c31                stimer_expired
                0x0000000000024c5c                stimer_remaining
                0x0000000000024c80                stimer_elapsed
 .text          0x0000000000024c98      0x1b8 obj_cooja/mtype645.a(memb.o)
                0x0000000000024c98                memb_init
                0x0000000000024ced                memb_alloc
                0x0000000000024d52                memb_free
                0x0000000000024dcd                memb_inmemb
                0x0000000000024e0c                memb_numfree
 .text          0x0000000000024e50      0x2e7 obj_cooja/mtype645.a(queuebuf.o)
                0x0000000000024e5a                queuebuf_init
                0x0000000000024e83                queuebuf_numfree
                0x0000000000024e9b                queuebuf_new_from_packetbuf
                0x0000000000024f3a                queuebuf_update_attr_from_packetbuf
                0x0000000000024f6f                queuebuf_update_from_packetbuf
                0x0000000000024fbf                queuebuf_free
                0x0000000000025008                queuebuf_to_packetbuf
                0x0000000000025074                queuebuf_dataptr
                0x00000000000250ae                queuebuf_datalen
                0x00000000000250d1                queuebuf_addr
                0x0000000000025106                queuebuf_attr
                0x0000000000025131                queuebuf_debug_print
 .text          0x0000000000025137      0x78b obj_cooja/mtype645.a(nbr-table.o)
                0x00000000000255b0                nbr_table_register
                0x000000000002561d                nbr_table_is_registered
                0x0000000000025658                nbr_table_head
                0x00000000000256b3                nbr_table_next
                0x0000000000025714                nbr_table_add_lladdr
                0x00000000000257de                nbr_table_get_from_lladdr
                0x000000000002582a                nbr_table_remove
                0x0000000000025862                nbr_table_lock
                0x000000000002587c                nbr_table_unlock
                0x0000000000025896                nbr_table_get_lladdr
 .text          0x00000000000258c2      0x37c obj_cooja/mtype645.a(link-stats.o)
                0x00000000000258c2                link_stats_from_lladdr
                0x00000000000258de                link_stats_is_fresh
                0x000000000002591a                guess_etx_from_rssi
                0x0000000000025996                link_stats_packet_sent
                0x0000000000025aa9                link_stats_input_callback
                0x0000000000025bb9                link_stats_reset
                0x0000000000025c09                link_stats_init
 .text          0x0000000000025c3e      0x187 obj_cooja/mtype645.a(mac-sequence.o)
                0x0000000000025c3e                mac_sequence_is_duplicate
                0x0000000000025cde                mac_sequence_register_seqno
 .text          0x0000000000025dc5       0x23 obj_cooja/mtype645.a(mac.o)
                0x0000000000025dc5                mac_call_sent_callback
 .text          0x0000000000025de8      0x41d obj_cooja/mtype645.a(framer-802154.o)
                0x0000000000025f77                framer_802154_setup_params
 .text          0x0000000000026205      0xb6f obj_cooja/mtype645.a(frame802154.o)
                0x0000000000026236                frame802154_get_pan_id
                0x0000000000026242                frame802154_set_pan_id
                0x000000000002625c                frame802154_has_panid
                0x000000000002640b                frame802154_check_dest_panid
                0x0000000000026493                frame802154_is_broadcast_addr
                0x00000000000264e0                frame802154_extract_linkaddr
                0x0000000000026745                frame802154_hdrlen
                0x00000000000267b8                frame802154_create_fcf
                0x0000000000026870                frame802154_create
                0x00000000000269e5                frame802154_parse_fcf
                0x0000000000026ac7                frame802154_parse
 .text          0x0000000000026d74      0x1ec obj_cooja/mtype645.a(uipbuf.o)
                0x0000000000026d74                uipbuf_get_next_header
                0x0000000000026de3                uipbuf_get_last_header
                0x0000000000026e6a                uipbuf_get_attr
                0x0000000000026e91                uipbuf_set_attr
                0x0000000000026ec8                uipbuf_clear_attr
                0x0000000000026ef4                uipbuf_set_attr_flag
                0x0000000000026f15                uipbuf_clr_attr_flag
                0x0000000000026f3c                uipbuf_is_attr_flag
 .text          0x0000000000026f60      0x96e obj_cooja/mtype645.a(uip-icmp6.o)
                0x0000000000026fd5                uip_icmp6_input
                0x000000000002702c                uip_icmp6_register_input_handler
                0x0000000000027238                uip_icmp6_error_output
                0x0000000000027597                uip_icmp6_send
                0x0000000000027856                uip_icmp6_echo_reply_callback_add
                0x0000000000027888                uip_icmp6_echo_reply_callback_rm
                0x00000000000278a5                uip_icmp6_init
 .text          0x00000000000278ce      0x69b obj_cooja/mtype645.a(uip-sr.o)
                0x00000000000278ce                uip_sr_num_nodes
                0x000000000002795c                uip_sr_get_node
                0x00000000000279b3                uip_sr_is_addr_reachable
                0x0000000000027a61                uip_sr_expire_parent
                0x0000000000027aaa                uip_sr_update_node
                0x0000000000027bda                uip_sr_init
                0x0000000000027c0e                uip_sr_node_head
                0x0000000000027c27                uip_sr_node_next
                0x0000000000027c3d                uip_sr_periodic
                0x0000000000027d43                uip_sr_free_all
                0x0000000000027db3                uip_sr_link_snprint
 .text          0x0000000000027f69      0x146 obj_cooja/mtype645.a(uip-packetqueue)
                0x0000000000027f97                uip_packetqueue_new
                0x0000000000027fa6                uip_packetqueue_alloc
                0x0000000000028001                uip_packetqueue_free
                0x0000000000028048                uip_packetqueue_buf
                0x0000000000028065                uip_packetqueue_buflen
                0x0000000000028086                uip_packetqueue_set_buflen
 .text          0x00000000000280af      0x1c8 obj_cooja/mtype645.a(rpl-nbr-policy.)
                0x0000000000028234                rpl_nbr_policy_find_removable
 .text          0x0000000000028277      0x8ed obj_cooja/mtype645.a(rpl-neighbor.o)
                0x00000000000282f3                rpl_neighbor_snprint
                0x00000000000285a0                rpl_neighbor_print_list
                0x0000000000028655                rpl_neighbor_count
                0x00000000000286fc                rpl_neighbor_get_from_lladdr
                0x0000000000028718                rpl_neighbor_is_acceptable_parent
                0x000000000002874c                rpl_neighbor_get_link_metric
                0x0000000000028780                rpl_neighbor_rank_via_nbr
                0x00000000000287b4                rpl_neighbor_get_lladdr
                0x00000000000287d0                rpl_neighbor_get_ipaddr
                0x00000000000287f7                rpl_neighbor_get_link_stats
                0x000000000002881e                rpl_neighbor_is_fresh
                0x0000000000028845                rpl_neighbor_is_reachable
                0x0000000000028890                rpl_neighbor_is_parent
                0x00000000000288ba                rpl_neighbor_set_preferred_parent
                0x0000000000028946                rpl_neighbor_remove_all
                0x0000000000028995                rpl_neighbor_get_from_ipaddr
                0x0000000000028a99                rpl_neighbor_select_best
                0x0000000000028b45                rpl_neighbor_init
 .text          0x0000000000028b64      0xa19 obj_cooja/mtype645.a(rpl-timers.o)
                0x0000000000028b64                rpl_timers_schedule_periodic_dis
                0x0000000000028cb2                rpl_timers_dio_reset
                0x0000000000028da3                rpl_timers_schedule_unicast_dio
                0x0000000000028f29                rpl_timers_schedule_dao
                0x0000000000029063                rpl_timers_schedule_dao_ack
                0x00000000000290e9                get_probing_delay
                0x000000000002911d                get_probing_target
                0x0000000000029307                rpl_schedule_probing
                0x0000000000029335                rpl_schedule_probing_now
                0x000000000002939f                rpl_timers_unschedule_leaving
                0x00000000000293d7                rpl_timers_schedule_leaving
                0x0000000000029418                rpl_timers_init
                0x00000000000294a8                rpl_timers_stop_dag_timers
                0x0000000000029521                rpl_timers_unschedule_state_update
                0x0000000000029545                rpl_timers_schedule_state_update
 .text          0x000000000002957d     0x102c obj_cooja/mtype645.a(rpl-ext-header.)
                0x000000000002957d                rpl_ext_header_srh_get_next_hop
                0x00000000000296f9                rpl_ext_header_srh_update
                0x0000000000029df2                rpl_ext_header_hbh_update
                0x000000000002a347                rpl_ext_header_update
                0x000000000002a3d0                rpl_ext_header_remove
 .text          0x000000000002a5a9      0x31b obj_cooja/mtype645.a(rpl-mrhof.o)
 .text          0x000000000002a8c4        0x0 /usr/lib/gcc/i686-linux-gnu/5/crtendS.o
 .text          0x000000000002a8c4        0x0 /usr/lib/gcc/i686-linux-gnu/5/../../../i386-linux-gnu/crtn.o
 *(.gnu.warning)

.fini           0x000000000002a8c4       0x14
 *(SORT(.fini))
 .fini          0x000000000002a8c4        0xf /usr/lib/gcc/i686-linux-gnu/5/../../../i386-linux-gnu/crti.o
                0x000000000002a8c4                _fini
 .fini          0x000000000002a8d3        0x5 /usr/lib/gcc/i686-linux-gnu/5/../../../i386-linux-gnu/crtn.o
                [!provide]                        PROVIDE (__etext, .)
                [!provide]                        PROVIDE (_etext, .)
                [!provide]                        PROVIDE (etext, .)

.rodata         0x000000000002a8e0      0xbc0
 *(.rodata .rodata.* .gnu.linkonce.r.*)
 .rodata        0x000000000002a8e0      0x450 mqtt-demo.o
                0x000000000002a8e8                autostart_processes
 .rodata        0x000000000002ad30        0x8 obj_cooja/mtype645.a(beep.o)
                0x000000000002ad30                beep_interface
 .rodata        0x000000000002ad38       0x20 obj_cooja/mtype645.a(button-sensor.o)
                0x000000000002ad38                button_interface
                0x000000000002ad48                button_sensor
 .rodata        0x000000000002ad58        0x8 obj_cooja/mtype645.a(leds-arch.o)
                0x000000000002ad58                leds_interface
 .rodata        0x000000000002ad60        0x8 obj_cooja/mtype645.a(moteid.o)
                0x000000000002ad60                moteid_interface
 .rodata        0x000000000002ad68       0x1c obj_cooja/mtype645.a(pir-sensor.o)
                0x000000000002ad68                pir_interface
                0x000000000002ad74                pir_sensor
 .rodata        0x000000000002ad84        0xe obj_cooja/mtype645.a(rs232.o)
                0x000000000002ad84                rs232_interface
 *fill*         0x000000000002ad92        0x2 
 .rodata        0x000000000002ad94       0x24 obj_cooja/mtype645.a(vib-sensor.o)
                0x000000000002ad94                vib_interface
                0x000000000002ada8                vib_sensor
 .rodata        0x000000000002adb8        0x8 obj_cooja/mtype645.a(clock.o)
                0x000000000002adb8                clock_interface
 .rodata        0x000000000002adc0        0x8 obj_cooja/mtype645.a(cooja-log.o)
                0x000000000002adc0                simlog_interface
 .rodata        0x000000000002adc8       0x2f obj_cooja/mtype645.a(cfs-cooja.o)
                0x000000000002adc8                cfs_interface
 *fill*         0x000000000002adf7        0x9 
 .rodata        0x000000000002ae00       0x58 obj_cooja/mtype645.a(cooja-radio.o)
                0x000000000002ae00                radio_interface
                0x000000000002ae20                cooja_radio_driver
 .rodata        0x000000000002ae58        0x8 obj_cooja/mtype645.a(eeprom.o)
                0x000000000002ae58                eeprom_interface
 .rodata        0x000000000002ae60        0x8 obj_cooja/mtype645.a(sensors.o)
 .rodata        0x000000000002ae68       0x14 obj_cooja/mtype645.a(mqtt.o)
 .rodata        0x000000000002ae7c       0xf4 obj_cooja/mtype645.a(contiki-main.o)
 .rodata        0x000000000002af70        0xf obj_cooja/mtype645.a(ctimer.o)
 .rodata        0x000000000002af7f        0xc obj_cooja/mtype645.a(etimer.o)
 *fill*         0x000000000002af8b        0x1 
 .rodata        0x000000000002af8c       0xc0 obj_cooja/mtype645.a(log.o)
 .rodata        0x000000000002b04c        0xe obj_cooja/mtype645.a(serial-line.o)
 *fill*         0x000000000002b05a        0x2 
 .rodata        0x000000000002b05c        0x8 obj_cooja/mtype645.a(linkaddr.o)
                0x000000000002b05c                linkaddr_null
 .rodata        0x000000000002b064       0x20 obj_cooja/mtype645.a(csma.o)
                0x000000000002b06c                csma_driver
 .rodata        0x000000000002b084       0x13 obj_cooja/mtype645.a(tcp-socket.o)
 .rodata        0x000000000002b097        0xd obj_cooja/mtype645.a(tcpip.o)
 .rodata        0x000000000002b0a4       0x4d obj_cooja/mtype645.a(uip-ds6-route.o)
 *fill*         0x000000000002b0f1        0x3 
 .rodata        0x000000000002b0f4      0x13c obj_cooja/mtype645.a(uip6.o)
 .rodata        0x000000000002b230       0x30 obj_cooja/mtype645.a(sicslowpan.o)
                0x000000000002b230                unc_llconf
                0x000000000002b234                unc_ctxconf
                0x000000000002b238                unc_mxconf
                0x000000000002b23c                llprefix
                0x000000000002b250                sicslowpan_driver
 .rodata        0x000000000002b260       0x2d obj_cooja/mtype645.a(uiplib.o)
 *fill*         0x000000000002b28d       0x13 
 .rodata        0x000000000002b2a0       0x70 obj_cooja/mtype645.a(rpl.o)
                0x000000000002b2c0                rpl_lite_driver
 .rodata        0x000000000002b310       0xdb obj_cooja/mtype645.a(rpl-dag.o)
 *fill*         0x000000000002b3eb        0x1 
 .rodata        0x000000000002b3ec        0xc obj_cooja/mtype645.a(framer-802154.o)
                0x000000000002b3ec                framer_802154
 .rodata        0x000000000002b3f8       0x44 obj_cooja/mtype645.a(uip-sr.o)
 .rodata        0x000000000002b43c       0x58 obj_cooja/mtype645.a(rpl-neighbor.o)
 .rodata        0x000000000002b494        0xc obj_cooja/mtype645.a(rpl-timers.o)

.rodata1
 *(.rodata1)

.eh_frame_hdr   0x000000000002b4a0     0x167c
 *(.eh_frame_hdr)
 .eh_frame_hdr  0x000000000002b4a0     0x167c mqtt-demo.o
                0x000000000002b4a0                __GNU_EH_FRAME_HDR
 *(.eh_frame_entry .eh_frame_entry.*)

.eh_frame       0x000000000002cb1c     0x5b10
 *(.eh_frame)
 .eh_frame      0x000000000002cb1c       0x3c /usr/lib/gcc/i686-linux-gnu/5/../../../i386-linux-gnu/crti.o
                                         0x40 (size before relaxing)
 .eh_frame      0x000000000002cb58      0x260 mqtt-demo.o
                                        0x278 (size before relaxing)
 .eh_frame      0x000000000002cdb8      0x178 obj_cooja/mtype645.o
                                        0x190 (size before relaxing)
 .eh_frame      0x000000000002cf30       0x40 obj_cooja/mtype645.a(simEnvChange.o)
                                         0x58 (size before relaxing)
 .eh_frame      0x000000000002cf70       0x60 obj_cooja/mtype645.a(cooja_mt.o)
                                         0x78 (size before relaxing)
 .eh_frame      0x000000000002cfd0       0x80 obj_cooja/mtype645.a(cooja_mtarch.o)
                                         0x98 (size before relaxing)
 .eh_frame      0x000000000002d050       0xc8 obj_cooja/mtype645.a(rtimer-arch.o)
                                         0xe0 (size before relaxing)
 .eh_frame      0x000000000002d118      0x160 obj_cooja/mtype645.a(beep.o)
                                        0x178 (size before relaxing)
 .eh_frame      0x000000000002d278       0xa0 obj_cooja/mtype645.a(button-sensor.o)
                                         0xb8 (size before relaxing)
 .eh_frame      0x000000000002d318       0xa0 obj_cooja/mtype645.a(leds-arch.o)
                                         0xb8 (size before relaxing)
 .eh_frame      0x000000000002d3b8       0x40 obj_cooja/mtype645.a(moteid.o)
                                         0x58 (size before relaxing)
 .eh_frame      0x000000000002d3f8       0xa0 obj_cooja/mtype645.a(pir-sensor.o)
                                         0xb8 (size before relaxing)
 .eh_frame      0x000000000002d498      0x100 obj_cooja/mtype645.a(rs232.o)
                                        0x118 (size before relaxing)
 .eh_frame      0x000000000002d598       0xa0 obj_cooja/mtype645.a(vib-sensor.o)
                                         0xb8 (size before relaxing)
 .eh_frame      0x000000000002d638       0xc0 obj_cooja/mtype645.a(clock.o)
                                         0xd8 (size before relaxing)
 .eh_frame      0x000000000002d6f8      0x120 obj_cooja/mtype645.a(cooja-log.o)
                                        0x138 (size before relaxing)
 .eh_frame      0x000000000002d818      0x160 obj_cooja/mtype645.a(cfs-cooja.o)
                                        0x178 (size before relaxing)
 .eh_frame      0x000000000002d978      0x340 obj_cooja/mtype645.a(cooja-radio.o)
                                        0x358 (size before relaxing)
 .eh_frame      0x000000000002dcb8       0xa0 obj_cooja/mtype645.a(eeprom.o)
                                         0xb8 (size before relaxing)
 .eh_frame      0x000000000002dd58       0x40 obj_cooja/mtype645.a(random.o)
                                         0x58 (size before relaxing)
 .eh_frame      0x000000000002dd98       0xc0 obj_cooja/mtype645.a(sensors.o)
                                         0xd8 (size before relaxing)
 .eh_frame      0x000000000002de58       0xe0 obj_cooja/mtype645.a(leds.o)
                                         0xf8 (size before relaxing)
 .eh_frame      0x000000000002df38      0x4a4 obj_cooja/mtype645.a(mqtt.o)
                                        0x4bc (size before relaxing)
 .eh_frame      0x000000000002e3dc       0x30 obj_cooja/mtype645.a(contiki-main.o)
                                         0x48 (size before relaxing)
 .eh_frame      0x000000000002e40c       0x40 obj_cooja/mtype645.a(autostart.o)
                                         0x58 (size before relaxing)
 .eh_frame      0x000000000002e44c      0x100 obj_cooja/mtype645.a(ctimer.o)
                                        0x118 (size before relaxing)
 .eh_frame      0x000000000002e54c       0x60 obj_cooja/mtype645.a(energest.o)
                                         0x78 (size before relaxing)
 .eh_frame      0x000000000002e5ac      0x1e0 obj_cooja/mtype645.a(etimer.o)
                                        0x1f8 (size before relaxing)
 .eh_frame      0x000000000002e78c      0x100 obj_cooja/mtype645.a(log.o)
                                        0x118 (size before relaxing)
 .eh_frame      0x000000000002e88c      0x1c4 obj_cooja/mtype645.a(process.o)
                                        0x1dc (size before relaxing)
 .eh_frame      0x000000000002ea50       0x60 obj_cooja/mtype645.a(rtimer.o)
                                         0x78 (size before relaxing)
 .eh_frame      0x000000000002eab0       0x20 obj_cooja/mtype645.a(node-id.o)
                                         0x38 (size before relaxing)
 .eh_frame      0x000000000002ead0       0xa4 obj_cooja/mtype645.a(timer.o)
                                         0xbc (size before relaxing)
 .eh_frame      0x000000000002eb74       0x60 obj_cooja/mtype645.a(serial-line.o)
                                         0x78 (size before relaxing)
 .eh_frame      0x000000000002ebd4      0x1a0 obj_cooja/mtype645.a(list.o)
                                        0x1b8 (size before relaxing)
 .eh_frame      0x000000000002ed74       0xa0 obj_cooja/mtype645.a(ringbuf.o)
                                         0xb8 (size before relaxing)
 .eh_frame      0x000000000002ee14      0x28c obj_cooja/mtype645.a(packetbuf.o)
                                        0x2a4 (size before relaxing)
 .eh_frame      0x000000000002f0a0       0x80 obj_cooja/mtype645.a(netstack.o)
                                         0x98 (size before relaxing)
 .eh_frame      0x000000000002f120       0x60 obj_cooja/mtype645.a(linkaddr.o)
                                         0x78 (size before relaxing)
 .eh_frame      0x000000000002f180       0xa0 obj_cooja/mtype645.a(csma.o)
                                         0xb8 (size before relaxing)
 .eh_frame      0x000000000002f220      0x1d4 obj_cooja/mtype645.a(csma-output.o)
                                        0x1ec (size before relaxing)
 .eh_frame      0x000000000002f3f4      0x2e8 obj_cooja/mtype645.a(uip-ds6.o)
                                        0x300 (size before relaxing)
 .eh_frame      0x000000000002f6dc      0x248 obj_cooja/mtype645.a(tcp-socket.o)
                                        0x260 (size before relaxing)
 .eh_frame      0x000000000002f924      0x308 obj_cooja/mtype645.a(tcpip.o)
                                        0x320 (size before relaxing)
 .eh_frame      0x000000000002fc2c      0x220 obj_cooja/mtype645.a(uip-ds6-route.o)
                                        0x238 (size before relaxing)
 .eh_frame      0x000000000002fe4c      0x274 obj_cooja/mtype645.a(uip6.o)
                                        0x28c (size before relaxing)
 .eh_frame      0x00000000000300c0      0x1c0 obj_cooja/mtype645.a(uip-ds6-nbr.o)
                                        0x1d8 (size before relaxing)
 .eh_frame      0x0000000000030280       0x84 obj_cooja/mtype645.a(uip-nd6.o)
                                         0x9c (size before relaxing)
 .eh_frame      0x0000000000030304      0x2f8 obj_cooja/mtype645.a(sicslowpan.o)
                                        0x310 (size before relaxing)
 .eh_frame      0x00000000000305fc       0x88 obj_cooja/mtype645.a(uiplib.o)
                                         0xa0 (size before relaxing)
 .eh_frame      0x0000000000030684      0x1e0 obj_cooja/mtype645.a(rpl.o)
                                        0x1f8 (size before relaxing)
 .eh_frame      0x0000000000030864      0x1c4 obj_cooja/mtype645.a(rpl-icmp6.o)
                                        0x1dc (size before relaxing)
 .eh_frame      0x0000000000030a28      0x370 obj_cooja/mtype645.a(rpl-dag.o)
                                        0x388 (size before relaxing)
 .eh_frame      0x0000000000030d98       0xa0 obj_cooja/mtype645.a(rpl-dag-root.o)
                                         0xb8 (size before relaxing)
 .eh_frame      0x0000000000030e38       0xa0 obj_cooja/mtype645.a(watchdog.o)
                                         0xb8 (size before relaxing)
 .eh_frame      0x0000000000030ed8       0xc4 obj_cooja/mtype645.a(stimer.o)
                                         0xdc (size before relaxing)
 .eh_frame      0x0000000000030f9c       0xa0 obj_cooja/mtype645.a(memb.o)
                                         0xb8 (size before relaxing)
 .eh_frame      0x000000000003103c      0x1a0 obj_cooja/mtype645.a(queuebuf.o)
                                        0x1b8 (size before relaxing)
 .eh_frame      0x00000000000311dc      0x2ac obj_cooja/mtype645.a(nbr-table.o)
                                        0x2c4 (size before relaxing)
 .eh_frame      0x0000000000031488      0x100 obj_cooja/mtype645.a(link-stats.o)
                                        0x118 (size before relaxing)
 .eh_frame      0x0000000000031588       0x48 obj_cooja/mtype645.a(mac-sequence.o)
                                         0x60 (size before relaxing)
 .eh_frame      0x00000000000315d0       0x20 obj_cooja/mtype645.a(mac.o)
                                         0x38 (size before relaxing)
 .eh_frame      0x00000000000315f0       0xa4 obj_cooja/mtype645.a(framer-802154.o)
                                         0xbc (size before relaxing)
 .eh_frame      0x0000000000031694      0x1a4 obj_cooja/mtype645.a(frame802154.o)
                                        0x1bc (size before relaxing)
 .eh_frame      0x0000000000031838      0x100 obj_cooja/mtype645.a(uipbuf.o)
                                        0x118 (size before relaxing)
 .eh_frame      0x0000000000031938      0x160 obj_cooja/mtype645.a(uip-icmp6.o)
                                        0x178 (size before relaxing)
 .eh_frame      0x0000000000031a98      0x184 obj_cooja/mtype645.a(uip-sr.o)
                                        0x19c (size before relaxing)
 .eh_frame      0x0000000000031c1c       0xe0 obj_cooja/mtype645.a(uip-packetqueue)
                                         0xf8 (size before relaxing)
 .eh_frame      0x0000000000031cfc       0x80 obj_cooja/mtype645.a(rpl-nbr-policy.)
                                         0x98 (size before relaxing)
 .eh_frame      0x0000000000031d7c      0x2d4 obj_cooja/mtype645.a(rpl-neighbor.o)
                                        0x2ec (size before relaxing)
 .eh_frame      0x0000000000032050      0x368 obj_cooja/mtype645.a(rpl-timers.o)
                                        0x380 (size before relaxing)
 .eh_frame      0x00000000000323b8      0x128 obj_cooja/mtype645.a(rpl-ext-header.)
                                        0x140 (size before relaxing)
 .eh_frame      0x00000000000324e0      0x148 obj_cooja/mtype645.a(rpl-mrhof.o)
                                        0x160 (size before relaxing)
 .eh_frame      0x0000000000032628        0x4 /usr/lib/gcc/i686-linux-gnu/5/crtendS.o
 *(.eh_frame.*)

.gcc_except_table
 *(.gcc_except_table .gcc_except_table.*)

.gnu_extab
 *(.gnu_extab*)

.exception_ranges
 *(.exception_ranges .exception_ranges*)
                0x0000000000033f10                . = DATA_SEGMENT_ALIGN (0x1000, 0x1000)

.eh_frame
 *(.eh_frame)
 *(.eh_frame.*)

.gnu_extab
 *(.gnu_extab)

.gcc_except_table
 *(.gcc_except_table .gcc_except_table.*)

.exception_ranges
 *(.exception_ranges .exception_ranges*)

.tdata
 *(.tdata .tdata.* .gnu.linkonce.td.*)

.tbss
 *(.tbss .tbss.* .gnu.linkonce.tb.*)
 *(.tcommon)

.preinit_array
 *(.preinit_array)

.init_array     0x0000000000033f10        0x4
 *(SORT(.init_array.*) SORT(.ctors.*))
 *(.init_array EXCLUDE_FILE(*crtend?.o *crtend.o *crtbegin?.o *crtbegin.o) .ctors)
 .init_array    0x0000000000033f10        0x4 /usr/lib/gcc/i686-linux-gnu/5/crtbeginS.o

.fini_array     0x0000000000033f14        0x4
 *(SORT(.fini_array.*) SORT(.dtors.*))
 *(.fini_array EXCLUDE_FILE(*crtend?.o *crtend.o *crtbegin?.o *crtbegin.o) .dtors)
 .fini_array    0x0000000000033f14        0x4 /usr/lib/gcc/i686-linux-gnu/5/crtbeginS.o

.ctors
 *crtbegin.o(.ctors)
 *crtbegin?.o(.ctors)
 *(EXCLUDE_FILE(*crtend?.o *crtend.o) .ctors)
 *(SORT(.ctors.*))
 *(.ctors)

.dtors
 *crtbegin.o(.dtors)
 *crtbegin?.o(.dtors)
 *(EXCLUDE_FILE(*crtend?.o *crtend.o) .dtors)
 *(SORT(.dtors.*))
 *(.dtors)

.jcr            0x0000000000033f18        0x4
 *(.jcr)
 .jcr           0x0000000000033f18        0x0 /usr/lib/gcc/i686-linux-gnu/5/crtbeginS.o
 .jcr           0x0000000000033f18        0x4 /usr/lib/gcc/i686-linux-gnu/5/crtendS.o

.data.rel.ro
 *(.data.rel.ro.local* .gnu.linkonce.d.rel.ro.local.*)
 *(.data.rel.ro .data.rel.ro.* .gnu.linkonce.d.rel.ro.*)

.dynamic        0x0000000000033f1c       0xd0
 *(.dynamic)
 .dynamic       0x0000000000033f1c       0xd0 /usr/lib/gcc/i686-linux-gnu/5/../../../i386-linux-gnu/crti.o
                0x0000000000033f1c                _DYNAMIC

.got            0x0000000000033fec       0x14
 *(.got)
 .got           0x0000000000033fec       0x14 /usr/lib/gcc/i686-linux-gnu/5/../../../i386-linux-gnu/crti.o
 *(.igot)
                0x0000000000034ff4                . = DATA_SEGMENT_RELRO_END (., (SIZEOF (.got.plt) >= 0xc)?0xc:0x0)

.got.plt        0x0000000000034000        0xc
 *(.got.plt)
 .got.plt       0x0000000000034000        0xc /usr/lib/gcc/i686-linux-gnu/5/../../../i386-linux-gnu/crti.o
                0x0000000000034000                _GLOBAL_OFFSET_TABLE_
 *(.igot.plt)

.data           0x0000000000034020      0x324
 *(.data .data.* .gnu.linkonce.d.*)
 .data          0x0000000000034020        0x0 /usr/lib/gcc/i686-linux-gnu/5/../../../i386-linux-gnu/crti.o
 .data          0x0000000000034020        0x0 /usr/lib/gcc/i686-linux-gnu/5/crtbeginS.o
 .data.rel.local
                0x0000000000034020        0x4 /usr/lib/gcc/i686-linux-gnu/5/crtbeginS.o
                0x0000000000034020                __dso_handle
 .data          0x0000000000034024       0x14 mqtt-demo.o
                0x0000000000034028                mqtt_demo_process
 *fill*         0x0000000000034038        0x8 
 .data          0x0000000000034040       0x44 obj_cooja/mtype645.o
                0x0000000000034040                simInterfaces
                0x0000000000034074                sensors
 .data          0x0000000000034084        0x0 obj_cooja/mtype645.a(simEnvChange.o)
 .data          0x0000000000034084        0x0 obj_cooja/mtype645.a(cooja_mt.o)
 .data          0x0000000000034084        0x0 obj_cooja/mtype645.a(cooja_mtarch.o)
 .data          0x0000000000034084        0x0 obj_cooja/mtype645.a(rtimer-arch.o)
 .data          0x0000000000034084        0x0 obj_cooja/mtype645.a(beep.o)
 .data          0x0000000000034084        0x0 obj_cooja/mtype645.a(button-sensor.o)
 .data          0x0000000000034084        0x0 obj_cooja/mtype645.a(leds-arch.o)
 .data          0x0000000000034084        0x0 obj_cooja/mtype645.a(moteid.o)
 .data          0x0000000000034084        0x0 obj_cooja/mtype645.a(pir-sensor.o)
 .data          0x0000000000034084        0x0 obj_cooja/mtype645.a(rs232.o)
 .data          0x0000000000034084        0x0 obj_cooja/mtype645.a(vib-sensor.o)
 .data          0x0000000000034084        0x0 obj_cooja/mtype645.a(clock.o)
 .data          0x0000000000034084        0x0 obj_cooja/mtype645.a(cooja-log.o)
 .data          0x0000000000034084        0x0 obj_cooja/mtype645.a(cfs-cooja.o)
 .data          0x0000000000034084       0x2c obj_cooja/mtype645.a(cooja-radio.o)
                0x0000000000034084                simRadioHWOn
                0x0000000000034088                simSignalStrength
                0x000000000003408c                simLastSignalStrength
                0x0000000000034090                simPower
                0x0000000000034094                simRadioChannel
                0x0000000000034098                simLQI
                0x00000000000340a0                cooja_radio_process
 .data          0x00000000000340b0        0x0 obj_cooja/mtype645.a(eeprom.o)
 .data          0x00000000000340b0        0x0 obj_cooja/mtype645.a(random.o)
 .data          0x00000000000340b0       0x10 obj_cooja/mtype645.a(sensors.o)
                0x00000000000340b0                sensors_process
 .data          0x00000000000340c0        0x0 obj_cooja/mtype645.a(leds.o)
 .data          0x00000000000340c0       0x14 obj_cooja/mtype645.a(mqtt.o)
                0x00000000000340c4                mqtt_process
 .data          0x00000000000340d4        0x0 obj_cooja/mtype645.a(contiki-main.o)
 .data          0x00000000000340d4        0x0 obj_cooja/mtype645.a(autostart.o)
 .data          0x00000000000340d4       0x14 obj_cooja/mtype645.a(ctimer.o)
                0x00000000000340d8                ctimer_process
 .data          0x00000000000340e8        0x0 obj_cooja/mtype645.a(energest.o)
 .data          0x00000000000340e8       0x10 obj_cooja/mtype645.a(etimer.o)
                0x00000000000340e8                etimer_process
 *fill*         0x00000000000340f8        0x8 
 .data          0x0000000000034100       0xb0 obj_cooja/mtype645.a(log.o)
                0x0000000000034100                curr_log_level_main
                0x0000000000034120                all_modules
 .data          0x00000000000341b0        0x0 obj_cooja/mtype645.a(process.o)
 .data          0x00000000000341b0        0x0 obj_cooja/mtype645.a(rtimer.o)
 .data          0x00000000000341b0        0x0 obj_cooja/mtype645.a(node-id.o)
 .data          0x00000000000341b0        0x0 obj_cooja/mtype645.a(timer.o)
 .data          0x00000000000341b0       0x10 obj_cooja/mtype645.a(serial-line.o)
                0x00000000000341b0                serial_line_process
 .data          0x00000000000341c0        0x0 obj_cooja/mtype645.a(list.o)
 .data          0x00000000000341c0        0x0 obj_cooja/mtype645.a(ringbuf.o)
 .data          0x00000000000341c0        0x4 obj_cooja/mtype645.a(packetbuf.o)
 .data          0x00000000000341c4        0x4 obj_cooja/mtype645.a(netstack.o)
 .data          0x00000000000341c8        0x0 obj_cooja/mtype645.a(linkaddr.o)
 .data          0x00000000000341c8        0x0 obj_cooja/mtype645.a(csma.o)
 .data          0x00000000000341c8       0x28 obj_cooja/mtype645.a(csma-output.o)
 .data          0x00000000000341f0        0x0 obj_cooja/mtype645.a(uip-ds6.o)
 .data          0x00000000000341f0       0x14 obj_cooja/mtype645.a(tcp-socket.o)
                0x00000000000341f4                tcp_socket_process
 .data          0x0000000000034204       0x10 obj_cooja/mtype645.a(tcpip.o)
                0x0000000000034204                tcpip_process
 .data          0x0000000000034214       0x10 obj_cooja/mtype645.a(uip-ds6-route.o)
 .data          0x0000000000034224        0x0 obj_cooja/mtype645.a(uip6.o)
 .data          0x0000000000034224       0x14 obj_cooja/mtype645.a(uip-ds6-nbr.o)
                0x0000000000034234                ds6_neighbors
 .data          0x0000000000034238        0xc obj_cooja/mtype645.a(uip-nd6.o)
 .data          0x0000000000034244        0x0 obj_cooja/mtype645.a(sicslowpan.o)
 .data          0x0000000000034244        0x0 obj_cooja/mtype645.a(uiplib.o)
 .data          0x0000000000034244        0x0 obj_cooja/mtype645.a(rpl.o)
 .data          0x0000000000034244       0x30 obj_cooja/mtype645.a(rpl-icmp6.o)
 .data          0x0000000000034274        0x0 obj_cooja/mtype645.a(rpl-dag.o)
 .data          0x0000000000034274        0x0 obj_cooja/mtype645.a(rpl-dag-root.o)
 .data          0x0000000000034274        0x0 obj_cooja/mtype645.a(watchdog.o)
 .data          0x0000000000034274        0x0 obj_cooja/mtype645.a(stimer.o)
 .data          0x0000000000034274        0x0 obj_cooja/mtype645.a(memb.o)
 .data          0x0000000000034274       0x18 obj_cooja/mtype645.a(queuebuf.o)
 .data          0x000000000003428c       0x10 obj_cooja/mtype645.a(nbr-table.o)
 .data          0x000000000003429c       0x14 obj_cooja/mtype645.a(link-stats.o)
 .data          0x00000000000342b0        0x0 obj_cooja/mtype645.a(mac-sequence.o)
 .data          0x00000000000342b0        0x0 obj_cooja/mtype645.a(mac.o)
 .data          0x00000000000342b0        0x0 obj_cooja/mtype645.a(framer-802154.o)
 .data          0x00000000000342b0        0x2 obj_cooja/mtype645.a(frame802154.o)
 .data          0x00000000000342b2        0x0 obj_cooja/mtype645.a(uipbuf.o)
 *fill*         0x00000000000342b2        0x2 
 .data          0x00000000000342b4       0x20 obj_cooja/mtype645.a(uip-icmp6.o)
 .data          0x00000000000342d4       0x10 obj_cooja/mtype645.a(uip-sr.o)
 .data          0x00000000000342e4        0xc obj_cooja/mtype645.a(uip-packetqueue)
 .data          0x00000000000342f0        0x0 obj_cooja/mtype645.a(rpl-nbr-policy.)
 .data          0x00000000000342f0       0x14 obj_cooja/mtype645.a(rpl-neighbor.o)
                0x0000000000034300                rpl_neighbors
 .data          0x0000000000034304        0x0 obj_cooja/mtype645.a(rpl-timers.o)
 .data          0x0000000000034304        0x0 obj_cooja/mtype645.a(rpl-ext-header.)
 *fill*         0x0000000000034304       0x1c 
 .data          0x0000000000034320       0x24 obj_cooja/mtype645.a(rpl-mrhof.o)
                0x0000000000034320                rpl_mrhof
 .data          0x0000000000034344        0x0 /usr/lib/gcc/i686-linux-gnu/5/crtendS.o
 .data          0x0000000000034344        0x0 /usr/lib/gcc/i686-linux-gnu/5/../../../i386-linux-gnu/crtn.o

.tm_clone_table
                0x0000000000034344        0x0
 .tm_clone_table
                0x0000000000034344        0x0 /usr/lib/gcc/i686-linux-gnu/5/crtbeginS.o
 .tm_clone_table
                0x0000000000034344        0x0 /usr/lib/gcc/i686-linux-gnu/5/crtendS.o

.data1
 *(.data1)
                0x0000000000034344                _edata = .
                [!provide]                        PROVIDE (edata, .)
                0x0000000000034344                . = .
                0x0000000000034344                __bss_start = .

.bss            0x0000000000034360    0x14660
 *(.dynbss)
 .dynbss        0x0000000000034360        0x0 /usr/lib/gcc/i686-linux-gnu/5/../../../i386-linux-gnu/crti.o
 *(.bss .bss.* .gnu.linkonce.b.*)
 .bss           0x0000000000034360        0x0 /usr/lib/gcc/i686-linux-gnu/5/../../../i386-linux-gnu/crti.o
 .bss           0x0000000000034360        0x1 /usr/lib/gcc/i686-linux-gnu/5/crtbeginS.o
 *fill*         0x0000000000034361       0x1f 
 .bss           0x0000000000034380      0xbd0 mqtt-demo.o
 *fill*         0x0000000000034f50       0x10 
 .bss           0x0000000000034f60     0x2030 obj_cooja/mtype645.o
 .bss           0x0000000000036f90        0x1 obj_cooja/mtype645.a(simEnvChange.o)
                0x0000000000036f90                simDontFallAsleep
 *fill*         0x0000000000036f91        0x3 
 .bss           0x0000000000036f94        0x4 obj_cooja/mtype645.a(cooja_mt.o)
 .bss           0x0000000000036f98        0x4 obj_cooja/mtype645.a(cooja_mtarch.o)
 .bss           0x0000000000036f9c        0x0 obj_cooja/mtype645.a(rtimer-arch.o)
 .bss           0x0000000000036f9c        0x0 obj_cooja/mtype645.a(beep.o)
 .bss           0x0000000000036f9c        0x8 obj_cooja/mtype645.a(button-sensor.o)
 .bss           0x0000000000036fa4        0x0 obj_cooja/mtype645.a(leds-arch.o)
 .bss           0x0000000000036fa4        0x0 obj_cooja/mtype645.a(moteid.o)
 .bss           0x0000000000036fa4        0x1 obj_cooja/mtype645.a(pir-sensor.o)
                0x0000000000036fa4                simPirValue
 *fill*         0x0000000000036fa5        0x3 
 .bss           0x0000000000036fa8        0x4 obj_cooja/mtype645.a(rs232.o)
 .bss           0x0000000000036fac        0x1 obj_cooja/mtype645.a(vib-sensor.o)
                0x0000000000036fac                simVibValue
 .bss           0x0000000000036fad        0x0 obj_cooja/mtype645.a(clock.o)
 *fill*         0x0000000000036fad       0x13 
 .bss           0x0000000000036fc0     0x2020 obj_cooja/mtype645.a(cooja-log.o)
 .bss           0x0000000000038fe0      0xfc0 obj_cooja/mtype645.a(cfs-cooja.o)
                0x0000000000038fe0                simCFSData
                0x0000000000039f80                simCFSSize
                0x0000000000039f84                simCFSChanged
                0x0000000000039f88                simCFSRead
                0x0000000000039f8c                simCFSWritten
 .bss           0x0000000000039fa0       0x24 obj_cooja/mtype645.a(cooja-radio.o)
                0x0000000000039fa0                simReceiving
                0x0000000000039fa4                simInSize
                0x0000000000039fa8                simLastPacketTimestamp
                0x0000000000039fb0                simOutSize
 .bss           0x0000000000039fc4        0xc obj_cooja/mtype645.a(eeprom.o)
                0x0000000000039fc4                simEEPROMChanged
                0x0000000000039fc8                simEEPROMRead
                0x0000000000039fcc                simEEPROMWritten
 .bss           0x0000000000039fd0        0x0 obj_cooja/mtype645.a(random.o)
 .bss           0x0000000000039fd0        0xc obj_cooja/mtype645.a(sensors.o)
 .bss           0x0000000000039fdc        0x0 obj_cooja/mtype645.a(leds.o)
 .bss           0x0000000000039fdc       0x15 obj_cooja/mtype645.a(mqtt.o)
 .bss           0x0000000000039ff1        0x0 obj_cooja/mtype645.a(contiki-main.o)
 .bss           0x0000000000039ff1        0x0 obj_cooja/mtype645.a(autostart.o)
 *fill*         0x0000000000039ff1        0x3 
 .bss           0x0000000000039ff4        0x5 obj_cooja/mtype645.a(ctimer.o)
 .bss           0x0000000000039ff9        0x0 obj_cooja/mtype645.a(energest.o)
 *fill*         0x0000000000039ff9        0x3 
 .bss           0x0000000000039ffc        0x8 obj_cooja/mtype645.a(etimer.o)
 .bss           0x000000000003a004       0x28 obj_cooja/mtype645.a(log.o)
                0x000000000003a004                curr_log_level_rpl
                0x000000000003a008                curr_log_level_tcpip
                0x000000000003a00c                curr_log_level_ipv6
                0x000000000003a010                curr_log_level_6lowpan
                0x000000000003a014                curr_log_level_nullnet
                0x000000000003a018                curr_log_level_mac
                0x000000000003a01c                curr_log_level_framer
                0x000000000003a020                curr_log_level_6top
                0x000000000003a024                curr_log_level_coap
                0x000000000003a028                curr_log_level_lwm2m
 *fill*         0x000000000003a02c       0x14 
 .bss           0x000000000003a040      0x1a1 obj_cooja/mtype645.a(process.o)
                0x000000000003a040                process_list
                0x000000000003a044                process_current
 *fill*         0x000000000003a1e1        0x3 
 .bss           0x000000000003a1e4        0x4 obj_cooja/mtype645.a(rtimer.o)
 .bss           0x000000000003a1e8        0x2 obj_cooja/mtype645.a(node-id.o)
                0x000000000003a1e8                node_id
 .bss           0x000000000003a1ea        0x0 obj_cooja/mtype645.a(timer.o)
 *fill*         0x000000000003a1ea       0x16 
 .bss           0x000000000003a200      0x140 obj_cooja/mtype645.a(serial-line.o)
 .bss           0x000000000003a340        0x0 obj_cooja/mtype645.a(list.o)
 .bss           0x000000000003a340        0x0 obj_cooja/mtype645.a(ringbuf.o)
 .bss           0x000000000003a340       0xa0 obj_cooja/mtype645.a(packetbuf.o)
 .bss           0x000000000003a3e0        0x4 obj_cooja/mtype645.a(netstack.o)
 .bss           0x000000000003a3e4        0x0 obj_cooja/mtype645.a(linkaddr.o)
 .bss           0x000000000003a3e4        0x0 obj_cooja/mtype645.a(csma.o)
 *fill*         0x000000000003a3e4       0x1c 
 .bss           0x000000000003a400      0x726 obj_cooja/mtype645.a(csma-output.o)
 *fill*         0x000000000003ab26        0x2 
 .bss           0x000000000003ab28       0x20 obj_cooja/mtype645.a(uip-ds6.o)
 .bss           0x000000000003ab48        0x5 obj_cooja/mtype645.a(tcp-socket.o)
 *fill*         0x000000000003ab4d       0x13 
 .bss           0x000000000003ab60       0xc4 obj_cooja/mtype645.a(tcpip.o)
 *fill*         0x000000000003ac24       0x1c 
 .bss           0x000000000003ac40       0x60 obj_cooja/mtype645.a(uip-ds6-route.o)
 .bss           0x000000000003aca0        0xc obj_cooja/mtype645.a(uip6.o)
                0x000000000003aca0                uip_ext_bitmap
                0x000000000003aca1                uip_ext_len
                0x000000000003aca2                uip_ext_opt_offset
 *fill*         0x000000000003acac       0x14 
 .bss           0x000000000003acc0     0x1c20 obj_cooja/mtype645.a(uip-ds6-nbr.o)
 .bss           0x000000000003c8e0       0x10 obj_cooja/mtype645.a(uip-nd6.o)
 *fill*         0x000000000003c8f0       0x10 
 .bss           0x000000000003c900      0x724 obj_cooja/mtype645.a(sicslowpan.o)
 .bss           0x000000000003d024        0x0 obj_cooja/mtype645.a(uiplib.o)
 .bss           0x000000000003d024        0x1 obj_cooja/mtype645.a(rpl.o)
 .bss           0x000000000003d025        0x0 obj_cooja/mtype645.a(rpl-icmp6.o)
 .bss           0x000000000003d025        0x0 obj_cooja/mtype645.a(rpl-dag.o)
 *fill*         0x000000000003d025        0x3 
 .bss           0x000000000003d028       0x11 obj_cooja/mtype645.a(rpl-dag-root.o)
 .bss           0x000000000003d039        0x0 obj_cooja/mtype645.a(watchdog.o)
 .bss           0x000000000003d039        0x0 obj_cooja/mtype645.a(stimer.o)
 .bss           0x000000000003d039        0x0 obj_cooja/mtype645.a(memb.o)
 *fill*         0x000000000003d039        0x7 
 .bss           0x000000000003d040     0x2c80 obj_cooja/mtype645.a(queuebuf.o)
 .bss           0x000000000003fcc0     0x1214 obj_cooja/mtype645.a(nbr-table.o)
 *fill*         0x0000000000040ed4        0xc 
 .bss           0x0000000000040ee0      0xe10 obj_cooja/mtype645.a(link-stats.o)
 *fill*         0x0000000000041cf0       0x10 
 .bss           0x0000000000041d00      0x100 obj_cooja/mtype645.a(mac-sequence.o)
 .bss           0x0000000000041e00        0x0 obj_cooja/mtype645.a(mac.o)
 .bss           0x0000000000041e00        0x2 obj_cooja/mtype645.a(framer-802154.o)
 .bss           0x0000000000041e02        0x0 obj_cooja/mtype645.a(frame802154.o)
 *fill*         0x0000000000041e02        0x2 
 .bss           0x0000000000041e04        0xc obj_cooja/mtype645.a(uipbuf.o)
 .bss           0x0000000000041e10       0x18 obj_cooja/mtype645.a(uip-icmp6.o)
 *fill*         0x0000000000041e28       0x18 
 .bss           0x0000000000041e40     0x1d80 obj_cooja/mtype645.a(uip-sr.o)
 .bss           0x0000000000043bc0      0xa78 obj_cooja/mtype645.a(uip-packetqueue)
 .bss           0x0000000000044638        0xe obj_cooja/mtype645.a(rpl-nbr-policy.)
 *fill*         0x0000000000044646       0x1a 
 .bss           0x0000000000044660      0x960 obj_cooja/mtype645.a(rpl-neighbor.o)
 .bss           0x0000000000044fc0       0x40 obj_cooja/mtype645.a(rpl-timers.o)
 .bss           0x0000000000045000        0x0 obj_cooja/mtype645.a(rpl-ext-header.)
 .bss           0x0000000000045000        0x0 obj_cooja/mtype645.a(rpl-mrhof.o)
 .bss           0x0000000000045000        0x0 /usr/lib/gcc/i686-linux-gnu/5/crtendS.o
 .bss           0x0000000000045000        0x0 /usr/lib/gcc/i686-linux-gnu/5/../../../i386-linux-gnu/crtn.o
 *(COMMON)
 COMMON         0x0000000000045000        0x4 mqtt-demo.o
                0x0000000000045000                value
 COMMON         0x0000000000045004        0x8 obj_cooja/mtype645.o
                0x0000000000045004                referenceVar
                0x0000000000045008                sensors_flags
 COMMON         0x000000000004500c        0xc obj_cooja/mtype645.a(simEnvChange.o)
                0x000000000004500c                simEtimerPending
                0x0000000000045010                simProcessRunValue
                0x0000000000045014                simEtimerNextExpirationTime
 COMMON         0x0000000000045018       0x18 obj_cooja/mtype645.a(rtimer-arch.o)
                0x0000000000045018                simRtimerPending
                0x0000000000045020                simRtimerCurrentTicks
                0x0000000000045028                simRtimerNextExpirationTime
 COMMON         0x0000000000045030        0x1 obj_cooja/mtype645.a(beep.o)
                0x0000000000045030                simBeeped
 COMMON         0x0000000000045031        0x3 obj_cooja/mtype645.a(button-sensor.o)
                0x0000000000045031                simButtonIsActive
                0x0000000000045032                simButtonIsDown
                0x0000000000045033                simButtonChanged
 COMMON         0x0000000000045034        0x1 obj_cooja/mtype645.a(leds-arch.o)
                0x0000000000045034                simLedsValue
 *fill*         0x0000000000045035        0x3 
 COMMON         0x0000000000045038        0xc obj_cooja/mtype645.a(moteid.o)
                0x0000000000045038                simRandomSeed
                0x000000000004503c                simMoteIDChanged
                0x0000000000045040                simMoteID
 COMMON         0x0000000000045044        0x2 obj_cooja/mtype645.a(pir-sensor.o)
                0x0000000000045044                simPirIsActive
                0x0000000000045045                simPirChanged
 *fill*         0x0000000000045046       0x1a 
 COMMON         0x0000000000045060      0x820 obj_cooja/mtype645.a(rs232.o)
                0x0000000000045060                simSerialReceivingFlag
                0x0000000000045064                simSerialReceivingLength
                0x0000000000045080                simSerialReceivingData
 COMMON         0x0000000000045880        0x2 obj_cooja/mtype645.a(vib-sensor.o)
                0x0000000000045880                simVibChanged
                0x0000000000045881                simVibIsActive
 *fill*         0x0000000000045882        0x2 
 COMMON         0x0000000000045884        0x4 obj_cooja/mtype645.a(clock.o)
                0x0000000000045884                simCurrentTime
 *fill*         0x0000000000045888       0x18 
 COMMON         0x00000000000458a0     0x2020 obj_cooja/mtype645.a(cooja-log.o)
                0x00000000000458a0                simLoggedLength
                0x00000000000458a4                simLoggedFlag
                0x00000000000458c0                simLoggedData
 COMMON         0x00000000000478c0      0x100 obj_cooja/mtype645.a(cooja-radio.o)
                0x00000000000478c0                simOutDataBuffer
                0x0000000000047940                simInDataBuffer
 COMMON         0x00000000000479c0      0x400 obj_cooja/mtype645.a(eeprom.o)
                0x00000000000479c0                simEEPROMData
 COMMON         0x0000000000047dc0        0x1 obj_cooja/mtype645.a(sensors.o)
                0x0000000000047dc0                sensors_event
 COMMON         0x0000000000047dc1        0x1 obj_cooja/mtype645.a(mqtt.o)
                0x0000000000047dc1                mqtt_update_event
 *fill*         0x0000000000047dc2        0x2 
 COMMON         0x0000000000047dc4       0x50 obj_cooja/mtype645.a(contiki-main.o)
                0x0000000000047dc4                eb_per_time_source
                0x0000000000047dd8                unicast_per_neighbor_rpl_storing
                0x0000000000047dec                unicast_per_neighbor_rpl_ns
                0x0000000000047e00                default_common
 COMMON         0x0000000000047e14        0x1 obj_cooja/mtype645.a(serial-line.o)
                0x0000000000047e14                serial_line_event_message
 *fill*         0x0000000000047e15        0x3 
 COMMON         0x0000000000047e18       0x2c obj_cooja/mtype645.a(packetbuf.o)
                0x0000000000047e18                packetbuf_attrs
                0x0000000000047e34                packetbuf_addrs
 COMMON         0x0000000000047e44        0x8 obj_cooja/mtype645.a(linkaddr.o)
                0x0000000000047e44                linkaddr_node_addr
 *fill*         0x0000000000047e4c       0x14 
 COMMON         0x0000000000047e60      0x181 obj_cooja/mtype645.a(uip-ds6.o)
                0x0000000000047e60                uip_ds6_prefix_list
                0x0000000000047ec0                uip_ds6_timer_periodic
                0x0000000000047ed0                uip_ds6_netif_addr_list_offset
                0x0000000000047ee0                uip_ds6_if
                0x0000000000047fd8                uip_ds6_timer_ra
                0x0000000000047fe0                uip_ds6_addr_size
 COMMON         0x0000000000047fe1        0x1 obj_cooja/mtype645.a(tcpip.o)
                0x0000000000047fe1                tcpip_event
 *fill*         0x0000000000047fe2       0x1e 
 COMMON         0x0000000000048000      0x80c obj_cooja/mtype645.a(uip6.o)
                0x0000000000048000                uip_slen
                0x0000000000048004                uip_acc32
                0x0000000000048020                uip_conns
                0x00000000000481a0                uip_lladdr
                0x00000000000481a8                uip_appdata
                0x00000000000481ac                uip_flags
                0x00000000000481c0                uip_aligned_buf
                0x00000000000486c0                uip_listenports
                0x00000000000486e8                uip_len
                0x00000000000486ec                uip_sappdata
                0x0000000000048700                uip_udp_conns
                0x0000000000048800                uip_udp_conn
                0x0000000000048804                uip_next_hdr
                0x0000000000048808                uip_conn
 COMMON         0x000000000004880c       0x10 obj_cooja/mtype645.a(rpl.o)
                0x000000000004880c                rpl_multicast_addr
 *fill*         0x000000000004881c        0x4 
 COMMON         0x0000000000048820      0x164 obj_cooja/mtype645.a(rpl-dag.o)
                0x0000000000048820                curr_instance
 *fill*         0x0000000000048984       0x1c 
 COMMON         0x00000000000489a0       0x20 obj_cooja/mtype645.a(link-stats.o)
                0x00000000000489a0                periodic_timer
                0x00000000000489c0                . = ALIGN ((. != 0x0)?0x4:0x1)
                0x00000000000489c0                . = ALIGN (0x4)
                0x00000000000489c0                . = SEGMENT_START ("ldata-segment", .)
                0x00000000000489c0                . = ALIGN (0x4)
                0x00000000000489c0                _end = .
                [!provide]                        PROVIDE (end, .)
                0x00000000000489c0                . = DATA_SEGMENT_END (.)

.stab
 *(.stab)

.stabstr
 *(.stabstr)

.stab.excl
 *(.stab.excl)

.stab.exclstr
 *(.stab.exclstr)

.stab.index
 *(.stab.index)

.stab.indexstr
 *(.stab.indexstr)

.comment        0x0000000000000000       0x35
 *(.comment)
 .comment       0x0000000000000000       0x35 /usr/lib/gcc/i686-linux-gnu/5/crtbeginS.o
                                         0x36 (size before relaxing)
 .comment       0x0000000000000035       0x36 mqtt-demo.o
 .comment       0x0000000000000035       0x36 obj_cooja/mtype645.o
 .comment       0x0000000000000035       0x36 obj_cooja/mtype645.a(simEnvChange.o)
 .comment       0x0000000000000035       0x36 obj_cooja/mtype645.a(cooja_mt.o)
 .comment       0x0000000000000035       0x36 obj_cooja/mtype645.a(cooja_mtarch.o)
 .comment       0x0000000000000035       0x36 obj_cooja/mtype645.a(rtimer-arch.o)
 .comment       0x0000000000000035       0x36 obj_cooja/mtype645.a(beep.o)
 .comment       0x0000000000000035       0x36 obj_cooja/mtype645.a(button-sensor.o)
 .comment       0x0000000000000035       0x36 obj_cooja/mtype645.a(leds-arch.o)
 .comment       0x0000000000000035       0x36 obj_cooja/mtype645.a(moteid.o)
 .comment       0x0000000000000035       0x36 obj_cooja/mtype645.a(pir-sensor.o)
 .comment       0x0000000000000035       0x36 obj_cooja/mtype645.a(rs232.o)
 .comment       0x0000000000000035       0x36 obj_cooja/mtype645.a(vib-sensor.o)
 .comment       0x0000000000000035       0x36 obj_cooja/mtype645.a(clock.o)
 .comment       0x0000000000000035       0x36 obj_cooja/mtype645.a(cooja-log.o)
 .comment       0x0000000000000035       0x36 obj_cooja/mtype645.a(cfs-cooja.o)
 .comment       0x0000000000000035       0x36 obj_cooja/mtype645.a(cooja-radio.o)
 .comment       0x0000000000000035       0x36 obj_cooja/mtype645.a(eeprom.o)
 .comment       0x0000000000000035       0x36 obj_cooja/mtype645.a(random.o)
 .comment       0x0000000000000035       0x36 obj_cooja/mtype645.a(sensors.o)
 .comment       0x0000000000000035       0x36 obj_cooja/mtype645.a(leds.o)
 .comment       0x0000000000000035       0x36 obj_cooja/mtype645.a(mqtt.o)
 .comment       0x0000000000000035       0x36 obj_cooja/mtype645.a(contiki-main.o)
 .comment       0x0000000000000035       0x36 obj_cooja/mtype645.a(autostart.o)
 .comment       0x0000000000000035       0x36 obj_cooja/mtype645.a(ctimer.o)
 .comment       0x0000000000000035       0x36 obj_cooja/mtype645.a(energest.o)
 .comment       0x0000000000000035       0x36 obj_cooja/mtype645.a(etimer.o)
 .comment       0x0000000000000035       0x36 obj_cooja/mtype645.a(log.o)
 .comment       0x0000000000000035       0x36 obj_cooja/mtype645.a(process.o)
 .comment       0x0000000000000035       0x36 obj_cooja/mtype645.a(rtimer.o)
 .comment       0x0000000000000035       0x36 obj_cooja/mtype645.a(node-id.o)
 .comment       0x0000000000000035       0x36 obj_cooja/mtype645.a(timer.o)
 .comment       0x0000000000000035       0x36 obj_cooja/mtype645.a(serial-line.o)
 .comment       0x0000000000000035       0x36 obj_cooja/mtype645.a(list.o)
 .comment       0x0000000000000035       0x36 obj_cooja/mtype645.a(ringbuf.o)
 .comment       0x0000000000000035       0x36 obj_cooja/mtype645.a(packetbuf.o)
 .comment       0x0000000000000035       0x36 obj_cooja/mtype645.a(netstack.o)
 .comment       0x0000000000000035       0x36 obj_cooja/mtype645.a(linkaddr.o)
 .comment       0x0000000000000035       0x36 obj_cooja/mtype645.a(csma.o)
 .comment       0x0000000000000035       0x36 obj_cooja/mtype645.a(csma-output.o)
 .comment       0x0000000000000035       0x36 obj_cooja/mtype645.a(uip-ds6.o)
 .comment       0x0000000000000035       0x36 obj_cooja/mtype645.a(tcp-socket.o)
 .comment       0x0000000000000035       0x36 obj_cooja/mtype645.a(tcpip.o)
 .comment       0x0000000000000035       0x36 obj_cooja/mtype645.a(uip-ds6-route.o)
 .comment       0x0000000000000035       0x36 obj_cooja/mtype645.a(uip6.o)
 .comment       0x0000000000000035       0x36 obj_cooja/mtype645.a(uip-ds6-nbr.o)
 .comment       0x0000000000000035       0x36 obj_cooja/mtype645.a(uip-nd6.o)
 .comment       0x0000000000000035       0x36 obj_cooja/mtype645.a(sicslowpan.o)
 .comment       0x0000000000000035       0x36 obj_cooja/mtype645.a(uiplib.o)
 .comment       0x0000000000000035       0x36 obj_cooja/mtype645.a(rpl.o)
 .comment       0x0000000000000035       0x36 obj_cooja/mtype645.a(rpl-icmp6.o)
 .comment       0x0000000000000035       0x36 obj_cooja/mtype645.a(rpl-dag.o)
 .comment       0x0000000000000035       0x36 obj_cooja/mtype645.a(rpl-dag-root.o)
 .comment       0x0000000000000035       0x36 obj_cooja/mtype645.a(watchdog.o)
 .comment       0x0000000000000035       0x36 obj_cooja/mtype645.a(stimer.o)
 .comment       0x0000000000000035       0x36 obj_cooja/mtype645.a(memb.o)
 .comment       0x0000000000000035       0x36 obj_cooja/mtype645.a(queuebuf.o)
 .comment       0x0000000000000035       0x36 obj_cooja/mtype645.a(nbr-table.o)
 .comment       0x0000000000000035       0x36 obj_cooja/mtype645.a(link-stats.o)
 .comment       0x0000000000000035       0x36 obj_cooja/mtype645.a(mac-sequence.o)
 .comment       0x0000000000000035       0x36 obj_cooja/mtype645.a(mac.o)
 .comment       0x0000000000000035       0x36 obj_cooja/mtype645.a(framer-802154.o)
 .comment       0x0000000000000035       0x36 obj_cooja/mtype645.a(frame802154.o)
 .comment       0x0000000000000035       0x36 obj_cooja/mtype645.a(uipbuf.o)
 .comment       0x0000000000000035       0x36 obj_cooja/mtype645.a(uip-icmp6.o)
 .comment       0x0000000000000035       0x36 obj_cooja/mtype645.a(uip-sr.o)
 .comment       0x0000000000000035       0x36 obj_cooja/mtype645.a(uip-packetqueue)
 .comment       0x0000000000000035       0x36 obj_cooja/mtype645.a(rpl-nbr-policy.)
 .comment       0x0000000000000035       0x36 obj_cooja/mtype645.a(rpl-neighbor.o)
 .comment       0x0000000000000035       0x36 obj_cooja/mtype645.a(rpl-timers.o)
 .comment       0x0000000000000035       0x36 obj_cooja/mtype645.a(rpl-ext-header.)
 .comment       0x0000000000000035       0x36 obj_cooja/mtype645.a(rpl-mrhof.o)
 .comment       0x0000000000000035       0x36 /usr/lib/gcc/i686-linux-gnu/5/crtendS.o

.debug
 *(.debug)

.line
 *(.line)

.debug_srcinfo
 *(.debug_srcinfo)

.debug_sfnames
 *(.debug_sfnames)

.debug_aranges  0x0000000000000000      0x900
 *(.debug_aranges)
 .debug_aranges
                0x0000000000000000       0x20 mqtt-demo.o
 .debug_aranges
                0x0000000000000020       0x20 obj_cooja/mtype645.o
 .debug_aranges
                0x0000000000000040       0x20 obj_cooja/mtype645.a(simEnvChange.o)
 .debug_aranges
                0x0000000000000060       0x20 obj_cooja/mtype645.a(cooja_mt.o)
 .debug_aranges
                0x0000000000000080       0x20 obj_cooja/mtype645.a(cooja_mtarch.o)
 .debug_aranges
                0x00000000000000a0       0x20 obj_cooja/mtype645.a(rtimer-arch.o)
 .debug_aranges
                0x00000000000000c0       0x20 obj_cooja/mtype645.a(beep.o)
 .debug_aranges
                0x00000000000000e0       0x20 obj_cooja/mtype645.a(button-sensor.o)
 .debug_aranges
                0x0000000000000100       0x20 obj_cooja/mtype645.a(leds-arch.o)
 .debug_aranges
                0x0000000000000120       0x20 obj_cooja/mtype645.a(moteid.o)
 .debug_aranges
                0x0000000000000140       0x20 obj_cooja/mtype645.a(pir-sensor.o)
 .debug_aranges