Archive member included to satisfy reference by file (symbol)

obj_cooja/mtype353.a(simEnvChange.o)
                              obj_cooja/mtype353.o (simDontFallAsleep)
obj_cooja/mtype353.a(cooja_mt.o)
                              obj_cooja/mtype353.o (cooja_mt_start)
obj_cooja/mtype353.a(cooja_mtarch.o)
                              obj_cooja/mtype353.a(cooja_mt.o) (cooja_mtarch_start)
obj_cooja/mtype353.a(rtimer-arch.o)
                              obj_cooja/mtype353.o (rtimer_arch_check)
obj_cooja/mtype353.a(beep.o)  obj_cooja/mtype353.o (beep_interface)
obj_cooja/mtype353.a(button-sensor.o)
                              obj_cooja/mtype353.o (button_interface)
obj_cooja/mtype353.a(leds-arch.o)
                              obj_cooja/mtype353.o (leds_interface)
obj_cooja/mtype353.a(moteid.o)
                              obj_cooja/mtype353.o (moteid_interface)
obj_cooja/mtype353.a(pir-sensor.o)
                              obj_cooja/mtype353.o (pir_interface)
obj_cooja/mtype353.a(rs232.o)
                              obj_cooja/mtype353.o (rs232_interface)
obj_cooja/mtype353.a(vib-sensor.o)
                              obj_cooja/mtype353.o (vib_interface)
obj_cooja/mtype353.a(clock.o)
                              obj_cooja/mtype353.o (clock_interface)
obj_cooja/mtype353.a(cooja-log.o)
                              obj_cooja/mtype353.o (simlog_interface)
obj_cooja/mtype353.a(cfs-cooja.o)
                              obj_cooja/mtype353.o (cfs_interface)
obj_cooja/mtype353.a(cooja-radio.o)
                              obj_cooja/mtype353.o (radio_interface)
obj_cooja/mtype353.a(eeprom.o)
                              obj_cooja/mtype353.o (eeprom_interface)
obj_cooja/mtype353.a(random.o)
                              obj_cooja/mtype353.a(moteid.o) (random_init)
obj_cooja/mtype353.a(sensors.o)
                              obj_cooja/mtype353.a(button-sensor.o) (sensors_changed)
obj_cooja/mtype353.a(leds.o)  mqtt-demo.o (leds_on)
obj_cooja/mtype353.a(mqtt.o)  mqtt-demo.o (mqtt_disconnect)
obj_cooja/mtype353.a(contiki-main.o)
                              obj_cooja/mtype353.o (main)
obj_cooja/mtype353.a(autostart.o)
                              obj_cooja/mtype353.a(contiki-main.o) (autostart_start)
obj_cooja/mtype353.a(ctimer.o)
                              obj_cooja/mtype353.a(contiki-main.o) (ctimer_init)
obj_cooja/mtype353.a(energest.o)
                              obj_cooja/mtype353.a(contiki-main.o) (energest_init)
obj_cooja/mtype353.a(etimer.o)
                              obj_cooja/mtype353.a(contiki-main.o) (etimer_process)
obj_cooja/mtype353.a(log.o)   obj_cooja/mtype353.a(contiki-main.o) (curr_log_level_main)
obj_cooja/mtype353.a(process.o)
                              obj_cooja/mtype353.a(mqtt.o) (process_current)
obj_cooja/mtype353.a(rtimer.o)
                              obj_cooja/mtype353.a(contiki-main.o) (rtimer_init)
obj_cooja/mtype353.a(node-id.o)
                              obj_cooja/mtype353.a(contiki-main.o) (node_id)
obj_cooja/mtype353.a(timer.o)
                              mqtt-demo.o (timer_set)
obj_cooja/mtype353.a(serial-line.o)
                              mqtt-demo.o (serial_line_event_message)
obj_cooja/mtype353.a(list.o)  obj_cooja/mtype353.a(mqtt.o) (list_init)
obj_cooja/mtype353.a(ringbuf.o)
                              obj_cooja/mtype353.a(serial-line.o) (ringbuf_init)
obj_cooja/mtype353.a(packetbuf.o)
                              obj_cooja/mtype353.a(cooja-radio.o) (packetbuf_clear)
obj_cooja/mtype353.a(netstack.o)
                              obj_cooja/mtype353.a(contiki-main.o) (netstack_init)
obj_cooja/mtype353.a(linkaddr.o)
                              mqtt-demo.o (linkaddr_node_addr)
obj_cooja/mtype353.a(csma.o)  obj_cooja/mtype353.a(cooja-radio.o) (csma_driver)
obj_cooja/mtype353.a(csma-output.o)
                              obj_cooja/mtype353.a(csma.o) (csma_output_packet)
obj_cooja/mtype353.a(uip-ds6.o)
                              obj_cooja/mtype353.a(contiki-main.o) (uip_ds6_get_link_local)
obj_cooja/mtype353.a(tcp-socket.o)
                              obj_cooja/mtype353.a(mqtt.o) (tcp_socket_register)
obj_cooja/mtype353.a(tcpip.o)
                              obj_cooja/mtype353.a(tcp-socket.o) (tcpip_event)
obj_cooja/mtype353.a(uip-ds6-route.o)
                              obj_cooja/mtype353.a(uip-ds6.o) (uip_ds6_route_init)
obj_cooja/mtype353.a(uip6.o)  obj_cooja/mtype353.a(contiki-main.o) (uip_lladdr)
obj_cooja/mtype353.a(uip-ds6-nbr.o)
                              obj_cooja/mtype353.a(uip-ds6.o) (uip_ds6_neighbors_init)
obj_cooja/mtype353.a(uip-nd6.o)
                              obj_cooja/mtype353.a(uip6.o) (uip_nd6_init)
obj_cooja/mtype353.a(sicslowpan.o)
                              obj_cooja/mtype353.a(contiki-main.o) (sicslowpan_driver)
obj_cooja/mtype353.a(uiplib.o)
                              obj_cooja/mtype353.a(mqtt.o) (uiplib_ip6addrconv)
[...]
Memory Configuration

Name             Origin             Length             Attributes
*default*        0x0000000000000000 0xffffffffffffffff

Linker script and memory map

LOAD /usr/lib/gcc/i686-linux-gnu/5/../../../i386-linux-gnu/crti.o
LOAD /usr/lib/gcc/i686-linux-gnu/5/crtbeginS.o
LOAD mqtt-demo.o
LOAD obj_cooja/mtype353.o
LOAD obj_cooja/mtype353.a
LOAD /usr/lib/gcc/i686-linux-gnu/5/libgcc.a
LOAD /usr/lib/gcc/i686-linux-gnu/5/libgcc_s.so
LOAD /usr/lib/gcc/i686-linux-gnu/5/../../../i386-linux-gnu/libc.so
START GROUP
LOAD /lib/i386-linux-gnu/libc.so.6
LOAD /usr/lib/i386-linux-gnu/libc_nonshared.a
LOAD /lib/i386-linux-gnu/ld-linux.so.2
END GROUP
LOAD /usr/lib/gcc/i686-linux-gnu/5/libgcc.a
LOAD /usr/lib/gcc/i686-linux-gnu/5/libgcc_s.so
LOAD /usr/lib/gcc/i686-linux-gnu/5/crtendS.o
LOAD /usr/lib/gcc/i686-linux-gnu/5/../../../i386-linux-gnu/crtn.o
                0x0000000000000114                . = (0x0 + SIZEOF_HEADERS)

.note.gnu.build-id
                0x0000000000000114       0x24
 *(.note.gnu.build-id)
 .note.gnu.build-id
                0x0000000000000114       0x24 /usr/lib/gcc/i686-linux-gnu/5/../../../i386-linux-gnu/crti.o

.hash
 *(.hash)

.gnu.hash       0x0000000000000138     0x13d4
 *(.gnu.hash)
 .gnu.hash      0x0000000000000138     0x13d4 /usr/lib/gcc/i686-linux-gnu/5/../../../i386-linux-gnu/crti.o

.dynsym         0x000000000000150c     0x27b0
 *(.dynsym)
 .dynsym        0x000000000000150c     0x27b0 /usr/lib/gcc/i686-linux-gnu/5/../../../i386-linux-gnu/crti.o

.dynstr         0x0000000000003cbc     0x2b04
 *(.dynstr)
 .dynstr        0x0000000000003cbc     0x2b04 /usr/lib/gcc/i686-linux-gnu/5/../../../i386-linux-gnu/crti.o

.gnu.version    0x00000000000067c0      0x4f6
 *(.gnu.version)
 .gnu.version   0x00000000000067c0      0x4f6 /usr/lib/gcc/i686-linux-gnu/5/../../../i386-linux-gnu/crti.o

.gnu.version_d  0x0000000000006cb8        0x0
 *(.gnu.version_d)
 .gnu.version_d
                0x0000000000006cb8        0x0 /usr/lib/gcc/i686-linux-gnu/5/../../../i386-linux-gnu/crti.o

.gnu.version_r  0x0000000000006cb8       0x40
 *(.gnu.version_r)
 .gnu.version_r
                0x0000000000006cb8       0x40 /usr/lib/gcc/i686-linux-gnu/5/../../../i386-linux-gnu/crti.o

.rel.dyn        0x0000000000006cf8     0xa2f0
 *(.rel.init)
 .rel.init      0x0000000000006cf8        0x0 /usr/lib/gcc/i686-linux-gnu/5/../../../i386-linux-gnu/crti.o
 *(.rel.text .rel.text.* .rel.gnu.linkonce.t.*)
 .rel.text      0x0000000000006cf8     0x99e8 /usr/lib/gcc/i686-linux-gnu/5/../../../i386-linux-gnu/crti.o
 *(.rel.fini)
 .rel.fini      0x00000000000106e0        0x0 /usr/lib/gcc/i686-linux-gnu/5/../../../i386-linux-gnu/crti.o
 *(.rel.rodata .rel.rodata.* .rel.gnu.linkonce.r.*)
 .rel.rodata    0x00000000000106e0      0x578 /usr/lib/gcc/i686-linux-gnu/5/../../../i386-linux-gnu/crti.o
 *(.rel.data.rel.ro .rel.data.rel.ro.* .rel.gnu.linkonce.d.rel.ro.*)
 *(.rel.data .rel.data.* .rel.gnu.linkonce.d.*)
 .rel.data.rel.local
                0x0000000000010c58        0x8 /usr/lib/gcc/i686-linux-gnu/5/../../../i386-linux-gnu/crti.o
 .rel.data      0x0000000000010c60      0x350 /usr/lib/gcc/i686-linux-gnu/5/../../../i386-linux-gnu/crti.o
 *(.rel.tdata .rel.tdata.* .rel.gnu.linkonce.td.*)
 *(.rel.tbss .rel.tbss.* .rel.gnu.linkonce.tb.*)
 *(.rel.ctors)
 *(.rel.dtors)
 *(.rel.got)
 .rel.got       0x0000000000010fb0       0x28 /usr/lib/gcc/i686-linux-gnu/5/../../../i386-linux-gnu/crti.o
 *(.rel.bss .rel.bss.* .rel.gnu.linkonce.b.*)
 *(.rel.ifunc)
 .rel.ifunc     0x0000000000010fd8        0x0 /usr/lib/gcc/i686-linux-gnu/5/../../../i386-linux-gnu/crti.o
 .rel.fini_array
                0x0000000000010fd8        0x8 /usr/lib/gcc/i686-linux-gnu/5/../../../i386-linux-gnu/crti.o
 .rel.init_array
                0x0000000000010fe0        0x8 /usr/lib/gcc/i686-linux-gnu/5/../../../i386-linux-gnu/crti.o

.rel.plt        0x0000000000010fe8        0x0
 *(.rel.plt)
 .rel.plt       0x0000000000010fe8        0x0 /usr/lib/gcc/i686-linux-gnu/5/../../../i386-linux-gnu/crti.o
 *(.rel.iplt)

.init           0x0000000000010fe8       0x23
 *(SORT(.init))
 .init          0x0000000000010fe8       0x1e /usr/lib/gcc/i686-linux-gnu/5/../../../i386-linux-gnu/crti.o
                0x0000000000010fe8                _init
 .init          0x0000000000011006        0x5 /usr/lib/gcc/i686-linux-gnu/5/../../../i386-linux-gnu/crtn.o

.plt            0x0000000000011010       0x10
 *(.plt)
 .plt           0x0000000000011010       0x10 /usr/lib/gcc/i686-linux-gnu/5/../../../i386-linux-gnu/crti.o
 *(.iplt)

.plt.got        0x0000000000011020       0x10
 *(.plt.got)
 .plt.got       0x0000000000011020       0x10 /usr/lib/gcc/i686-linux-gnu/5/../../../i386-linux-gnu/crti.o

.text           0x0000000000011030    0x19a2c
 *(.text.unlikely .text.*_unlikely .text.unlikely.*)
 .text.unlikely
                0x0000000000011030        0x0 /usr/lib/gcc/i686-linux-gnu/5/crtbeginS.o
 *(.text.exit .text.exit.*)
 *(.text.startup .text.startup.*)
 *(.text.hot .text.hot.*)
 *(.text .stub .text.* .gnu.linkonce.t.*)
 .text          0x0000000000011030        0x0 /usr/lib/gcc/i686-linux-gnu/5/../../../i386-linux-gnu/crti.o
 .gnu.linkonce.t.__x86.get_pc_thunk.bx
                0x0000000000011030        0x4 /usr/lib/gcc/i686-linux-gnu/5/../../../i386-linux-gnu/crti.o
                0x0000000000011030                __x86.get_pc_thunk.bx
 *fill*         0x0000000000011034        0xc 
 .text          0x0000000000011040      0x11c /usr/lib/gcc/i686-linux-gnu/5/crtbeginS.o
 .text.__x86.get_pc_thunk.dx
                0x000000000001115c        0x4 /usr/lib/gcc/i686-linux-gnu/5/crtbeginS.o
                0x000000000001115c                __x86.get_pc_thunk.dx
 .text          0x0000000000011160     0x1225 mqtt-demo.o
                0x0000000000011160                ipaddr_sprintf
                0x000000000001130c                str_to_float
                0x00000000000114b3                parse_readings
 .text          0x0000000000012385      0x271 obj_cooja/mtype353.o
                0x0000000000012417                platform_init_stage_one
                0x000000000001241d                platform_init_stage_two
                0x000000000001242b                platform_init_stage_three
                0x000000000001243e                platform_main_loop
                0x00000000000124b1                Java_org_contikios_cooja_corecomm_Lib2_init
                0x00000000000124e8                Java_org_contikios_cooja_corecomm_Lib2_getMemory
                0x000000000001251b                Java_org_contikios_cooja_corecomm_Lib2_setMemory
                0x000000000001257b                Java_org_contikios_cooja_corecomm_Lib2_tick
                0x00000000000125e3                Java_org_contikios_cooja_corecomm_Lib2_setReferenceAddress
 .text          0x00000000000125f6       0x65 obj_cooja/mtype353.a(simEnvChange.o)
                0x00000000000125f6                doActionsBeforeTick
                0x0000000000012628                doActionsAfterTick
 .text          0x000000000001265b       0x83 obj_cooja/mtype353.a(cooja_mt.o)
                0x000000000001265b                cooja_mt_start
                0x0000000000012685                cooja_mt_exec
                0x00000000000126bb                cooja_mt_yield
 .text          0x00000000000126de       0xbe obj_cooja/mtype353.a(cooja_mtarch.o)
                0x00000000000126de                cooja_mtarch_start
                0x0000000000012751                cooja_sw
                0x0000000000012774                cooja_mtarch_exec
                0x0000000000012791                cooja_mtarch_yield
 .text          0x000000000001279c       0xc5 obj_cooja/mtype353.a(rtimer-arch.o)
                0x000000000001279c                rtimer_arch_init
                0x00000000000127c0                rtimer_arch_schedule
                0x00000000000127f0                rtimer_arch_next
                0x0000000000012800                rtimer_arch_pending
                0x000000000001280a                rtimer_arch_check
                0x0000000000012851                rtimer_arch_now
 .text          0x0000000000012861       0x81 obj_cooja/mtype353.a(beep.o)
                0x0000000000012861                beep_alarm
                0x000000000001286e                beep_beep
                0x000000000001287b                beep
                0x0000000000012888                beep_down
                0x0000000000012895                beep_on
                0x00000000000128a2                beep_off
                0x00000000000128af                beep_spinup
                0x00000000000128bc                beep_quick
                0x00000000000128c9                beep_long
 .text          0x00000000000128e2      0x10d obj_cooja/mtype353.a(button-sensor.o)
 .text          0x00000000000129ef       0x49 obj_cooja/mtype353.a(leds-arch.o)
                0x00000000000129ef                leds_arch_init
                0x00000000000129fc                leds_arch_get
                0x0000000000012a08                leds_arch_set
 .text          0x0000000000012a38       0x35 obj_cooja/mtype353.a(moteid.o)
 .text          0x0000000000012a6d       0xb7 obj_cooja/mtype353.a(pir-sensor.o)
 .text          0x0000000000012b24      0x148 obj_cooja/mtype353.a(rs232.o)
                0x0000000000012b24                rs232_init
                0x0000000000012b2a                rs232_set_speed
                0x0000000000012b39                rs232_set_input
                0x0000000000012b47                rs232_send
                0x0000000000012b6b                rs232_print
                0x0000000000012b87                slip_arch_writeb
 .text          0x0000000000012c6c       0xb7 obj_cooja/mtype353.a(vib-sensor.o)
 .text          0x0000000000012d23       0x38 obj_cooja/mtype353.a(clock.o)
                0x0000000000012d23                clock_init
                0x0000000000012d29                clock_time
                0x0000000000012d33                clock_seconds
                0x0000000000012d49                clock_delay
 .text          0x0000000000012d5b      0x219 obj_cooja/mtype353.a(cooja-log.o)
                0x0000000000012d5b                simlog_char
                0x0000000000012d9e                simlog
                0x0000000000012e14                log_message
                0x0000000000012e45                log_set_putchar_with_slip
                0x0000000000012e53                log_putchar
                0x0000000000012ece                log_puts
                0x0000000000012ef6                log_printf
 .text          0x0000000000012f74      0x2b9 obj_cooja/mtype353.a(cfs-cooja.o)
                0x0000000000012f74                cfs_open
                0x0000000000012fdd                cfs_close
                0x0000000000012fea                cfs_read
                0x000000000001307f                cfs_write
                0x000000000001315b                cfs_seek
                0x00000000000131e3                cfs_remove
                0x0000000000013207                cfs_opendir
                0x0000000000013211                cfs_readdir
                0x000000000001321b                cfs_closedir
 .text          0x000000000001322d      0x605 obj_cooja/mtype353.a(cooja-radio.o)
                0x000000000001326f                radio_set_channel
                0x000000000001327d                radio_set_txpower
                0x0000000000013295                radio_signal_strength_last
                0x000000000001329f                radio_signal_strength_current
                0x00000000000132a9                radio_LQI
 .text          0x0000000000013832       0xee obj_cooja/mtype353.a(eeprom.o)
                0x0000000000013832                eeprom_init
                0x0000000000013838                eeprom_read
                0x00000000000138a6                eeprom_write
 .text          0x0000000000013920       0x2d obj_cooja/mtype353.a(random.o)
                0x0000000000013920                random_init
                0x0000000000013940                random_rand
 .text          0x000000000001394d      0x29c obj_cooja/mtype353.a(sensors.o)
                0x0000000000013988                sensors_first
                0x0000000000013992                sensors_next
                0x00000000000139ac                sensors_changed
                0x00000000000139e0                sensors_find
 .text          0x0000000000013be9       0xf6 obj_cooja/mtype353.a(leds.o)
                0x0000000000013be9                leds_init
                0x0000000000013bf7                leds_blink
                0x0000000000013c3a                leds_get
                0x0000000000013c47                leds_set
                0x0000000000013c66                leds_on
                0x0000000000013c8c                leds_off
                0x0000000000013cb9                leds_toggle
 .text          0x0000000000013cdf     0x3779 obj_cooja/mtype353.a(mqtt.o)
                0x0000000000016e82                mqtt_init
                0x0000000000016f40                mqtt_register
                0x0000000000016fdd                mqtt_connect
                0x00000000000170ef                mqtt_disconnect
                0x000000000001712d                mqtt_subscribe
                0x00000000000171ea                mqtt_unsubscribe
                0x0000000000017298                mqtt_publish
                0x0000000000017379                mqtt_set_username_password
                0x0000000000017404                mqtt_set_last_will
 .text          0x0000000000017458      0x328 obj_cooja/mtype353.a(contiki-main.o)
                0x0000000000017458                main
 .text          0x0000000000017780       0x92 obj_cooja/mtype353.a(autostart.o)
                0x0000000000017780                autostart_start
                0x00000000000177ca                autostart_exit
 .text          0x0000000000017812      0x355 obj_cooja/mtype353.a(ctimer.o)
                0x000000000001793a                ctimer_init
                0x000000000001796d                ctimer_set
                0x0000000000017993                ctimer_set_with_process
                0x0000000000017a10                ctimer_reset
                0x0000000000017a64                ctimer_restart
                0x0000000000017ab8                ctimer_stop
                0x0000000000017b08                ctimer_expired
 .text          0x0000000000017b67       0x1b obj_cooja/mtype353.a(energest.o)
                0x0000000000017b67                energest_init
                0x0000000000017b6d                energest_flush
                0x0000000000017b73                energest_get_total_time
 .text          0x0000000000017b82      0x43f obj_cooja/mtype353.a(etimer.o)
                0x0000000000017da6                etimer_request_poll
                0x0000000000017e2f                etimer_set
                0x0000000000017e58                etimer_reset_with_new_interval
                0x0000000000017e87                etimer_reset
                0x0000000000017ead                etimer_restart
                0x0000000000017ed3                etimer_adjust
                0x0000000000017ef0                etimer_expired
                0x0000000000017f03                etimer_expiration_time
                0x0000000000017f15                etimer_start_time
                0x0000000000017f1f                etimer_pending
                0x0000000000017f31                etimer_next_expiration_time
                0x0000000000017f4b                etimer_stop
 .text          0x0000000000017fc1      0x394 obj_cooja/mtype353.a(log.o)
                0x0000000000017fc1                log_6addr
                0x0000000000018014                log_6addr_compact_snprint
                0x00000000000180b2                log_6addr_compact
                0x0000000000018105                log_lladdr
                0x0000000000018177                log_lladdr_compact
                0x00000000000181df                log_set_level
                0x000000000001829a                log_get_level
                0x0000000000018313                log_level_to_str
 .text          0x0000000000018355      0x4fb obj_cooja/mtype353.a(process.o)
                0x0000000000018355                process_alloc_event
                0x000000000001836a                process_start
                0x0000000000018544                process_exit
                0x0000000000018561                process_init
                0x00000000000186f6                process_run
                0x0000000000018729                process_nevents
                0x0000000000018744                process_post
                0x00000000000187d7                process_post_synch
                0x000000000001880c                process_poll
                0x000000000001883c                process_is_running
 .text          0x0000000000018850       0xeb obj_cooja/mtype353.a(rtimer.o)
                0x0000000000018850                rtimer_init
                0x000000000001885e                rtimer_set
                0x00000000000188d9                rtimer_run_next
 .text          0x000000000001893b       0x25 obj_cooja/mtype353.a(node-id.o)
                0x000000000001893b                node_id_init
 .text          0x0000000000018960       0x9c obj_cooja/mtype353.a(timer.o)
                0x0000000000018960                timer_set
                0x000000000001897e                timer_reset
                0x0000000000018996                timer_restart
                0x00000000000189ab                timer_expired
                0x00000000000189d8                timer_remaining
 .text          0x00000000000189fc      0x1eb obj_cooja/mtype353.a(serial-line.o)
                0x00000000000189fc                serial_line_input_byte
                0x0000000000018bb2                serial_line_init
 .text          0x0000000000018be7      0x28f obj_cooja/mtype353.a(list.o)
                0x0000000000018be7                list_init
                0x0000000000018bf6                list_head
                0x0000000000018c00                list_copy
                0x0000000000018c10                list_tail
                0x0000000000018c46                list_add
                0x0000000000018c92                list_push
                0x0000000000018cbe                list_chop
                0x0000000000018d28                list_pop
                0x0000000000018d50                list_remove
                0x0000000000018db8                list_length
                0x0000000000018de6                list_insert
                0x0000000000018e2b                list_item_next
                0x0000000000018e42                list_contains
 .text          0x0000000000018e76      0x156 obj_cooja/mtype353.a(ringbuf.o)
                0x0000000000018e76                ringbuf_init
                0x0000000000018ea8                ringbuf_put
                0x0000000000018f26                ringbuf_get
                0x0000000000018f93                ringbuf_size
                0x0000000000018fa5                ringbuf_elements
 .text          0x0000000000018fcc      0x407 obj_cooja/mtype353.a(packetbuf.o)
                0x0000000000018fcc                packetbuf_clear
                0x0000000000018ff7                packetbuf_copyfrom
                0x0000000000019046                packetbuf_copyto
                0x00000000000190d9                packetbuf_hdralloc
                0x0000000000019155                packetbuf_hdrreduce
                0x000000000001919b                packetbuf_set_datalen
                0x00000000000191b5                packetbuf_dataptr
                0x00000000000191d2                packetbuf_hdrptr
                0x00000000000191dc                packetbuf_datalen
                0x00000000000191e8                packetbuf_hdrlen
                0x00000000000191ff                packetbuf_totlen
                0x0000000000019215                packetbuf_remaininglen
                0x0000000000019228                packetbuf_attr_clear
                0x0000000000019274                packetbuf_attr_copyto
                0x00000000000192cc                packetbuf_attr_copyfrom
                0x0000000000019324                packetbuf_set_attr
                0x000000000001934e                packetbuf_attr
                0x0000000000019368                packetbuf_set_addr
                0x0000000000019399                packetbuf_addr
                0x00000000000193b6                packetbuf_holds_broadcast
 .text          0x00000000000193d3       0xef obj_cooja/mtype353.a(netstack.o)
                0x00000000000193d3                netstack_process_ip_callback
                0x0000000000019464                netstack_ip_packet_processor_add
                0x0000000000019487                uip_ds6_ip_packet_processor_rm
                0x00000000000194a4                netstack_init
 .text          0x00000000000194c2       0x4f obj_cooja/mtype353.a(linkaddr.o)
                0x00000000000194c2                linkaddr_copy
                0x00000000000194d8                linkaddr_cmp
                0x00000000000194fb                linkaddr_set_node_addr
 .text          0x0000000000019511      0x165 obj_cooja/mtype353.a(csma.o)
 .text          0x0000000000019676      0x944 obj_cooja/mtype353.a(csma-output.o)
                0x0000000000019cef                csma_output_packet
                0x0000000000019f7c                csma_output_init
 .text          0x0000000000019fba      0xb25 obj_cooja/mtype353.a(uip-ds6.o)
                0x0000000000019fba                uip_ds6_init
                0x000000000001a165                uip_ds6_periodic
                0x000000000001a1ec                uip_ds6_list_loop
                0x000000000001a2ac                uip_ds6_prefix_add
                0x000000000001a358                uip_ds6_prefix_rm
                0x000000000001a36b                uip_ds6_prefix_lookup
                0x000000000001a3aa                uip_ds6_is_addr_onlink
                0x000000000001a41d                uip_ds6_addr_add
                0x000000000001a53d                uip_ds6_addr_rm
                0x000000000001a5e6                uip_ds6_addr_lookup
                0x000000000001a61f                uip_ds6_get_link_local
                0x000000000001a6a0                uip_ds6_get_global
                0x000000000001a721                uip_ds6_maddr_add
                0x000000000001a781                uip_ds6_maddr_rm
                0x000000000001a794                uip_ds6_maddr_lookup
                0x000000000001a7cd                uip_ds6_aaddr_add
                0x000000000001a82d                uip_ds6_aaddr_rm
                0x000000000001a840                uip_ds6_aaddr_lookup
                0x000000000001a879                uip_ds6_select_src
                0x000000000001a9c2                uip_ds6_set_addr_iid
                0x000000000001a9ed                uip_ds6_set_lladdr_from_iid
                0x000000000001aa16                get_match_length
                0x000000000001aaa7                uip_ds6_compute_reachable_time
 .text          0x000000000001aadf      0x9d5 obj_cooja/mtype353.a(tcp-socket.o)
                0x000000000001b12a                tcp_socket_register
                0x000000000001b1bb                tcp_socket_connect
                0x000000000001b252                tcp_socket_listen
                0x000000000001b2c9                tcp_socket_unlisten
                0x000000000001b33d                tcp_socket_send
                0x000000000001b3dd                tcp_socket_send_str
                0x000000000001b405                tcp_socket_close
                0x000000000001b42e                tcp_socket_unregister
                0x000000000001b488                tcp_socket_max_sendlen
                0x000000000001b4a5                tcp_socket_queuelen
 .text          0x000000000001b4b4      0xa72 obj_cooja/mtype353.a(tcpip.o)
                0x000000000001b4ce                tcpip_output
                0x000000000001b5b2                tcp_connect
                0x000000000001b60a                tcp_unlisten
                0x000000000001b66a                tcp_listen
                0x000000000001b6c8                tcp_attach
                0x000000000001b6e0                udp_attach
                0x000000000001b6f8                udp_new
                0x000000000001b742                udp_broadcast_new
                0x000000000001b9c7                tcpip_input
                0x000000000001bb67                tcpip_ipv6_output
                0x000000000001bd7b                tcpip_poll_udp
                0x000000000001bd99                tcpip_poll_tcp
                0x000000000001bdb7                tcpip_uipcall
 .text          0x000000000001bf26      0x35b obj_cooja/mtype353.a(uip-ds6-route.o)
                0x000000000001bf77                uip_ds6_route_init
                0x000000000001bfa1                uip_ds6_route_nexthop
                0x000000000001bfab                uip_ds6_route_head
                0x000000000001bfb5                uip_ds6_route_next
                0x000000000001bfbf                uip_ds6_route_is_nexthop
                0x000000000001bfc9                uip_ds6_route_num_routes
                0x000000000001bfd3                uip_ds6_route_lookup
                0x000000000001bfdd                uip_ds6_route_add
                0x000000000001bff0                uip_ds6_route_rm
                0x000000000001bff6                uip_ds6_route_rm_by_nexthop
                0x000000000001bffc                uip_ds6_defrt_head
                0x000000000001c015                uip_ds6_defrt_add
                0x000000000001c0c3                uip_ds6_defrt_rm
                0x000000000001c129                uip_ds6_defrt_lookup
                0x000000000001c190                uip_ds6_defrt_choose
                0x000000000001c206                uip_ds6_defrt_periodic
 .text          0x000000000001c281     0x2802 obj_cooja/mtype353.a(uip6.o)
                0x000000000001c281                uip_add32
                0x000000000001c41b                uip_chksum
                0x000000000001c4fc                uip_icmp6chksum
                0x000000000001c511                uip_tcpchksum
                0x000000000001c526                uip_udpchksum
                0x000000000001c53b                uip_init
                0x000000000001c5c6                uip_connect
                0x000000000001c74f                remove_ext_hdr
                0x000000000001c834                uip_udp_new
                0x000000000001c956                uip_unlisten
                0x000000000001c998                uip_listen
                0x000000000001cc39                uip_process
                0x000000000001e97e                uip_htons
                0x000000000001e9a0                uip_htonl
                0x000000000001e9de                uip_send
 .text          0x000000000001ea83      0x374 obj_cooja/mtype353.a(uip-ds6-nbr.o)
                0x000000000001ea83                uip_ds6_neighbors_init
                0x000000000001eaa7                uip_ds6_nbr_add
                0x000000000001eb2d                uip_ds6_nbr_rm
                0x000000000001eb78                uip_ds6_nbr_update_ll
                0x000000000001ec66                uip_ds6_nbr_get_ipaddr
                0x000000000001ec7b                uip_ds6_nbr_get_ll
                0x000000000001ec97                uip_ds6_nbr_num
                0x000000000001ece0                uip_ds6_nbr_head
                0x000000000001ecf9                uip_ds6_nbr_next
                0x000000000001ed15                uip_ds6_nbr_lookup
                0x000000000001ed78                uip_ds6_nbr_ll_lookup
                0x000000000001ed94                uip_ds6_nbr_ipaddr_from_lladdr
                0x000000000001edbd                uip_ds6_nbr_lladdr_from_ipaddr
                0x000000000001edf1                uip_ds6_link_callback
 .text          0x000000000001edf7      0x6b5 obj_cooja/mtype353.a(uip-nd6.o)
                0x000000000001f493                uip_nd6_init
 .text          0x000000000001f4ac     0x2a78 obj_cooja/mtype353.a(sicslowpan.o)
                0x000000000001f9aa                netstack_sniffer_add
                0x000000000001f9b8                netstack_sniffer_remove
                0x0000000000021ef0                sicslowpan_init
                0x0000000000021f1a                sicslowpan_get_last_rssi
 .text          0x0000000000021f24      0x4d1 obj_cooja/mtype353.a(uiplib.o)
                0x0000000000021f24                uiplib_ip6addrconv
                0x00000000000220dc                uiplib_ip4addrconv
                0x000000000002219f                uiplib_ipaddr_print
                0x00000000000221f2                uiplib_ipaddr_snprint
 .text          0x00000000000223f5      0x4c9 obj_cooja/mtype353.a(rpl.o)
                0x00000000000223f5                rpl_lollipop_greater_than
                0x000000000002244f                rpl_get_global_address
                0x0000000000022547                rpl_link_callback
                0x000000000002258b                rpl_has_joined
                0x00000000000225b0                rpl_is_reachable
                0x0000000000022631                rpl_reset_prefix
                0x000000000002269b                rpl_set_prefix_from_addr
                0x0000000000022780                rpl_set_prefix
                0x000000000002289a                rpl_set_leaf_only
                0x00000000000228b2                rpl_get_leaf_only
 .text          0x00000000000228be     0x13cb obj_cooja/mtype353.a(rpl-icmp6.o)
                0x00000000000229e3                rpl_icmp6_update_nbr_table
                0x0000000000022a7c                rpl_icmp6_dis_output
                0x00000000000230d2                rpl_icmp6_dio_output
                0x00000000000238df                rpl_icmp6_dao_output
                0x0000000000023bd0                rpl_icmp6_dao_ack_output
                0x0000000000023c40                rpl_icmp6_init
 .text          0x0000000000023c89      0xe51 obj_cooja/mtype353.a(rpl-dag.o)
                0x0000000000023c89                rpl_dag_state_to_str
                0x0000000000023cc8                rpl_dag_get_root_ipaddr
                0x0000000000023d10                rpl_dag_leave
                0x0000000000023d99                rpl_dag_poison_and_leave
                0x0000000000023db1                rpl_dag_periodic
                0x0000000000023e39                rpl_is_addr_in_our_dag
                0x0000000000023e7d                rpl_get_default_instance
                0x0000000000023e99                rpl_get_any_dag
                0x0000000000023ef2                rpl_refresh_routes
                0x0000000000023f32                rpl_global_repair
                0x0000000000023fbe                rpl_local_repair
                0x0000000000024008                rpl_dag_ready_to_advertise
                0x000000000002404b                rpl_dag_update_state
                0x000000000002476f                rpl_process_dio
                0x00000000000247f0                rpl_process_dis
                0x0000000000024835                rpl_process_dao
                0x00000000000248c4                rpl_process_dao_ack
                0x0000000000024956                rpl_process_hbh
                0x00000000000249a6                rpl_dag_init_root
                0x0000000000024aba                rpl_dag_init
 .text          0x0000000000024ada      0x286 obj_cooja/mtype353.a(rpl-dag-root.o)
                0x0000000000024ada                rpl_dag_root_print_links
                0x0000000000024c28                rpl_dag_root_set_prefix
                0x0000000000024c54                rpl_dag_root_start
                0x0000000000024d31                rpl_dag_root_is_root
 .text          0x0000000000024d60       0x1e obj_cooja/mtype353.a(watchdog.o)
                0x0000000000024d60                watchdog_init
                0x0000000000024d66                watchdog_start
                0x0000000000024d6c                watchdog_periodic
                0x0000000000024d72                watchdog_stop
                0x0000000000024d78                watchdog_reboot
 .text          0x0000000000024d7e       0xb2 obj_cooja/mtype353.a(stimer.o)
                0x0000000000024d7e                stimer_set
                0x0000000000024d9c                stimer_reset
                0x0000000000024db4                stimer_restart
                0x0000000000024dc9                stimer_expired
                0x0000000000024df4                stimer_remaining
                0x0000000000024e18                stimer_elapsed
 .text          0x0000000000024e30      0x1b8 obj_cooja/mtype353.a(memb.o)
                0x0000000000024e30                memb_init
                0x0000000000024e85                memb_alloc
                0x0000000000024eea                memb_free
                0x0000000000024f65                memb_inmemb
                0x0000000000024fa4                memb_numfree
 .text          0x0000000000024fe8      0x2e7 obj_cooja/mtype353.a(queuebuf.o)
                0x0000000000024ff2                queuebuf_init
                0x000000000002501b                queuebuf_numfree
                0x0000000000025033                queuebuf_new_from_packetbuf
                0x00000000000250d2                queuebuf_update_attr_from_packetbuf
                0x0000000000025107                queuebuf_update_from_packetbuf
                0x0000000000025157                queuebuf_free
                0x00000000000251a0                queuebuf_to_packetbuf
                0x000000000002520c                queuebuf_dataptr
                0x0000000000025246                queuebuf_datalen
                0x0000000000025269                queuebuf_addr
                0x000000000002529e                queuebuf_attr
                0x00000000000252c9                queuebuf_debug_print
 .text          0x00000000000252cf      0x78b obj_cooja/mtype353.a(nbr-table.o)
                0x0000000000025748                nbr_table_register
                0x00000000000257b5                nbr_table_is_registered
                0x00000000000257f0                nbr_table_head
                0x000000000002584b                nbr_table_next
                0x00000000000258ac                nbr_table_add_lladdr
                0x0000000000025976                nbr_table_get_from_lladdr
                0x00000000000259c2                nbr_table_remove
                0x00000000000259fa                nbr_table_lock
                0x0000000000025a14                nbr_table_unlock
                0x0000000000025a2e                nbr_table_get_lladdr
 .text          0x0000000000025a5a      0x37c obj_cooja/mtype353.a(link-stats.o)
                0x0000000000025a5a                link_stats_from_lladdr
                0x0000000000025a76                link_stats_is_fresh
                0x0000000000025ab2                guess_etx_from_rssi
                0x0000000000025b2e                link_stats_packet_sent
                0x0000000000025c41                link_stats_input_callback
                0x0000000000025d51                link_stats_reset
                0x0000000000025da1                link_stats_init
 .text          0x0000000000025dd6      0x187 obj_cooja/mtype353.a(mac-sequence.o)
                0x0000000000025dd6                mac_sequence_is_duplicate
                0x0000000000025e76                mac_sequence_register_seqno
 .text          0x0000000000025f5d       0x23 obj_cooja/mtype353.a(mac.o)
                0x0000000000025f5d                mac_call_sent_callback
 .text          0x0000000000025f80      0x41d obj_cooja/mtype353.a(framer-802154.o)
                0x000000000002610f                framer_802154_setup_params
 .text          0x000000000002639d      0xb6f obj_cooja/mtype353.a(frame802154.o)
                0x00000000000263ce                frame802154_get_pan_id
                0x00000000000263da                frame802154_set_pan_id
                0x00000000000263f4                frame802154_has_panid
                0x00000000000265a3                frame802154_check_dest_panid
                0x000000000002662b                frame802154_is_broadcast_addr
                0x0000000000026678                frame802154_extract_linkaddr
                0x00000000000268dd                frame802154_hdrlen
                0x0000000000026950                frame802154_create_fcf
                0x0000000000026a08                frame802154_create
                0x0000000000026b7d                frame802154_parse_fcf
                0x0000000000026c5f                frame802154_parse
 .text          0x0000000000026f0c      0x1ec obj_cooja/mtype353.a(uipbuf.o)
                0x0000000000026f0c                uipbuf_get_next_header
                0x0000000000026f7b                uipbuf_get_last_header
                0x0000000000027002                uipbuf_get_attr
                0x0000000000027029                uipbuf_set_attr
                0x0000000000027060                uipbuf_clear_attr
                0x000000000002708c                uipbuf_set_attr_flag
                0x00000000000270ad                uipbuf_clr_attr_flag
                0x00000000000270d4                uipbuf_is_attr_flag
 .text          0x00000000000270f8      0x96e obj_cooja/mtype353.a(uip-icmp6.o)
                0x000000000002716d                uip_icmp6_input
                0x00000000000271c4                uip_icmp6_register_input_handler
                0x00000000000273d0                uip_icmp6_error_output
                0x000000000002772f                uip_icmp6_send
                0x00000000000279ee                uip_icmp6_echo_reply_callback_add
                0x0000000000027a20                uip_icmp6_echo_reply_callback_rm
                0x0000000000027a3d                uip_icmp6_init
 .text          0x0000000000027a66      0x69b obj_cooja/mtype353.a(uip-sr.o)
                0x0000000000027a66                uip_sr_num_nodes
                0x0000000000027af4                uip_sr_get_node
                0x0000000000027b4b                uip_sr_is_addr_reachable
                0x0000000000027bf9                uip_sr_expire_parent
                0x0000000000027c42                uip_sr_update_node
                0x0000000000027d72                uip_sr_init
                0x0000000000027da6                uip_sr_node_head
                0x0000000000027dbf                uip_sr_node_next
                0x0000000000027dd5                uip_sr_periodic
                0x0000000000027edb                uip_sr_free_all
                0x0000000000027f4b                uip_sr_link_snprint
 .text          0x0000000000028101      0x146 obj_cooja/mtype353.a(uip-packetqueue)
                0x000000000002812f                uip_packetqueue_new
                0x000000000002813e                uip_packetqueue_alloc
                0x0000000000028199                uip_packetqueue_free
                0x00000000000281e0                uip_packetqueue_buf
                0x00000000000281fd                uip_packetqueue_buflen
                0x000000000002821e                uip_packetqueue_set_buflen
 .text          0x0000000000028247      0x1c8 obj_cooja/mtype353.a(rpl-nbr-policy.)
                0x00000000000283cc                rpl_nbr_policy_find_removable
 .text          0x000000000002840f      0x8ed obj_cooja/mtype353.a(rpl-neighbor.o)
                0x000000000002848b                rpl_neighbor_snprint
                0x0000000000028738                rpl_neighbor_print_list
                0x00000000000287ed                rpl_neighbor_count
                0x0000000000028894                rpl_neighbor_get_from_lladdr
                0x00000000000288b0                rpl_neighbor_is_acceptable_parent
                0x00000000000288e4                rpl_neighbor_get_link_metric
                0x0000000000028918                rpl_neighbor_rank_via_nbr
                0x000000000002894c                rpl_neighbor_get_lladdr
                0x0000000000028968                rpl_neighbor_get_ipaddr
                0x000000000002898f                rpl_neighbor_get_link_stats
                0x00000000000289b6                rpl_neighbor_is_fresh
                0x00000000000289dd                rpl_neighbor_is_reachable
                0x0000000000028a28                rpl_neighbor_is_parent
                0x0000000000028a52                rpl_neighbor_set_preferred_parent
                0x0000000000028ade                rpl_neighbor_remove_all
                0x0000000000028b2d                rpl_neighbor_get_from_ipaddr
                0x0000000000028c31                rpl_neighbor_select_best
                0x0000000000028cdd                rpl_neighbor_init
 .text          0x0000000000028cfc      0xa19 obj_cooja/mtype353.a(rpl-timers.o)
                0x0000000000028cfc                rpl_timers_schedule_periodic_dis
                0x0000000000028e4a                rpl_timers_dio_reset
                0x0000000000028f3b                rpl_timers_schedule_unicast_dio
                0x00000000000290c1                rpl_timers_schedule_dao
                0x00000000000291fb                rpl_timers_schedule_dao_ack
                0x0000000000029281                get_probing_delay
                0x00000000000292b5                get_probing_target
                0x000000000002949f                rpl_schedule_probing
                0x00000000000294cd                rpl_schedule_probing_now
                0x0000000000029537                rpl_timers_unschedule_leaving
                0x000000000002956f                rpl_timers_schedule_leaving
                0x00000000000295b0                rpl_timers_init
                0x0000000000029640                rpl_timers_stop_dag_timers
                0x00000000000296b9                rpl_timers_unschedule_state_update
                0x00000000000296dd                rpl_timers_schedule_state_update
 .text          0x0000000000029715     0x102c obj_cooja/mtype353.a(rpl-ext-header.)
                0x0000000000029715                rpl_ext_header_srh_get_next_hop
                0x0000000000029891                rpl_ext_header_srh_update
                0x0000000000029f8a                rpl_ext_header_hbh_update
                0x000000000002a4df                rpl_ext_header_update
                0x000000000002a568                rpl_ext_header_remove
 .text          0x000000000002a741      0x31b obj_cooja/mtype353.a(rpl-mrhof.o)
 .text          0x000000000002aa5c        0x0 /usr/lib/gcc/i686-linux-gnu/5/crtendS.o
 .text          0x000000000002aa5c        0x0 /usr/lib/gcc/i686-linux-gnu/5/../../../i386-linux-gnu/crtn.o
 *(.gnu.warning)

.fini           0x000000000002aa5c       0x14
 *(SORT(.fini))
 .fini          0x000000000002aa5c        0xf /usr/lib/gcc/i686-linux-gnu/5/../../../i386-linux-gnu/crti.o
                0x000000000002aa5c                _fini
 .fini          0x000000000002aa6b        0x5 /usr/lib/gcc/i686-linux-gnu/5/../../../i386-linux-gnu/crtn.o
                [!provide]                        PROVIDE (__etext, .)
                [!provide]                        PROVIDE (_etext, .)
                [!provide]                        PROVIDE (etext, .)

.rodata         0x000000000002aa80      0xbe0
 *(.rodata .rodata.* .gnu.linkonce.r.*)
 .rodata        0x000000000002aa80      0x460 mqtt-demo.o
                0x000000000002aa88                autostart_processes
 .rodata        0x000000000002aee0        0x8 obj_cooja/mtype353.a(beep.o)
                0x000000000002aee0                beep_interface
 .rodata        0x000000000002aee8       0x20 obj_cooja/mtype353.a(button-sensor.o)
                0x000000000002aee8                button_interface
                0x000000000002aef8                button_sensor
 .rodata        0x000000000002af08        0x8 obj_cooja/mtype353.a(leds-arch.o)
                0x000000000002af08                leds_interface
 .rodata        0x000000000002af10        0x8 obj_cooja/mtype353.a(moteid.o)
                0x000000000002af10                moteid_interface
 .rodata        0x000000000002af18       0x1c obj_cooja/mtype353.a(pir-sensor.o)
                0x000000000002af18                pir_interface
                0x000000000002af24                pir_sensor
 .rodata        0x000000000002af34        0xe obj_cooja/mtype353.a(rs232.o)
                0x000000000002af34                rs232_interface
 *fill*         0x000000000002af42        0x2 
 .rodata        0x000000000002af44       0x24 obj_cooja/mtype353.a(vib-sensor.o)
                0x000000000002af44                vib_interface
                0x000000000002af58                vib_sensor
 .rodata        0x000000000002af68        0x8 obj_cooja/mtype353.a(clock.o)
                0x000000000002af68                clock_interface
 .rodata        0x000000000002af70        0x8 obj_cooja/mtype353.a(cooja-log.o)
                0x000000000002af70                simlog_interface
 .rodata        0x000000000002af78       0x2f obj_cooja/mtype353.a(cfs-cooja.o)
                0x000000000002af78                cfs_interface
 *fill*         0x000000000002afa7       0x19 
 .rodata        0x000000000002afc0       0x58 obj_cooja/mtype353.a(cooja-radio.o)
                0x000000000002afc0                radio_interface
                0x000000000002afe0                cooja_radio_driver
 .rodata        0x000000000002b018        0x8 obj_cooja/mtype353.a(eeprom.o)
                0x000000000002b018                eeprom_interface
 .rodata        0x000000000002b020        0x8 obj_cooja/mtype353.a(sensors.o)
 .rodata        0x000000000002b028       0x14 obj_cooja/mtype353.a(mqtt.o)
 .rodata        0x000000000002b03c       0xf4 obj_cooja/mtype353.a(contiki-main.o)
 .rodata        0x000000000002b130        0xf obj_cooja/mtype353.a(ctimer.o)
 .rodata        0x000000000002b13f        0xc obj_cooja/mtype353.a(etimer.o)
 *fill*         0x000000000002b14b        0x1 
 .rodata        0x000000000002b14c       0xc0 obj_cooja/mtype353.a(log.o)
 .rodata        0x000000000002b20c        0xe obj_cooja/mtype353.a(serial-line.o)
 *fill*         0x000000000002b21a        0x2 
 .rodata        0x000000000002b21c        0x8 obj_cooja/mtype353.a(linkaddr.o)
                0x000000000002b21c                linkaddr_null
 .rodata        0x000000000002b224       0x20 obj_cooja/mtype353.a(csma.o)
                0x000000000002b22c                csma_driver
 .rodata        0x000000000002b244       0x13 obj_cooja/mtype353.a(tcp-socket.o)
 .rodata        0x000000000002b257        0xd obj_cooja/mtype353.a(tcpip.o)
 .rodata        0x000000000002b264       0x4d obj_cooja/mtype353.a(uip-ds6-route.o)
 *fill*         0x000000000002b2b1        0x3 
 .rodata        0x000000000002b2b4      0x13c obj_cooja/mtype353.a(uip6.o)
 .rodata        0x000000000002b3f0       0x30 obj_cooja/mtype353.a(sicslowpan.o)
                0x000000000002b3f0                unc_llconf
                0x000000000002b3f4                unc_ctxconf
                0x000000000002b3f8                unc_mxconf
                0x000000000002b3fc                llprefix
                0x000000000002b410                sicslowpan_driver
 .rodata        0x000000000002b420       0x2d obj_cooja/mtype353.a(uiplib.o)
 *fill*         0x000000000002b44d       0x13 
 .rodata        0x000000000002b460       0x70 obj_cooja/mtype353.a(rpl.o)
                0x000000000002b480                rpl_lite_driver
 .rodata        0x000000000002b4d0       0xdb obj_cooja/mtype353.a(rpl-dag.o)
 *fill*         0x000000000002b5ab        0x1 
 .rodata        0x000000000002b5ac        0xc obj_cooja/mtype353.a(framer-802154.o)
                0x000000000002b5ac                framer_802154
 .rodata        0x000000000002b5b8       0x44 obj_cooja/mtype353.a(uip-sr.o)
 .rodata        0x000000000002b5fc       0x58 obj_cooja/mtype353.a(rpl-neighbor.o)
 .rodata        0x000000000002b654        0xc obj_cooja/mtype353.a(rpl-timers.o)

.rodata1
 *(.rodata1)

.eh_frame_hdr   0x000000000002b660     0x1684
 *(.eh_frame_hdr)
 .eh_frame_hdr  0x000000000002b660     0x1684 mqtt-demo.o
                0x000000000002b660                __GNU_EH_FRAME_HDR
 *(.eh_frame_entry .eh_frame_entry.*)

.eh_frame       0x000000000002cce4     0x5b30
 *(.eh_frame)
 .eh_frame      0x000000000002cce4       0x3c /usr/lib/gcc/i686-linux-gnu/5/../../../i386-linux-gnu/crti.o
                                         0x40 (size before relaxing)
 .eh_frame      0x000000000002cd20      0x280 mqtt-demo.o
                                        0x298 (size before relaxing)
 .eh_frame      0x000000000002cfa0      0x178 obj_cooja/mtype353.o
                                        0x190 (size before relaxing)
 .eh_frame      0x000000000002d118       0x40 obj_cooja/mtype353.a(simEnvChange.o)
                                         0x58 (size before relaxing)
 .eh_frame      0x000000000002d158       0x60 obj_cooja/mtype353.a(cooja_mt.o)
                                         0x78 (size before relaxing)
 .eh_frame      0x000000000002d1b8       0x80 obj_cooja/mtype353.a(cooja_mtarch.o)
                                         0x98 (size before relaxing)
 .eh_frame      0x000000000002d238       0xc8 obj_cooja/mtype353.a(rtimer-arch.o)
                                         0xe0 (size before relaxing)
 .eh_frame      0x000000000002d300      0x160 obj_cooja/mtype353.a(beep.o)
                                        0x178 (size before relaxing)
 .eh_frame      0x000000000002d460       0xa0 obj_cooja/mtype353.a(button-sensor.o)
                                         0xb8 (size before relaxing)
 .eh_frame      0x000000000002d500       0xa0 obj_cooja/mtype353.a(leds-arch.o)
                                         0xb8 (size before relaxing)
 .eh_frame      0x000000000002d5a0       0x40 obj_cooja/mtype353.a(moteid.o)
                                         0x58 (size before relaxing)
 .eh_frame      0x000000000002d5e0       0xa0 obj_cooja/mtype353.a(pir-sensor.o)
                                         0xb8 (size before relaxing)
 .eh_frame      0x000000000002d680      0x100 obj_cooja/mtype353.a(rs232.o)
                                        0x118 (size before relaxing)
 .eh_frame      0x000000000002d780       0xa0 obj_cooja/mtype353.a(vib-sensor.o)
                                         0xb8 (size before relaxing)
 .eh_frame      0x000000000002d820       0xc0 obj_cooja/mtype353.a(clock.o)
                                         0xd8 (size before relaxing)
 .eh_frame      0x000000000002d8e0      0x120 obj_cooja/mtype353.a(cooja-log.o)
                                        0x138 (size before relaxing)
 .eh_frame      0x000000000002da00      0x160 obj_cooja/mtype353.a(cfs-cooja.o)
                                        0x178 (size before relaxing)
 .eh_frame      0x000000000002db60      0x340 obj_cooja/mtype353.a(cooja-radio.o)
                                        0x358 (size before relaxing)
 .eh_frame      0x000000000002dea0       0xa0 obj_cooja/mtype353.a(eeprom.o)
                                         0xb8 (size before relaxing)
 .eh_frame      0x000000000002df40       0x40 obj_cooja/mtype353.a(random.o)
                                         0x58 (size before relaxing)
 .eh_frame      0x000000000002df80       0xc0 obj_cooja/mtype353.a(sensors.o)
                                         0xd8 (size before relaxing)
 .eh_frame      0x000000000002e040       0xe0 obj_cooja/mtype353.a(leds.o)
                                         0xf8 (size before relaxing)
 .eh_frame      0x000000000002e120      0x4a4 obj_cooja/mtype353.a(mqtt.o)
                                        0x4bc (size before relaxing)
 .eh_frame      0x000000000002e5c4       0x30 obj_cooja/mtype353.a(contiki-main.o)
                                         0x48 (size before relaxing)
 .eh_frame      0x000000000002e5f4       0x40 obj_cooja/mtype353.a(autostart.o)
                                         0x58 (size before relaxing)
 .eh_frame      0x000000000002e634      0x100 obj_cooja/mtype353.a(ctimer.o)
                                        0x118 (size before relaxing)
 .eh_frame      0x000000000002e734       0x60 obj_cooja/mtype353.a(energest.o)
                                         0x78 (size before relaxing)
 .eh_frame      0x000000000002e794      0x1e0 obj_cooja/mtype353.a(etimer.o)
                                        0x1f8 (size before relaxing)
 .eh_frame      0x000000000002e974      0x100 obj_cooja/mtype353.a(log.o)
                                        0x118 (size before relaxing)
 .eh_frame      0x000000000002ea74      0x1c4 obj_cooja/mtype353.a(process.o)
                                        0x1dc (size before relaxing)
 .eh_frame      0x000000000002ec38       0x60 obj_cooja/mtype353.a(rtimer.o)
                                         0x78 (size before relaxing)
 .eh_frame      0x000000000002ec98       0x20 obj_cooja/mtype353.a(node-id.o)
                                         0x38 (size before relaxing)
 .eh_frame      0x000000000002ecb8       0xa4 obj_cooja/mtype353.a(timer.o)
                                         0xbc (size before relaxing)
 .eh_frame      0x000000000002ed5c       0x60 obj_cooja/mtype353.a(serial-line.o)
                                         0x78 (size before relaxing)
 .eh_frame      0x000000000002edbc      0x1a0 obj_cooja/mtype353.a(list.o)
                                        0x1b8 (size before relaxing)
 .eh_frame      0x000000000002ef5c       0xa0 obj_cooja/mtype353.a(ringbuf.o)
                                         0xb8 (size before relaxing)
 .eh_frame      0x000000000002effc      0x28c obj_cooja/mtype353.a(packetbuf.o)
                                        0x2a4 (size before relaxing)
 .eh_frame      0x000000000002f288       0x80 obj_cooja/mtype353.a(netstack.o)
                                         0x98 (size before relaxing)
 .eh_frame      0x000000000002f308       0x60 obj_cooja/mtype353.a(linkaddr.o)
                                         0x78 (size before relaxing)
 .eh_frame      0x000000000002f368       0xa0 obj_cooja/mtype353.a(csma.o)
                                         0xb8 (size before relaxing)
 .eh_frame      0x000000000002f408      0x1d4 obj_cooja/mtype353.a(csma-output.o)
                                        0x1ec (size before relaxing)
 .eh_frame      0x000000000002f5dc      0x2e8 obj_cooja/mtype353.a(uip-ds6.o)
                                        0x300 (size before relaxing)
 .eh_frame      0x000000000002f8c4      0x248 obj_cooja/mtype353.a(tcp-socket.o)
                                        0x260 (size before relaxing)
 .eh_frame      0x000000000002fb0c      0x308 obj_cooja/mtype353.a(tcpip.o)
                                        0x320 (size before relaxing)
 .eh_frame      0x000000000002fe14      0x220 obj_cooja/mtype353.a(uip-ds6-route.o)
                                        0x238 (size before relaxing)
 .eh_frame      0x0000000000030034      0x274 obj_cooja/mtype353.a(uip6.o)
                                        0x28c (size before relaxing)
 .eh_frame      0x00000000000302a8      0x1c0 obj_cooja/mtype353.a(uip-ds6-nbr.o)
                                        0x1d8 (size before relaxing)
 .eh_frame      0x0000000000030468       0x84 obj_cooja/mtype353.a(uip-nd6.o)
                                         0x9c (size before relaxing)
 .eh_frame      0x00000000000304ec      0x2f8 obj_cooja/mtype353.a(sicslowpan.o)
                                        0x310 (size before relaxing)
 .eh_frame      0x00000000000307e4       0x88 obj_cooja/mtype353.a(uiplib.o)
                                         0xa0 (size before relaxing)
 .eh_frame      0x000000000003086c      0x1e0 obj_cooja/mtype353.a(rpl.o)
                                        0x1f8 (size before relaxing)
 .eh_frame      0x0000000000030a4c      0x1c4 obj_cooja/mtype353.a(rpl-icmp6.o)
                                        0x1dc (size before relaxing)
 .eh_frame      0x0000000000030c10      0x370 obj_cooja/mtype353.a(rpl-dag.o)
                                        0x388 (size before relaxing)
 .eh_frame      0x0000000000030f80       0xa0 obj_cooja/mtype353.a(rpl-dag-root.o)
                                         0xb8 (size before relaxing)
 .eh_frame      0x0000000000031020       0xa0 obj_cooja/mtype353.a(watchdog.o)
                                         0xb8 (size before relaxing)
 .eh_frame      0x00000000000310c0       0xc4 obj_cooja/mtype353.a(stimer.o)
                                         0xdc (size before relaxing)
 .eh_frame      0x0000000000031184       0xa0 obj_cooja/mtype353.a(memb.o)
                                         0xb8 (size before relaxing)
 .eh_frame      0x0000000000031224      0x1a0 obj_cooja/mtype353.a(queuebuf.o)
                                        0x1b8 (size before relaxing)
 .eh_frame      0x00000000000313c4      0x2ac obj_cooja/mtype353.a(nbr-table.o)
                                        0x2c4 (size before relaxing)
 .eh_frame      0x0000000000031670      0x100 obj_cooja/mtype353.a(link-stats.o)
                                        0x118 (size before relaxing)
 .eh_frame      0x0000000000031770       0x48 obj_cooja/mtype353.a(mac-sequence.o)
                                         0x60 (size before relaxing)
 .eh_frame      0x00000000000317b8       0x20 obj_cooja/mtype353.a(mac.o)
                                         0x38 (size before relaxing)
 .eh_frame      0x00000000000317d8       0xa4 obj_cooja/mtype353.a(framer-802154.o)
                                         0xbc (size before relaxing)
 .eh_frame      0x000000000003187c      0x1a4 obj_cooja/mtype353.a(frame802154.o)
                                        0x1bc (size before relaxing)
 .eh_frame      0x0000000000031a20      0x100 obj_cooja/mtype353.a(uipbuf.o)
                                        0x118 (size before relaxing)
 .eh_frame      0x0000000000031b20      0x160 obj_cooja/mtype353.a(uip-icmp6.o)
                                        0x178 (size before relaxing)
 .eh_frame      0x0000000000031c80      0x184 obj_cooja/mtype353.a(uip-sr.o)
                                        0x19c (size before relaxing)
 .eh_frame      0x0000000000031e04       0xe0 obj_cooja/mtype353.a(uip-packetqueue)
                                         0xf8 (size before relaxing)
 .eh_frame      0x0000000000031ee4       0x80 obj_cooja/mtype353.a(rpl-nbr-policy.)
                                         0x98 (size before relaxing)
 .eh_frame      0x0000000000031f64      0x2d4 obj_cooja/mtype353.a(rpl-neighbor.o)
                                        0x2ec (size before relaxing)
 .eh_frame      0x0000000000032238      0x368 obj_cooja/mtype353.a(rpl-timers.o)
                                        0x380 (size before relaxing)
 .eh_frame      0x00000000000325a0      0x128 obj_cooja/mtype353.a(rpl-ext-header.)
                                        0x140 (size before relaxing)
 .eh_frame      0x00000000000326c8      0x148 obj_cooja/mtype353.a(rpl-mrhof.o)
                                        0x160 (size before relaxing)
 .eh_frame      0x0000000000032810        0x4 /usr/lib/gcc/i686-linux-gnu/5/crtendS.o
 *(.eh_frame.*)

.gcc_except_table
 *(.gcc_except_table .gcc_except_table.*)

.gnu_extab
 *(.gnu_extab*)

.exception_ranges
 *(.exception_ranges .exception_ranges*)
                0x0000000000033f10                . = DATA_SEGMENT_ALIGN (0x1000, 0x1000)

.eh_frame
 *(.eh_frame)
 *(.eh_frame.*)

.gnu_extab
 *(.gnu_extab)

.gcc_except_table
 *(.gcc_except_table .gcc_except_table.*)

.exception_ranges
 *(.exception_ranges .exception_ranges*)

.tdata
 *(.tdata .tdata.* .gnu.linkonce.td.*)

.tbss
 *(.tbss .tbss.* .gnu.linkonce.tb.*)
 *(.tcommon)

.preinit_array
 *(.preinit_array)

.init_array     0x0000000000033f10        0x4
 *(SORT(.init_array.*) SORT(.ctors.*))
 *(.init_array EXCLUDE_FILE(*crtend?.o *crtend.o *crtbegin?.o *crtbegin.o) .ctors)
 .init_array    0x0000000000033f10        0x4 /usr/lib/gcc/i686-linux-gnu/5/crtbeginS.o

.fini_array     0x0000000000033f14        0x4
 *(SORT(.fini_array.*) SORT(.dtors.*))
 *(.fini_array EXCLUDE_FILE(*crtend?.o *crtend.o *crtbegin?.o *crtbegin.o) .dtors)
 .fini_array    0x0000000000033f14        0x4 /usr/lib/gcc/i686-linux-gnu/5/crtbeginS.o

.ctors
 *crtbegin.o(.ctors)
 *crtbegin?.o(.ctors)
 *(EXCLUDE_FILE(*crtend?.o *crtend.o) .ctors)
 *(SORT(.ctors.*))
 *(.ctors)

.dtors
 *crtbegin.o(.dtors)
 *crtbegin?.o(.dtors)
 *(EXCLUDE_FILE(*crtend?.o *crtend.o) .dtors)
 *(SORT(.dtors.*))
 *(.dtors)

.jcr            0x0000000000033f18        0x4
 *(.jcr)
 .jcr           0x0000000000033f18        0x0 /usr/lib/gcc/i686-linux-gnu/5/crtbeginS.o
 .jcr           0x0000000000033f18        0x4 /usr/lib/gcc/i686-linux-gnu/5/crtendS.o

.data.rel.ro
 *(.data.rel.ro.local* .gnu.linkonce.d.rel.ro.local.*)
 *(.data.rel.ro .data.rel.ro.* .gnu.linkonce.d.rel.ro.*)

.dynamic        0x0000000000033f1c       0xd0
 *(.dynamic)
 .dynamic       0x0000000000033f1c       0xd0 /usr/lib/gcc/i686-linux-gnu/5/../../../i386-linux-gnu/crti.o
                0x0000000000033f1c                _DYNAMIC

.got            0x0000000000033fec       0x14
 *(.got)
 .got           0x0000000000033fec       0x14 /usr/lib/gcc/i686-linux-gnu/5/../../../i386-linux-gnu/crti.o
 *(.igot)
                0x0000000000034ff4                . = DATA_SEGMENT_RELRO_END (., (SIZEOF (.got.plt) >= 0xc)?0xc:0x0)

.got.plt        0x0000000000034000        0xc
 *(.got.plt)
 .got.plt       0x0000000000034000        0xc /usr/lib/gcc/i686-linux-gnu/5/../../../i386-linux-gnu/crti.o
                0x0000000000034000                _GLOBAL_OFFSET_TABLE_
 *(.igot.plt)

.data           0x0000000000034020      0x324
 *(.data .data.* .gnu.linkonce.d.*)
 .data          0x0000000000034020        0x0 /usr/lib/gcc/i686-linux-gnu/5/../../../i386-linux-gnu/crti.o
 .data          0x0000000000034020        0x0 /usr/lib/gcc/i686-linux-gnu/5/crtbeginS.o
 .data.rel.local
                0x0000000000034020        0x4 /usr/lib/gcc/i686-linux-gnu/5/crtbeginS.o
                0x0000000000034020                __dso_handle
 .data          0x0000000000034024       0x14 mqtt-demo.o
                0x0000000000034028                mqtt_demo_process
 *fill*         0x0000000000034038        0x8 
 .data          0x0000000000034040       0x44 obj_cooja/mtype353.o
                0x0000000000034040                simInterfaces
                0x0000000000034074                sensors
 .data          0x0000000000034084        0x0 obj_cooja/mtype353.a(simEnvChange.o)
 .data          0x0000000000034084        0x0 obj_cooja/mtype353.a(cooja_mt.o)
 .data          0x0000000000034084        0x0 obj_cooja/mtype353.a(cooja_mtarch.o)
 .data          0x0000000000034084        0x0 obj_cooja/mtype353.a(rtimer-arch.o)
 .data          0x0000000000034084        0x0 obj_cooja/mtype353.a(beep.o)
 .data          0x0000000000034084        0x0 obj_cooja/mtype353.a(button-sensor.o)
 .data          0x0000000000034084        0x0 obj_cooja/mtype353.a(leds-arch.o)
 .data          0x0000000000034084        0x0 obj_cooja/mtype353.a(moteid.o)
 .data          0x0000000000034084        0x0 obj_cooja/mtype353.a(pir-sensor.o)
 .data          0x0000000000034084        0x0 obj_cooja/mtype353.a(rs232.o)
 .data          0x0000000000034084        0x0 obj_cooja/mtype353.a(vib-sensor.o)
 .data          0x0000000000034084        0x0 obj_cooja/mtype353.a(clock.o)
 .data          0x0000000000034084        0x0 obj_cooja/mtype353.a(cooja-log.o)
 .data          0x0000000000034084        0x0 obj_cooja/mtype353.a(cfs-cooja.o)
 .data          0x0000000000034084       0x2c obj_cooja/mtype353.a(cooja-radio.o)
                0x0000000000034084                simRadioHWOn
                0x0000000000034088                simSignalStrength
                0x000000000003408c                simLastSignalStrength
                0x0000000000034090                simPower
                0x0000000000034094                simRadioChannel
                0x0000000000034098                simLQI
                0x00000000000340a0                cooja_radio_process
 .data          0x00000000000340b0        0x0 obj_cooja/mtype353.a(eeprom.o)
 .data          0x00000000000340b0        0x0 obj_cooja/mtype353.a(random.o)
 .data          0x00000000000340b0       0x10 obj_cooja/mtype353.a(sensors.o)
                0x00000000000340b0                sensors_process
 .data          0x00000000000340c0        0x0 obj_cooja/mtype353.a(leds.o)
 .data          0x00000000000340c0       0x14 obj_cooja/mtype353.a(mqtt.o)
                0x00000000000340c4                mqtt_process
 .data          0x00000000000340d4        0x0 obj_cooja/mtype353.a(contiki-main.o)
 .data          0x00000000000340d4        0x0 obj_cooja/mtype353.a(autostart.o)
 .data          0x00000000000340d4       0x14 obj_cooja/mtype353.a(ctimer.o)
                0x00000000000340d8                ctimer_process
 .data          0x00000000000340e8        0x0 obj_cooja/mtype353.a(energest.o)
 .data          0x00000000000340e8       0x10 obj_cooja/mtype353.a(etimer.o)
                0x00000000000340e8                etimer_process
 *fill*         0x00000000000340f8        0x8 
 .data          0x0000000000034100       0xb0 obj_cooja/mtype353.a(log.o)
                0x0000000000034100                curr_log_level_main
                0x0000000000034120                all_modules
 .data          0x00000000000341b0        0x0 obj_cooja/mtype353.a(process.o)
 .data          0x00000000000341b0        0x0 obj_cooja/mtype353.a(rtimer.o)
 .data          0x00000000000341b0        0x0 obj_cooja/mtype353.a(node-id.o)
 .data          0x00000000000341b0        0x0 obj_cooja/mtype353.a(timer.o)
 .data          0x00000000000341b0       0x10 obj_cooja/mtype353.a(serial-line.o)
                0x00000000000341b0                serial_line_process
 .data          0x00000000000341c0        0x0 obj_cooja/mtype353.a(list.o)
 .data          0x00000000000341c0        0x0 obj_cooja/mtype353.a(ringbuf.o)
 .data          0x00000000000341c0        0x4 obj_cooja/mtype353.a(packetbuf.o)
 .data          0x00000000000341c4        0x4 obj_cooja/mtype353.a(netstack.o)
 .data          0x00000000000341c8        0x0 obj_cooja/mtype353.a(linkaddr.o)
 .data          0x00000000000341c8        0x0 obj_cooja/mtype353.a(csma.o)
 .data          0x00000000000341c8       0x28 obj_cooja/mtype353.a(csma-output.o)
 .data          0x00000000000341f0        0x0 obj_cooja/mtype353.a(uip-ds6.o)
 .data          0x00000000000341f0       0x14 obj_cooja/mtype353.a(tcp-socket.o)
                0x00000000000341f4                tcp_socket_process
 .data          0x0000000000034204       0x10 obj_cooja/mtype353.a(tcpip.o)
                0x0000000000034204                tcpip_process
 .data          0x0000000000034214       0x10 obj_cooja/mtype353.a(uip-ds6-route.o)
 .data          0x0000000000034224        0x0 obj_cooja/mtype353.a(uip6.o)
 .data          0x0000000000034224       0x14 obj_cooja/mtype353.a(uip-ds6-nbr.o)
                0x0000000000034234                ds6_neighbors
 .data          0x0000000000034238        0xc obj_cooja/mtype353.a(uip-nd6.o)
 .data          0x0000000000034244        0x0 obj_cooja/mtype353.a(sicslowpan.o)
 .data          0x0000000000034244        0x0 obj_cooja/mtype353.a(uiplib.o)
 .data          0x0000000000034244        0x0 obj_cooja/mtype353.a(rpl.o)
 .data          0x0000000000034244       0x30 obj_cooja/mtype353.a(rpl-icmp6.o)
 .data          0x0000000000034274        0x0 obj_cooja/mtype353.a(rpl-dag.o)
 .data          0x0000000000034274        0x0 obj_cooja/mtype353.a(rpl-dag-root.o)
 .data          0x0000000000034274        0x0 obj_cooja/mtype353.a(watchdog.o)
 .data          0x0000000000034274        0x0 obj_cooja/mtype353.a(stimer.o)
 .data          0x0000000000034274        0x0 obj_cooja/mtype353.a(memb.o)
 .data          0x0000000000034274       0x18 obj_cooja/mtype353.a(queuebuf.o)
 .data          0x000000000003428c       0x10 obj_cooja/mtype353.a(nbr-table.o)
 .data          0x000000000003429c       0x14 obj_cooja/mtype353.a(link-stats.o)
 .data          0x00000000000342b0        0x0 obj_cooja/mtype353.a(mac-sequence.o)
 .data          0x00000000000342b0        0x0 obj_cooja/mtype353.a(mac.o)
 .data          0x00000000000342b0        0x0 obj_cooja/mtype353.a(framer-802154.o)
 .data          0x00000000000342b0        0x2 obj_cooja/mtype353.a(frame802154.o)
 .data          0x00000000000342b2        0x0 obj_cooja/mtype353.a(uipbuf.o)
 *fill*         0x00000000000342b2        0x2 
 .data          0x00000000000342b4       0x20 obj_cooja/mtype353.a(uip-icmp6.o)
 .data          0x00000000000342d4       0x10 obj_cooja/mtype353.a(uip-sr.o)
 .data          0x00000000000342e4        0xc obj_cooja/mtype353.a(uip-packetqueue)
 .data          0x00000000000342f0        0x0 obj_cooja/mtype353.a(rpl-nbr-policy.)
 .data          0x00000000000342f0       0x14 obj_cooja/mtype353.a(rpl-neighbor.o)
                0x0000000000034300                rpl_neighbors
 .data          0x0000000000034304        0x0 obj_cooja/mtype353.a(rpl-timers.o)
 .data          0x0000000000034304        0x0 obj_cooja/mtype353.a(rpl-ext-header.)
 *fill*         0x0000000000034304       0x1c 
 .data          0x0000000000034320       0x24 obj_cooja/mtype353.a(rpl-mrhof.o)
                0x0000000000034320                rpl_mrhof
 .data          0x0000000000034344        0x0 /usr/lib/gcc/i686-linux-gnu/5/crtendS.o
 .data          0x0000000000034344        0x0 /usr/lib/gcc/i686-linux-gnu/5/../../../i386-linux-gnu/crtn.o

.tm_clone_table
                0x0000000000034344        0x0
 .tm_clone_table
                0x0000000000034344        0x0 /usr/lib/gcc/i686-linux-gnu/5/crtbeginS.o
 .tm_clone_table
                0x0000000000034344        0x0 /usr/lib/gcc/i686-linux-gnu/5/crtendS.o

.data1
 *(.data1)
                0x0000000000034344                _edata = .
                [!provide]                        PROVIDE (edata, .)
                0x0000000000034344                . = .
                0x0000000000034344                __bss_start = .

.bss            0x0000000000034360    0x146c0
 *(.dynbss)
 .dynbss        0x0000000000034360        0x0 /usr/lib/gcc/i686-linux-gnu/5/../../../i386-linux-gnu/crti.o
 *(.bss .bss.* .gnu.linkonce.b.*)
 .bss           0x0000000000034360        0x0 /usr/lib/gcc/i686-linux-gnu/5/../../../i386-linux-gnu/crti.o
 .bss           0x0000000000034360        0x1 /usr/lib/gcc/i686-linux-gnu/5/crtbeginS.o
 *fill*         0x0000000000034361       0x1f 
 .bss           0x0000000000034380      0xc30 mqtt-demo.o
 *fill*         0x0000000000034fb0       0x10 
 .bss           0x0000000000034fc0     0x2030 obj_cooja/mtype353.o
 .bss           0x0000000000036ff0        0x1 obj_cooja/mtype353.a(simEnvChange.o)
                0x0000000000036ff0                simDontFallAsleep
 *fill*         0x0000000000036ff1        0x3 
 .bss           0x0000000000036ff4        0x4 obj_cooja/mtype353.a(cooja_mt.o)
 .bss           0x0000000000036ff8        0x4 obj_cooja/mtype353.a(cooja_mtarch.o)
 .bss           0x0000000000036ffc        0x0 obj_cooja/mtype353.a(rtimer-arch.o)
 .bss           0x0000000000036ffc        0x0 obj_cooja/mtype353.a(beep.o)
 .bss           0x0000000000036ffc        0x8 obj_cooja/mtype353.a(button-sensor.o)
 .bss           0x0000000000037004        0x0 obj_cooja/mtype353.a(leds-arch.o)
 .bss           0x0000000000037004        0x0 obj_cooja/mtype353.a(moteid.o)
 .bss           0x0000000000037004        0x1 obj_cooja/mtype353.a(pir-sensor.o)
                0x0000000000037004                simPirValue
 *fill*         0x0000000000037005        0x3 
 .bss           0x0000000000037008        0x4 obj_cooja/mtype353.a(rs232.o)
 .bss           0x000000000003700c        0x1 obj_cooja/mtype353.a(vib-sensor.o)
                0x000000000003700c                simVibValue
 .bss           0x000000000003700d        0x0 obj_cooja/mtype353.a(clock.o)
 *fill*         0x000000000003700d       0x13 
 .bss           0x0000000000037020     0x2020 obj_cooja/mtype353.a(cooja-log.o)
 .bss           0x0000000000039040      0xfc0 obj_cooja/mtype353.a(cfs-cooja.o)
                0x0000000000039040                simCFSData
                0x0000000000039fe0                simCFSSize
                0x0000000000039fe4                simCFSChanged
                0x0000000000039fe8                simCFSRead
                0x0000000000039fec                simCFSWritten
 .bss           0x000000000003a000       0x24 obj_cooja/mtype353.a(cooja-radio.o)
                0x000000000003a000                simReceiving
                0x000000000003a004                simInSize
                0x000000000003a008                simLastPacketTimestamp
                0x000000000003a010                simOutSize
 .bss           0x000000000003a024        0xc obj_cooja/mtype353.a(eeprom.o)
                0x000000000003a024                simEEPROMChanged
                0x000000000003a028                simEEPROMRead
                0x000000000003a02c                simEEPROMWritten
 .bss           0x000000000003a030        0x0 obj_cooja/mtype353.a(random.o)
 .bss           0x000000000003a030        0xc obj_cooja/mtype353.a(sensors.o)
 .bss           0x000000000003a03c        0x0 obj_cooja/mtype353.a(leds.o)
 .bss           0x000000000003a03c       0x15 obj_cooja/mtype353.a(mqtt.o)
 .bss           0x000000000003a051        0x0 obj_cooja/mtype353.a(contiki-main.o)
 .bss           0x000000000003a051        0x0 obj_cooja/mtype353.a(autostart.o)
 *fill*         0x000000000003a051        0x3 
 .bss           0x000000000003a054        0x5 obj_cooja/mtype353.a(ctimer.o)
 .bss           0x000000000003a059        0x0 obj_cooja/mtype353.a(energest.o)
 *fill*         0x000000000003a059        0x3 
 .bss           0x000000000003a05c        0x8 obj_cooja/mtype353.a(etimer.o)
 .bss           0x000000000003a064       0x28 obj_cooja/mtype353.a(log.o)
                0x000000000003a064                curr_log_level_rpl
                0x000000000003a068                curr_log_level_tcpip
                0x000000000003a06c                curr_log_level_ipv6
                0x000000000003a070                curr_log_level_6lowpan
                0x000000000003a074                curr_log_level_nullnet
                0x000000000003a078                curr_log_level_mac
                0x000000000003a07c                curr_log_level_framer
                0x000000000003a080                curr_log_level_6top
                0x000000000003a084                curr_log_level_coap
                0x000000000003a088                curr_log_level_lwm2m
 *fill*         0x000000000003a08c       0x14 
 .bss           0x000000000003a0a0      0x1a1 obj_cooja/mtype353.a(process.o)
                0x000000000003a0a0                process_list
                0x000000000003a0a4                process_current
 *fill*         0x000000000003a241        0x3 
 .bss           0x000000000003a244        0x4 obj_cooja/mtype353.a(rtimer.o)
 .bss           0x000000000003a248        0x2 obj_cooja/mtype353.a(node-id.o)
                0x000000000003a248                node_id
 .bss           0x000000000003a24a        0x0 obj_cooja/mtype353.a(timer.o)
 *fill*         0x000000000003a24a       0x16 
 .bss           0x000000000003a260      0x140 obj_cooja/mtype353.a(serial-line.o)
 .bss           0x000000000003a3a0        0x0 obj_cooja/mtype353.a(list.o)
 .bss           0x000000000003a3a0        0x0 obj_cooja/mtype353.a(ringbuf.o)
 .bss           0x000000000003a3a0       0xa0 obj_cooja/mtype353.a(packetbuf.o)
 .bss           0x000000000003a440        0x4 obj_cooja/mtype353.a(netstack.o)
 .bss           0x000000000003a444        0x0 obj_cooja/mtype353.a(linkaddr.o)
 .bss           0x000000000003a444        0x0 obj_cooja/mtype353.a(csma.o)
 *fill*         0x000000000003a444       0x1c 
 .bss           0x000000000003a460      0x726 obj_cooja/mtype353.a(csma-output.o)
 *fill*         0x000000000003ab86        0x2 
 .bss           0x000000000003ab88       0x20 obj_cooja/mtype353.a(uip-ds6.o)
 .bss           0x000000000003aba8        0x5 obj_cooja/mtype353.a(tcp-socket.o)
 *fill*         0x000000000003abad       0x13 
 .bss           0x000000000003abc0       0xc4 obj_cooja/mtype353.a(tcpip.o)
 *fill*         0x000000000003ac84       0x1c 
 .bss           0x000000000003aca0       0x60 obj_cooja/mtype353.a(uip-ds6-route.o)
 .bss           0x000000000003ad00        0xc obj_cooja/mtype353.a(uip6.o)
                0x000000000003ad00                uip_ext_bitmap
                0x000000000003ad01                uip_ext_len
                0x000000000003ad02                uip_ext_opt_offset
 *fill*         0x000000000003ad0c       0x14 
 .bss           0x000000000003ad20     0x1c20 obj_cooja/mtype353.a(uip-ds6-nbr.o)
 .bss           0x000000000003c940       0x10 obj_cooja/mtype353.a(uip-nd6.o)
 *fill*         0x000000000003c950       0x10 
 .bss           0x000000000003c960      0x724 obj_cooja/mtype353.a(sicslowpan.o)
 .bss           0x000000000003d084        0x0 obj_cooja/mtype353.a(uiplib.o)
 .bss           0x000000000003d084        0x1 obj_cooja/mtype353.a(rpl.o)
 .bss           0x000000000003d085        0x0 obj_cooja/mtype353.a(rpl-icmp6.o)
 .bss           0x000000000003d085        0x0 obj_cooja/mtype353.a(rpl-dag.o)
 *fill*         0x000000000003d085        0x3 
 .bss           0x000000000003d088       0x11 obj_cooja/mtype353.a(rpl-dag-root.o)
 .bss           0x000000000003d099        0x0 obj_cooja/mtype353.a(watchdog.o)
 .bss           0x000000000003d099        0x0 obj_cooja/mtype353.a(stimer.o)
 .bss           0x000000000003d099        0x0 obj_cooja/mtype353.a(memb.o)
 *fill*         0x000000000003d099        0x7 
 .bss           0x000000000003d0a0     0x2c80 obj_cooja/mtype353.a(queuebuf.o)
 .bss           0x000000000003fd20     0x1214 obj_cooja/mtype353.a(nbr-table.o)
 *fill*         0x0000000000040f34        0xc 
 .bss           0x0000000000040f40      0xe10 obj_cooja/mtype353.a(link-stats.o)
 *fill*         0x0000000000041d50       0x10 
 .bss           0x0000000000041d60      0x100 obj_cooja/mtype353.a(mac-sequence.o)
 .bss           0x0000000000041e60        0x0 obj_cooja/mtype353.a(mac.o)
 .bss           0x0000000000041e60        0x2 obj_cooja/mtype353.a(framer-802154.o)
 .bss           0x0000000000041e62        0x0 obj_cooja/mtype353.a(frame802154.o)
 *fill*         0x0000000000041e62        0x2 
 .bss           0x0000000000041e64        0xc obj_cooja/mtype353.a(uipbuf.o)
 .bss           0x0000000000041e70       0x18 obj_cooja/mtype353.a(uip-icmp6.o)
 *fill*         0x0000000000041e88       0x18 
 .bss           0x0000000000041ea0     0x1d80 obj_cooja/mtype353.a(uip-sr.o)
 .bss           0x0000000000043c20      0xa78 obj_cooja/mtype353.a(uip-packetqueue)
 .bss           0x0000000000044698        0xe obj_cooja/mtype353.a(rpl-nbr-policy.)
 *fill*         0x00000000000446a6       0x1a 
 .bss           0x00000000000446c0      0x960 obj_cooja/mtype353.a(rpl-neighbor.o)
 .bss           0x0000000000045020       0x40 obj_cooja/mtype353.a(rpl-timers.o)
 .bss           0x0000000000045060        0x0 obj_cooja/mtype353.a(rpl-ext-header.)
 .bss           0x0000000000045060        0x0 obj_cooja/mtype353.a(rpl-mrhof.o)
 .bss           0x0000000000045060        0x0 /usr/lib/gcc/i686-linux-gnu/5/crtendS.o
 .bss           0x0000000000045060        0x0 /usr/lib/gcc/i686-linux-gnu/5/../../../i386-linux-gnu/crtn.o
 *(COMMON)
 COMMON         0x0000000000045060        0x4 mqtt-demo.o
                0x0000000000045060                value
 COMMON         0x0000000000045064        0x8 obj_cooja/mtype353.o
                0x0000000000045064                referenceVar
                0x0000000000045068                sensors_flags
 COMMON         0x000000000004506c        0xc obj_cooja/mtype353.a(simEnvChange.o)
                0x000000000004506c                simEtimerPending
                0x0000000000045070                simProcessRunValue
                0x0000000000045074                simEtimerNextExpirationTime
 COMMON         0x0000000000045078       0x18 obj_cooja/mtype353.a(rtimer-arch.o)
                0x0000000000045078                simRtimerPending
                0x0000000000045080                simRtimerCurrentTicks
                0x0000000000045088                simRtimerNextExpirationTime
 COMMON         0x0000000000045090        0x1 obj_cooja/mtype353.a(beep.o)
                0x0000000000045090                simBeeped
 COMMON         0x0000000000045091        0x3 obj_cooja/mtype353.a(button-sensor.o)
                0x0000000000045091                simButtonIsActive
                0x0000000000045092                simButtonIsDown
                0x0000000000045093                simButtonChanged
 COMMON         0x0000000000045094        0x1 obj_cooja/mtype353.a(leds-arch.o)
                0x0000000000045094                simLedsValue
 *fill*         0x0000000000045095        0x3 
 COMMON         0x0000000000045098        0xc obj_cooja/mtype353.a(moteid.o)
                0x0000000000045098                simRandomSeed
                0x000000000004509c                simMoteIDChanged
                0x00000000000450a0                simMoteID
 COMMON         0x00000000000450a4        0x2 obj_cooja/mtype353.a(pir-sensor.o)
                0x00000000000450a4                simPirIsActive
                0x00000000000450a5                simPirChanged
 *fill*         0x00000000000450a6       0x1a 
 COMMON         0x00000000000450c0      0x820 obj_cooja/mtype353.a(rs232.o)
                0x00000000000450c0                simSerialReceivingFlag
                0x00000000000450c4                simSerialReceivingLength
                0x00000000000450e0                simSerialReceivingData
 COMMON         0x00000000000458e0        0x2 obj_cooja/mtype353.a(vib-sensor.o)
                0x00000000000458e0                simVibChanged
                0x00000000000458e1                simVibIsActive
 *fill*         0x00000000000458e2        0x2 
 COMMON         0x00000000000458e4        0x4 obj_cooja/mtype353.a(clock.o)
                0x00000000000458e4                simCurrentTime
 *fill*         0x00000000000458e8       0x18 
 COMMON         0x0000000000045900     0x2020 obj_cooja/mtype353.a(cooja-log.o)
                0x0000000000045900                simLoggedLength
                0x0000000000045904                simLoggedFlag
                0x0000000000045920                simLoggedData
 COMMON         0x0000000000047920      0x100 obj_cooja/mtype353.a(cooja-radio.o)
                0x0000000000047920                simOutDataBuffer
                0x00000000000479a0                simInDataBuffer
 COMMON         0x0000000000047a20      0x400 obj_cooja/mtype353.a(eeprom.o)
                0x0000000000047a20                simEEPROMData
 COMMON         0x0000000000047e20        0x1 obj_cooja/mtype353.a(sensors.o)
                0x0000000000047e20                sensors_event
 COMMON         0x0000000000047e21        0x1 obj_cooja/mtype353.a(mqtt.o)
                0x0000000000047e21                mqtt_update_event
 *fill*         0x0000000000047e22        0x2 
 COMMON         0x0000000000047e24       0x50 obj_cooja/mtype353.a(contiki-main.o)
                0x0000000000047e24                eb_per_time_source
                0x0000000000047e38                unicast_per_neighbor_rpl_storing
                0x0000000000047e4c                unicast_per_neighbor_rpl_ns
                0x0000000000047e60                default_common
 COMMON         0x0000000000047e74        0x1 obj_cooja/mtype353.a(serial-line.o)
                0x0000000000047e74                serial_line_event_message
 *fill*         0x0000000000047e75        0x3 
 COMMON         0x0000000000047e78       0x2c obj_cooja/mtype353.a(packetbuf.o)
                0x0000000000047e78                packetbuf_attrs
                0x0000000000047e94                packetbuf_addrs
 COMMON         0x0000000000047ea4        0x8 obj_cooja/mtype353.a(linkaddr.o)
                0x0000000000047ea4                linkaddr_node_addr
 *fill*         0x0000000000047eac       0x14 
 COMMON         0x0000000000047ec0      0x181 obj_cooja/mtype353.a(uip-ds6.o)
                0x0000000000047ec0                uip_ds6_prefix_list
                0x0000000000047f20                uip_ds6_timer_periodic
                0x0000000000047f30                uip_ds6_netif_addr_list_offset
                0x0000000000047f40                uip_ds6_if
                0x0000000000048038                uip_ds6_timer_ra
                0x0000000000048040                uip_ds6_addr_size
 COMMON         0x0000000000048041        0x1 obj_cooja/mtype353.a(tcpip.o)
                0x0000000000048041                tcpip_event
 *fill*         0x0000000000048042       0x1e 
 COMMON         0x0000000000048060      0x80c obj_cooja/mtype353.a(uip6.o)
                0x0000000000048060                uip_slen
                0x0000000000048064                uip_acc32
                0x0000000000048080                uip_conns
                0x0000000000048200                uip_lladdr
                0x0000000000048208                uip_appdata
                0x000000000004820c                uip_flags
                0x0000000000048220                uip_aligned_buf
                0x0000000000048720                uip_listenports
                0x0000000000048748                uip_len
                0x000000000004874c                uip_sappdata
                0x0000000000048760                uip_udp_conns
                0x0000000000048860                uip_udp_conn
                0x0000000000048864                uip_next_hdr
                0x0000000000048868                uip_conn
 COMMON         0x000000000004886c       0x10 obj_cooja/mtype353.a(rpl.o)
                0x000000000004886c                rpl_multicast_addr
 *fill*         0x000000000004887c        0x4 
 COMMON         0x0000000000048880      0x164 obj_cooja/mtype353.a(rpl-dag.o)
                0x0000000000048880                curr_instance
 *fill*         0x00000000000489e4       0x1c 
 COMMON         0x0000000000048a00       0x20 obj_cooja/mtype353.a(link-stats.o)
                0x0000000000048a00                periodic_timer
                0x0000000000048a20                . = ALIGN ((. != 0x0)?0x4:0x1)
                0x0000000000048a20                . = ALIGN (0x4)
                0x0000000000048a20                . = SEGMENT_START ("ldata-segment", .)
                0x0000000000048a20                . = ALIGN (0x4)
                0x0000000000048a20                _end = .
                [!provide]                        PROVIDE (end, .)
                0x0000000000048a20                . = DATA_SEGMENT_END (.)

.stab
 *(.stab)

.stabstr
 *(.stabstr)

.stab.excl
 *(.stab.excl)

.stab.exclstr
 *(.stab.exclstr)

.stab.index
 *(.stab.index)

.stab.indexstr
 *(.stab.indexstr)

.comment        0x0000000000000000       0x35
 *(.comment)
 .comment       0x0000000000000000       0x35 /usr/lib/gcc/i686-linux-gnu/5/crtbeginS.o
                                         0x36 (size before relaxing)
 .comment       0x0000000000000035       0x36 mqtt-demo.o
 .comment       0x0000000000000035       0x36 obj_cooja/mtype353.o
 .comment       0x0000000000000035       0x36 obj_cooja/mtype353.a(simEnvChange.o)
 .comment       0x0000000000000035       0x36 obj_cooja/mtype353.a(cooja_mt.o)
 .comment       0x0000000000000035       0x36 obj_cooja/mtype353.a(cooja_mtarch.o)
 .comment       0x0000000000000035       0x36 obj_cooja/mtype353.a(rtimer-arch.o)
 .comment       0x0000000000000035       0x36 obj_cooja/mtype353.a(beep.o)
 .comment       0x0000000000000035       0x36 obj_cooja/mtype353.a(button-sensor.o)
 .comment       0x0000000000000035       0x36 obj_cooja/mtype353.a(leds-arch.o)
 .comment       0x0000000000000035       0x36 obj_cooja/mtype353.a(moteid.o)
 .comment       0x0000000000000035       0x36 obj_cooja/mtype353.a(pir-sensor.o)
 .comment       0x0000000000000035       0x36 obj_cooja/mtype353.a(rs232.o)
 .comment       0x0000000000000035       0x36 obj_cooja/mtype353.a(vib-sensor.o)
 .comment       0x0000000000000035       0x36 obj_cooja/mtype353.a(clock.o)
 .comment       0x0000000000000035       0x36 obj_cooja/mtype353.a(cooja-log.o)
 .comment       0x0000000000000035       0x36 obj_cooja/mtype353.a(cfs-cooja.o)
 .comment       0x0000000000000035       0x36 obj_cooja/mtype353.a(cooja-radio.o)
 .comment       0x0000000000000035       0x36 obj_cooja/mtype353.a(eeprom.o)
 .comment       0x0000000000000035       0x36 obj_cooja/mtype353.a(random.o)
 .comment       0x0000000000000035       0x36 obj_cooja/mtype353.a(sensors.o)
 .comment       0x0000000000000035       0x36 obj_cooja/mtype353.a(leds.o)
 .comment       0x0000000000000035       0x36 obj_cooja/mtype353.a(mqtt.o)
 .comment       0x0000000000000035       0x36 obj_cooja/mtype353.a(contiki-main.o)
 .comment       0x0000000000000035       0x36 obj_cooja/mtype353.a(autostart.o)
 .comment       0x0000000000000035       0x36 obj_cooja/mtype353.a(ctimer.o)
 .comment       0x0000000000000035       0x36 obj_cooja/mtype353.a(energest.o)
 .comment       0x0000000000000035       0x36 obj_cooja/mtype353.a(etimer.o)
 .comment       0x0000000000000035       0x36 obj_cooja/mtype353.a(log.o)
 .comment       0x0000000000000035       0x36 obj_cooja/mtype353.a(process.o)
 .comment       0x0000000000000035       0x36 obj_cooja/mtype353.a(rtimer.o)
 .comment       0x0000000000000035       0x36 obj_cooja/mtype353.a(node-id.o)
 .comment       0x0000000000000035       0x36 obj_cooja/mtype353.a(timer.o)
 .comment       0x0000000000000035       0x36 obj_cooja/mtype353.a(serial-line.o)
 .comment       0x0000000000000035       0x36 obj_cooja/mtype353.a(list.o)
 .comment       0x0000000000000035       0x36 obj_cooja/mtype353.a(ringbuf.o)
 .comment       0x0000000000000035       0x36 obj_cooja/mtype353.a(packetbuf.o)
 .comment       0x0000000000000035       0x36 obj_cooja/mtype353.a(netstack.o)
 .comment       0x0000000000000035       0x36 obj_cooja/mtype353.a(linkaddr.o)
 .comment       0x0000000000000035       0x36 obj_cooja/mtype353.a(csma.o)
 .comment       0x0000000000000035       0x36 obj_cooja/mtype353.a(csma-output.o)
 .comment       0x0000000000000035       0x36 obj_cooja/mtype353.a(uip-ds6.o)
 .comment       0x0000000000000035       0x36 obj_cooja/mtype353.a(tcp-socket.o)
 .comment       0x0000000000000035       0x36 obj_cooja/mtype353.a(tcpip.o)
 .comment       0x0000000000000035       0x36 obj_cooja/mtype353.a(uip-ds6-route.o)
 .comment       0x0000000000000035       0x36 obj_cooja/mtype353.a(uip6.o)
 .comment       0x0000000000000035       0x36 obj_cooja/mtype353.a(uip-ds6-nbr.o)
 .comment       0x0000000000000035       0x36 obj_cooja/mtype353.a(uip-nd6.o)
 .comment       0x0000000000000035       0x36 obj_cooja/mtype353.a(sicslowpan.o)
 .comment       0x0000000000000035       0x36 obj_cooja/mtype353.a(uiplib.o)
 .comment       0x0000000000000035       0x36 obj_cooja/mtype353.a(rpl.o)
 .comment       0x0000000000000035       0x36 obj_cooja/mtype353.a(rpl-icmp6.o)
 .comment       0x0000000000000035       0x36 obj_cooja/mtype353.a(rpl-dag.o)
 .comment       0x0000000000000035       0x36 obj_cooja/mtype353.a(rpl-dag-root.o)
 .comment       0x0000000000000035       0x36 obj_cooja/mtype353.a(watchdog.o)
 .comment       0x0000000000000035       0x36 obj_cooja/mtype353.a(stimer.o)
 .comment       0x0000000000000035       0x36 obj_cooja/mtype353.a(memb.o)
 .comment       0x0000000000000035       0x36 obj_cooja/mtype353.a(queuebuf.o)
 .comment       0x0000000000000035       0x36 obj_cooja/mtype353.a(nbr-table.o)
 .comment       0x0000000000000035       0x36 obj_cooja/mtype353.a(link-stats.o)
 .comment       0x0000000000000035       0x36 obj_cooja/mtype353.a(mac-sequence.o)
 .comment       0x0000000000000035       0x36 obj_cooja/mtype353.a(mac.o)
 .comment       0x0000000000000035       0x36 obj_cooja/mtype353.a(framer-802154.o)
 .comment       0x0000000000000035       0x36 obj_cooja/mtype353.a(frame802154.o)
 .comment       0x0000000000000035       0x36 obj_cooja/mtype353.a(uipbuf.o)
 .comment       0x0000000000000035       0x36 obj_cooja/mtype353.a(uip-icmp6.o)
 .comment       0x0000000000000035       0x36 obj_cooja/mtype353.a(uip-sr.o)
 .comment       0x0000000000000035       0x36 obj_cooja/mtype353.a(uip-packetqueue)
 .comment       0x0000000000000035       0x36 obj_cooja/mtype353.a(rpl-nbr-policy.)
 .comment       0x0000000000000035       0x36 obj_cooja/mtype353.a(rpl-neighbor.o)
 .comment       0x0000000000000035       0x36 obj_cooja/mtype353.a(rpl-timers.o)
 .comment       0x0000000000000035       0x36 obj_cooja/mtype353.a(rpl-ext-header.)
 .comment       0x0000000000000035       0x36 obj_cooja/mtype353.a(rpl-mrhof.o)
 .comment       0x0000000000000035       0x36 /usr/lib/gcc/i686-linux-gnu/5/crtendS.o

.debug
 *(.debug)

.line
 *(.line)

.debug_srcinfo
 *(.debug_srcinfo)

.debug_sfnames
 *(.debug_sfnames)

.debug_aranges  0x0000000000000000      0x900
 *(.debug_aranges)
 .debug_aranges
                0x0000000000000000       0x20 mqtt-demo.o
 .debug_aranges
                0x0000000000000020       0x20 obj_cooja/mtype353.o
 .debug_aranges
                0x0000000000000040       0x20 obj_cooja/mtype353.a(simEnvChange.o)
 .debug_aranges
                0x0000000000000060       0x20 obj_cooja/mtype353.a(cooja_mt.o)
 .debug_aranges
                0x0000000000000080       0x20 obj_cooja/mtype353.a(cooja_mtarch.o)
 .debug_aranges
                0x00000000000000a0       0x20 obj_cooja/mtype353.a(rtimer-arch.o)
 .debug_aranges
                0x00000000000000c0       0x20 obj_cooja/mtype353.a(beep.o)
 .debug_aranges
                0x00000000000000e0       0x20 obj_cooja/mtype353.a(button-sensor.o)
 .debug_aranges
                0x0000000000000100       0x20 obj_cooja/mtype353.a(leds-arch.o)
 .debug_aranges
                0x0000000000000120       0x20 obj_cooja/mtype353.a(moteid.o)
 .debug_aranges