Archive member included to satisfy reference by file (symbol)

obj_cooja/mtype285.a(simEnvChange.o)
                              obj_cooja/mtype285.o (simDontFallAsleep)
obj_cooja/mtype285.a(cooja_mt.o)
                              obj_cooja/mtype285.o (cooja_mt_start)
obj_cooja/mtype285.a(cooja_mtarch.o)
                              obj_cooja/mtype285.a(cooja_mt.o) (cooja_mtarch_start)
obj_cooja/mtype285.a(rtimer-arch.o)
                              obj_cooja/mtype285.o (rtimer_arch_check)
obj_cooja/mtype285.a(beep.o)  obj_cooja/mtype285.o (beep_interface)
obj_cooja/mtype285.a(button-sensor.o)
                              obj_cooja/mtype285.o (button_interface)
obj_cooja/mtype285.a(leds-arch.o)
                              obj_cooja/mtype285.o (leds_interface)
obj_cooja/mtype285.a(moteid.o)
                              obj_cooja/mtype285.o (moteid_interface)
obj_cooja/mtype285.a(pir-sensor.o)
                              obj_cooja/mtype285.o (pir_interface)
obj_cooja/mtype285.a(rs232.o)
                              obj_cooja/mtype285.o (rs232_interface)
obj_cooja/mtype285.a(vib-sensor.o)
                              obj_cooja/mtype285.o (vib_interface)
obj_cooja/mtype285.a(clock.o)
                              obj_cooja/mtype285.o (clock_interface)
obj_cooja/mtype285.a(cooja-log.o)
                              obj_cooja/mtype285.o (simlog_interface)
obj_cooja/mtype285.a(cfs-cooja.o)
                              obj_cooja/mtype285.o (cfs_interface)
obj_cooja/mtype285.a(cooja-radio.o)
                              obj_cooja/mtype285.o (radio_interface)
obj_cooja/mtype285.a(eeprom.o)
                              obj_cooja/mtype285.o (eeprom_interface)
obj_cooja/mtype285.a(random.o)
                              obj_cooja/mtype285.a(moteid.o) (random_init)
obj_cooja/mtype285.a(sensors.o)
                              obj_cooja/mtype285.a(button-sensor.o) (sensors_changed)
obj_cooja/mtype285.a(leds.o)  mqtt-demo.o (leds_on)
obj_cooja/mtype285.a(mqtt.o)  mqtt-demo.o (mqtt_disconnect)
obj_cooja/mtype285.a(contiki-main.o)
                              obj_cooja/mtype285.o (main)
obj_cooja/mtype285.a(autostart.o)
                              obj_cooja/mtype285.a(contiki-main.o) (autostart_start)
obj_cooja/mtype285.a(ctimer.o)
                              obj_cooja/mtype285.a(contiki-main.o) (ctimer_init)
obj_cooja/mtype285.a(energest.o)
                              obj_cooja/mtype285.a(contiki-main.o) (energest_init)
obj_cooja/mtype285.a(etimer.o)
                              obj_cooja/mtype285.a(contiki-main.o) (etimer_process)
obj_cooja/mtype285.a(log.o)   obj_cooja/mtype285.a(contiki-main.o) (curr_log_level_main)
obj_cooja/mtype285.a(process.o)
                              obj_cooja/mtype285.a(mqtt.o) (process_current)
obj_cooja/mtype285.a(rtimer.o)
                              obj_cooja/mtype285.a(contiki-main.o) (rtimer_init)
obj_cooja/mtype285.a(node-id.o)
                              obj_cooja/mtype285.a(contiki-main.o) (node_id)
obj_cooja/mtype285.a(timer.o)
                              mqtt-demo.o (timer_set)
obj_cooja/mtype285.a(serial-line.o)
                              mqtt-demo.o (serial_line_event_message)
obj_cooja/mtype285.a(list.o)  obj_cooja/mtype285.a(mqtt.o) (list_init)
obj_cooja/mtype285.a(ringbuf.o)
                              obj_cooja/mtype285.a(serial-line.o) (ringbuf_init)
obj_cooja/mtype285.a(packetbuf.o)
                              obj_cooja/mtype285.a(cooja-radio.o) (packetbuf_clear)
obj_cooja/mtype285.a(netstack.o)
                              obj_cooja/mtype285.a(contiki-main.o) (netstack_init)
obj_cooja/mtype285.a(linkaddr.o)
                              mqtt-demo.o (linkaddr_node_addr)
obj_cooja/mtype285.a(csma.o)  obj_cooja/mtype285.a(cooja-radio.o) (csma_driver)
obj_cooja/mtype285.a(csma-output.o)
                              obj_cooja/mtype285.a(csma.o) (csma_output_packet)
obj_cooja/mtype285.a(uip-ds6.o)
                              obj_cooja/mtype285.a(contiki-main.o) (uip_ds6_get_link_local)
obj_cooja/mtype285.a(tcp-socket.o)
                              obj_cooja/mtype285.a(mqtt.o) (tcp_socket_register)
obj_cooja/mtype285.a(tcpip.o)
                              obj_cooja/mtype285.a(tcp-socket.o) (tcpip_event)
obj_cooja/mtype285.a(uip-ds6-route.o)
                              obj_cooja/mtype285.a(uip-ds6.o) (uip_ds6_route_init)
obj_cooja/mtype285.a(uip6.o)  obj_cooja/mtype285.a(contiki-main.o) (uip_lladdr)
obj_cooja/mtype285.a(uip-ds6-nbr.o)
                              obj_cooja/mtype285.a(uip-ds6.o) (uip_ds6_neighbors_init)
obj_cooja/mtype285.a(uip-nd6.o)
                              obj_cooja/mtype285.a(uip6.o) (uip_nd6_init)
obj_cooja/mtype285.a(sicslowpan.o)
                              obj_cooja/mtype285.a(contiki-main.o) (sicslowpan_driver)
obj_cooja/mtype285.a(uiplib.o)
                              obj_cooja/mtype285.a(mqtt.o) (uiplib_ip6addrconv)
[...]
Memory Configuration

Name             Origin             Length             Attributes
*default*        0x0000000000000000 0xffffffffffffffff

Linker script and memory map

LOAD /usr/lib/gcc/i686-linux-gnu/5/../../../i386-linux-gnu/crti.o
LOAD /usr/lib/gcc/i686-linux-gnu/5/crtbeginS.o
LOAD mqtt-demo.o
LOAD obj_cooja/mtype285.o
LOAD obj_cooja/mtype285.a
LOAD /usr/lib/gcc/i686-linux-gnu/5/libgcc.a
LOAD /usr/lib/gcc/i686-linux-gnu/5/libgcc_s.so
LOAD /usr/lib/gcc/i686-linux-gnu/5/../../../i386-linux-gnu/libc.so
START GROUP
LOAD /lib/i386-linux-gnu/libc.so.6
LOAD /usr/lib/i386-linux-gnu/libc_nonshared.a
LOAD /lib/i386-linux-gnu/ld-linux.so.2
END GROUP
LOAD /usr/lib/gcc/i686-linux-gnu/5/libgcc.a
LOAD /usr/lib/gcc/i686-linux-gnu/5/libgcc_s.so
LOAD /usr/lib/gcc/i686-linux-gnu/5/crtendS.o
LOAD /usr/lib/gcc/i686-linux-gnu/5/../../../i386-linux-gnu/crtn.o
                0x0000000000000114                . = (0x0 + SIZEOF_HEADERS)

.note.gnu.build-id
                0x0000000000000114       0x24
 *(.note.gnu.build-id)
 .note.gnu.build-id
                0x0000000000000114       0x24 /usr/lib/gcc/i686-linux-gnu/5/../../../i386-linux-gnu/crti.o

.hash
 *(.hash)

.gnu.hash       0x0000000000000138     0x13d0
 *(.gnu.hash)
 .gnu.hash      0x0000000000000138     0x13d0 /usr/lib/gcc/i686-linux-gnu/5/../../../i386-linux-gnu/crti.o

.dynsym         0x0000000000001508     0x27a0
 *(.dynsym)
 .dynsym        0x0000000000001508     0x27a0 /usr/lib/gcc/i686-linux-gnu/5/../../../i386-linux-gnu/crti.o

.dynstr         0x0000000000003ca8     0x2afa
 *(.dynstr)
 .dynstr        0x0000000000003ca8     0x2afa /usr/lib/gcc/i686-linux-gnu/5/../../../i386-linux-gnu/crti.o

.gnu.version    0x00000000000067a2      0x4f4
 *(.gnu.version)
 .gnu.version   0x00000000000067a2      0x4f4 /usr/lib/gcc/i686-linux-gnu/5/../../../i386-linux-gnu/crti.o

.gnu.version_d  0x0000000000006c98        0x0
 *(.gnu.version_d)
 .gnu.version_d
                0x0000000000006c98        0x0 /usr/lib/gcc/i686-linux-gnu/5/../../../i386-linux-gnu/crti.o

.gnu.version_r  0x0000000000006c98       0x40
 *(.gnu.version_r)
 .gnu.version_r
                0x0000000000006c98       0x40 /usr/lib/gcc/i686-linux-gnu/5/../../../i386-linux-gnu/crti.o

.rel.dyn        0x0000000000006cd8     0xa2b0
 *(.rel.init)
 .rel.init      0x0000000000006cd8        0x0 /usr/lib/gcc/i686-linux-gnu/5/../../../i386-linux-gnu/crti.o
 *(.rel.text .rel.text.* .rel.gnu.linkonce.t.*)
 .rel.text      0x0000000000006cd8     0x99a8 /usr/lib/gcc/i686-linux-gnu/5/../../../i386-linux-gnu/crti.o
 *(.rel.fini)
 .rel.fini      0x0000000000010680        0x0 /usr/lib/gcc/i686-linux-gnu/5/../../../i386-linux-gnu/crti.o
 *(.rel.rodata .rel.rodata.* .rel.gnu.linkonce.r.*)
 .rel.rodata    0x0000000000010680      0x578 /usr/lib/gcc/i686-linux-gnu/5/../../../i386-linux-gnu/crti.o
 *(.rel.data.rel.ro .rel.data.rel.ro.* .rel.gnu.linkonce.d.rel.ro.*)
 *(.rel.data .rel.data.* .rel.gnu.linkonce.d.*)
 .rel.data.rel.local
                0x0000000000010bf8        0x8 /usr/lib/gcc/i686-linux-gnu/5/../../../i386-linux-gnu/crti.o
 .rel.data      0x0000000000010c00      0x350 /usr/lib/gcc/i686-linux-gnu/5/../../../i386-linux-gnu/crti.o
 *(.rel.tdata .rel.tdata.* .rel.gnu.linkonce.td.*)
 *(.rel.tbss .rel.tbss.* .rel.gnu.linkonce.tb.*)
 *(.rel.ctors)
 *(.rel.dtors)
 *(.rel.got)
 .rel.got       0x0000000000010f50       0x28 /usr/lib/gcc/i686-linux-gnu/5/../../../i386-linux-gnu/crti.o
 *(.rel.bss .rel.bss.* .rel.gnu.linkonce.b.*)
 *(.rel.ifunc)
 .rel.ifunc     0x0000000000010f78        0x0 /usr/lib/gcc/i686-linux-gnu/5/../../../i386-linux-gnu/crti.o
 .rel.fini_array
                0x0000000000010f78        0x8 /usr/lib/gcc/i686-linux-gnu/5/../../../i386-linux-gnu/crti.o
 .rel.init_array
                0x0000000000010f80        0x8 /usr/lib/gcc/i686-linux-gnu/5/../../../i386-linux-gnu/crti.o

.rel.plt        0x0000000000010f88        0x0
 *(.rel.plt)
 .rel.plt       0x0000000000010f88        0x0 /usr/lib/gcc/i686-linux-gnu/5/../../../i386-linux-gnu/crti.o
 *(.rel.iplt)

.init           0x0000000000010f88       0x23
 *(SORT(.init))
 .init          0x0000000000010f88       0x1e /usr/lib/gcc/i686-linux-gnu/5/../../../i386-linux-gnu/crti.o
                0x0000000000010f88                _init
 .init          0x0000000000010fa6        0x5 /usr/lib/gcc/i686-linux-gnu/5/../../../i386-linux-gnu/crtn.o

.plt            0x0000000000010fb0       0x10
 *(.plt)
 .plt           0x0000000000010fb0       0x10 /usr/lib/gcc/i686-linux-gnu/5/../../../i386-linux-gnu/crti.o
 *(.iplt)

.plt.got        0x0000000000010fc0       0x10
 *(.plt.got)
 .plt.got       0x0000000000010fc0       0x10 /usr/lib/gcc/i686-linux-gnu/5/../../../i386-linux-gnu/crti.o

.text           0x0000000000010fd0    0x198d1
 *(.text.unlikely .text.*_unlikely .text.unlikely.*)
 .text.unlikely
                0x0000000000010fd0        0x0 /usr/lib/gcc/i686-linux-gnu/5/crtbeginS.o
 *(.text.exit .text.exit.*)
 *(.text.startup .text.startup.*)
 *(.text.hot .text.hot.*)
 *(.text .stub .text.* .gnu.linkonce.t.*)
 .text          0x0000000000010fd0        0x0 /usr/lib/gcc/i686-linux-gnu/5/../../../i386-linux-gnu/crti.o
 .gnu.linkonce.t.__x86.get_pc_thunk.bx
                0x0000000000010fd0        0x4 /usr/lib/gcc/i686-linux-gnu/5/../../../i386-linux-gnu/crti.o
                0x0000000000010fd0                __x86.get_pc_thunk.bx
 *fill*         0x0000000000010fd4        0xc 
 .text          0x0000000000010fe0      0x11c /usr/lib/gcc/i686-linux-gnu/5/crtbeginS.o
 .text.__x86.get_pc_thunk.dx
                0x00000000000110fc        0x4 /usr/lib/gcc/i686-linux-gnu/5/crtbeginS.o
                0x00000000000110fc                __x86.get_pc_thunk.dx
 .text          0x0000000000011100     0x10ca mqtt-demo.o
                0x0000000000011100                ipaddr_sprintf
                0x00000000000112ac                str_to_float
 .text          0x00000000000121ca      0x271 obj_cooja/mtype285.o
                0x000000000001225c                platform_init_stage_one
                0x0000000000012262                platform_init_stage_two
                0x0000000000012270                platform_init_stage_three
                0x0000000000012283                platform_main_loop
                0x00000000000122f6                Java_org_contikios_cooja_corecomm_Lib18_init
                0x000000000001232d                Java_org_contikios_cooja_corecomm_Lib18_getMemory
                0x0000000000012360                Java_org_contikios_cooja_corecomm_Lib18_setMemory
                0x00000000000123c0                Java_org_contikios_cooja_corecomm_Lib18_tick
                0x0000000000012428                Java_org_contikios_cooja_corecomm_Lib18_setReferenceAddress
 .text          0x000000000001243b       0x65 obj_cooja/mtype285.a(simEnvChange.o)
                0x000000000001243b                doActionsBeforeTick
                0x000000000001246d                doActionsAfterTick
 .text          0x00000000000124a0       0x83 obj_cooja/mtype285.a(cooja_mt.o)
                0x00000000000124a0                cooja_mt_start
                0x00000000000124ca                cooja_mt_exec
                0x0000000000012500                cooja_mt_yield
 .text          0x0000000000012523       0xbe obj_cooja/mtype285.a(cooja_mtarch.o)
                0x0000000000012523                cooja_mtarch_start
                0x0000000000012596                cooja_sw
                0x00000000000125b9                cooja_mtarch_exec
                0x00000000000125d6                cooja_mtarch_yield
 .text          0x00000000000125e1       0xc5 obj_cooja/mtype285.a(rtimer-arch.o)
                0x00000000000125e1                rtimer_arch_init
                0x0000000000012605                rtimer_arch_schedule
                0x0000000000012635                rtimer_arch_next
                0x0000000000012645                rtimer_arch_pending
                0x000000000001264f                rtimer_arch_check
                0x0000000000012696                rtimer_arch_now
 .text          0x00000000000126a6       0x81 obj_cooja/mtype285.a(beep.o)
                0x00000000000126a6                beep_alarm
                0x00000000000126b3                beep_beep
                0x00000000000126c0                beep
                0x00000000000126cd                beep_down
                0x00000000000126da                beep_on
                0x00000000000126e7                beep_off
                0x00000000000126f4                beep_spinup
                0x0000000000012701                beep_quick
                0x000000000001270e                beep_long
 .text          0x0000000000012727      0x10d obj_cooja/mtype285.a(button-sensor.o)
 .text          0x0000000000012834       0x49 obj_cooja/mtype285.a(leds-arch.o)
                0x0000000000012834                leds_arch_init
                0x0000000000012841                leds_arch_get
                0x000000000001284d                leds_arch_set
 .text          0x000000000001287d       0x35 obj_cooja/mtype285.a(moteid.o)
 .text          0x00000000000128b2       0xb7 obj_cooja/mtype285.a(pir-sensor.o)
 .text          0x0000000000012969      0x148 obj_cooja/mtype285.a(rs232.o)
                0x0000000000012969                rs232_init
                0x000000000001296f                rs232_set_speed
                0x000000000001297e                rs232_set_input
                0x000000000001298c                rs232_send
                0x00000000000129b0                rs232_print
                0x00000000000129cc                slip_arch_writeb
 .text          0x0000000000012ab1       0xb7 obj_cooja/mtype285.a(vib-sensor.o)
 .text          0x0000000000012b68       0x38 obj_cooja/mtype285.a(clock.o)
                0x0000000000012b68                clock_init
                0x0000000000012b6e                clock_time
                0x0000000000012b78                clock_seconds
                0x0000000000012b8e                clock_delay
 .text          0x0000000000012ba0      0x219 obj_cooja/mtype285.a(cooja-log.o)
                0x0000000000012ba0                simlog_char
                0x0000000000012be3                simlog
                0x0000000000012c59                log_message
                0x0000000000012c8a                log_set_putchar_with_slip
                0x0000000000012c98                log_putchar
                0x0000000000012d13                log_puts
                0x0000000000012d3b                log_printf
 .text          0x0000000000012db9      0x2b9 obj_cooja/mtype285.a(cfs-cooja.o)
                0x0000000000012db9                cfs_open
                0x0000000000012e22                cfs_close
                0x0000000000012e2f                cfs_read
                0x0000000000012ec4                cfs_write
                0x0000000000012fa0                cfs_seek
                0x0000000000013028                cfs_remove
                0x000000000001304c                cfs_opendir
                0x0000000000013056                cfs_readdir
                0x0000000000013060                cfs_closedir
 .text          0x0000000000013072      0x605 obj_cooja/mtype285.a(cooja-radio.o)
                0x00000000000130b4                radio_set_channel
                0x00000000000130c2                radio_set_txpower
                0x00000000000130da                radio_signal_strength_last
                0x00000000000130e4                radio_signal_strength_current
                0x00000000000130ee                radio_LQI
 .text          0x0000000000013677       0xee obj_cooja/mtype285.a(eeprom.o)
                0x0000000000013677                eeprom_init
                0x000000000001367d                eeprom_read
                0x00000000000136eb                eeprom_write
 .text          0x0000000000013765       0x2d obj_cooja/mtype285.a(random.o)
                0x0000000000013765                random_init
                0x0000000000013785                random_rand
 .text          0x0000000000013792      0x29c obj_cooja/mtype285.a(sensors.o)
                0x00000000000137cd                sensors_first
                0x00000000000137d7                sensors_next
                0x00000000000137f1                sensors_changed
                0x0000000000013825                sensors_find
 .text          0x0000000000013a2e       0xf6 obj_cooja/mtype285.a(leds.o)
                0x0000000000013a2e                leds_init
                0x0000000000013a3c                leds_blink
                0x0000000000013a7f                leds_get
                0x0000000000013a8c                leds_set
                0x0000000000013aab                leds_on
                0x0000000000013ad1                leds_off
                0x0000000000013afe                leds_toggle
 .text          0x0000000000013b24     0x3779 obj_cooja/mtype285.a(mqtt.o)
                0x0000000000016cc7                mqtt_init
                0x0000000000016d85                mqtt_register
                0x0000000000016e22                mqtt_connect
                0x0000000000016f34                mqtt_disconnect
                0x0000000000016f72                mqtt_subscribe
                0x000000000001702f                mqtt_unsubscribe
                0x00000000000170dd                mqtt_publish
                0x00000000000171be                mqtt_set_username_password
                0x0000000000017249                mqtt_set_last_will
 .text          0x000000000001729d      0x328 obj_cooja/mtype285.a(contiki-main.o)
                0x000000000001729d                main
 .text          0x00000000000175c5       0x92 obj_cooja/mtype285.a(autostart.o)
                0x00000000000175c5                autostart_start
                0x000000000001760f                autostart_exit
 .text          0x0000000000017657      0x355 obj_cooja/mtype285.a(ctimer.o)
                0x000000000001777f                ctimer_init
                0x00000000000177b2                ctimer_set
                0x00000000000177d8                ctimer_set_with_process
                0x0000000000017855                ctimer_reset
                0x00000000000178a9                ctimer_restart
                0x00000000000178fd                ctimer_stop
                0x000000000001794d                ctimer_expired
 .text          0x00000000000179ac       0x1b obj_cooja/mtype285.a(energest.o)
                0x00000000000179ac                energest_init
                0x00000000000179b2                energest_flush
                0x00000000000179b8                energest_get_total_time
 .text          0x00000000000179c7      0x43f obj_cooja/mtype285.a(etimer.o)
                0x0000000000017beb                etimer_request_poll
                0x0000000000017c74                etimer_set
                0x0000000000017c9d                etimer_reset_with_new_interval
                0x0000000000017ccc                etimer_reset
                0x0000000000017cf2                etimer_restart
                0x0000000000017d18                etimer_adjust
                0x0000000000017d35                etimer_expired
                0x0000000000017d48                etimer_expiration_time
                0x0000000000017d5a                etimer_start_time
                0x0000000000017d64                etimer_pending
                0x0000000000017d76                etimer_next_expiration_time
                0x0000000000017d90                etimer_stop
 .text          0x0000000000017e06      0x394 obj_cooja/mtype285.a(log.o)
                0x0000000000017e06                log_6addr
                0x0000000000017e59                log_6addr_compact_snprint
                0x0000000000017ef7                log_6addr_compact
                0x0000000000017f4a                log_lladdr
                0x0000000000017fbc                log_lladdr_compact
                0x0000000000018024                log_set_level
                0x00000000000180df                log_get_level
                0x0000000000018158                log_level_to_str
 .text          0x000000000001819a      0x4fb obj_cooja/mtype285.a(process.o)
                0x000000000001819a                process_alloc_event
                0x00000000000181af                process_start
                0x0000000000018389                process_exit
                0x00000000000183a6                process_init
                0x000000000001853b                process_run
                0x000000000001856e                process_nevents
                0x0000000000018589                process_post
                0x000000000001861c                process_post_synch
                0x0000000000018651                process_poll
                0x0000000000018681                process_is_running
 .text          0x0000000000018695       0xeb obj_cooja/mtype285.a(rtimer.o)
                0x0000000000018695                rtimer_init
                0x00000000000186a3                rtimer_set
                0x000000000001871e                rtimer_run_next
 .text          0x0000000000018780       0x25 obj_cooja/mtype285.a(node-id.o)
                0x0000000000018780                node_id_init
 .text          0x00000000000187a5       0x9c obj_cooja/mtype285.a(timer.o)
                0x00000000000187a5                timer_set
                0x00000000000187c3                timer_reset
                0x00000000000187db                timer_restart
                0x00000000000187f0                timer_expired
                0x000000000001881d                timer_remaining
 .text          0x0000000000018841      0x1eb obj_cooja/mtype285.a(serial-line.o)
                0x0000000000018841                serial_line_input_byte
                0x00000000000189f7                serial_line_init
 .text          0x0000000000018a2c      0x28f obj_cooja/mtype285.a(list.o)
                0x0000000000018a2c                list_init
                0x0000000000018a3b                list_head
                0x0000000000018a45                list_copy
                0x0000000000018a55                list_tail
                0x0000000000018a8b                list_add
                0x0000000000018ad7                list_push
                0x0000000000018b03                list_chop
                0x0000000000018b6d                list_pop
                0x0000000000018b95                list_remove
                0x0000000000018bfd                list_length
                0x0000000000018c2b                list_insert
                0x0000000000018c70                list_item_next
                0x0000000000018c87                list_contains
 .text          0x0000000000018cbb      0x156 obj_cooja/mtype285.a(ringbuf.o)
                0x0000000000018cbb                ringbuf_init
                0x0000000000018ced                ringbuf_put
                0x0000000000018d6b                ringbuf_get
                0x0000000000018dd8                ringbuf_size
                0x0000000000018dea                ringbuf_elements
 .text          0x0000000000018e11      0x407 obj_cooja/mtype285.a(packetbuf.o)
                0x0000000000018e11                packetbuf_clear
                0x0000000000018e3c                packetbuf_copyfrom
                0x0000000000018e8b                packetbuf_copyto
                0x0000000000018f1e                packetbuf_hdralloc
                0x0000000000018f9a                packetbuf_hdrreduce
                0x0000000000018fe0                packetbuf_set_datalen
                0x0000000000018ffa                packetbuf_dataptr
                0x0000000000019017                packetbuf_hdrptr
                0x0000000000019021                packetbuf_datalen
                0x000000000001902d                packetbuf_hdrlen
                0x0000000000019044                packetbuf_totlen
                0x000000000001905a                packetbuf_remaininglen
                0x000000000001906d                packetbuf_attr_clear
                0x00000000000190b9                packetbuf_attr_copyto
                0x0000000000019111                packetbuf_attr_copyfrom
                0x0000000000019169                packetbuf_set_attr
                0x0000000000019193                packetbuf_attr
                0x00000000000191ad                packetbuf_set_addr
                0x00000000000191de                packetbuf_addr
                0x00000000000191fb                packetbuf_holds_broadcast
 .text          0x0000000000019218       0xef obj_cooja/mtype285.a(netstack.o)
                0x0000000000019218                netstack_process_ip_callback
                0x00000000000192a9                netstack_ip_packet_processor_add
                0x00000000000192cc                uip_ds6_ip_packet_processor_rm
                0x00000000000192e9                netstack_init
 .text          0x0000000000019307       0x4f obj_cooja/mtype285.a(linkaddr.o)
                0x0000000000019307                linkaddr_copy
                0x000000000001931d                linkaddr_cmp
                0x0000000000019340                linkaddr_set_node_addr
 .text          0x0000000000019356      0x165 obj_cooja/mtype285.a(csma.o)
 .text          0x00000000000194bb      0x944 obj_cooja/mtype285.a(csma-output.o)
                0x0000000000019b34                csma_output_packet
                0x0000000000019dc1                csma_output_init
 .text          0x0000000000019dff      0xb25 obj_cooja/mtype285.a(uip-ds6.o)
                0x0000000000019dff                uip_ds6_init
                0x0000000000019faa                uip_ds6_periodic
                0x000000000001a031                uip_ds6_list_loop
                0x000000000001a0f1                uip_ds6_prefix_add
                0x000000000001a19d                uip_ds6_prefix_rm
                0x000000000001a1b0                uip_ds6_prefix_lookup
                0x000000000001a1ef                uip_ds6_is_addr_onlink
                0x000000000001a262                uip_ds6_addr_add
                0x000000000001a382                uip_ds6_addr_rm
                0x000000000001a42b                uip_ds6_addr_lookup
                0x000000000001a464                uip_ds6_get_link_local
                0x000000000001a4e5                uip_ds6_get_global
                0x000000000001a566                uip_ds6_maddr_add
                0x000000000001a5c6                uip_ds6_maddr_rm
                0x000000000001a5d9                uip_ds6_maddr_lookup
                0x000000000001a612                uip_ds6_aaddr_add
                0x000000000001a672                uip_ds6_aaddr_rm
                0x000000000001a685                uip_ds6_aaddr_lookup
                0x000000000001a6be                uip_ds6_select_src
                0x000000000001a807                uip_ds6_set_addr_iid
                0x000000000001a832                uip_ds6_set_lladdr_from_iid
                0x000000000001a85b                get_match_length
                0x000000000001a8ec                uip_ds6_compute_reachable_time
 .text          0x000000000001a924      0x9d5 obj_cooja/mtype285.a(tcp-socket.o)
                0x000000000001af6f                tcp_socket_register
                0x000000000001b000                tcp_socket_connect
                0x000000000001b097                tcp_socket_listen
                0x000000000001b10e                tcp_socket_unlisten
                0x000000000001b182                tcp_socket_send
                0x000000000001b222                tcp_socket_send_str
                0x000000000001b24a                tcp_socket_close
                0x000000000001b273                tcp_socket_unregister
                0x000000000001b2cd                tcp_socket_max_sendlen
                0x000000000001b2ea                tcp_socket_queuelen
 .text          0x000000000001b2f9      0xa72 obj_cooja/mtype285.a(tcpip.o)
                0x000000000001b313                tcpip_output
                0x000000000001b3f7                tcp_connect
                0x000000000001b44f                tcp_unlisten
                0x000000000001b4af                tcp_listen
                0x000000000001b50d                tcp_attach
                0x000000000001b525                udp_attach
                0x000000000001b53d                udp_new
                0x000000000001b587                udp_broadcast_new
                0x000000000001b80c                tcpip_input
                0x000000000001b9ac                tcpip_ipv6_output
                0x000000000001bbc0                tcpip_poll_udp
                0x000000000001bbde                tcpip_poll_tcp
                0x000000000001bbfc                tcpip_uipcall
 .text          0x000000000001bd6b      0x35b obj_cooja/mtype285.a(uip-ds6-route.o)
                0x000000000001bdbc                uip_ds6_route_init
                0x000000000001bde6                uip_ds6_route_nexthop
                0x000000000001bdf0                uip_ds6_route_head
                0x000000000001bdfa                uip_ds6_route_next
                0x000000000001be04                uip_ds6_route_is_nexthop
                0x000000000001be0e                uip_ds6_route_num_routes
                0x000000000001be18                uip_ds6_route_lookup
                0x000000000001be22                uip_ds6_route_add
                0x000000000001be35                uip_ds6_route_rm
                0x000000000001be3b                uip_ds6_route_rm_by_nexthop
                0x000000000001be41                uip_ds6_defrt_head
                0x000000000001be5a                uip_ds6_defrt_add
                0x000000000001bf08                uip_ds6_defrt_rm
                0x000000000001bf6e                uip_ds6_defrt_lookup
                0x000000000001bfd5                uip_ds6_defrt_choose
                0x000000000001c04b                uip_ds6_defrt_periodic
 .text          0x000000000001c0c6     0x2802 obj_cooja/mtype285.a(uip6.o)
                0x000000000001c0c6                uip_add32
                0x000000000001c260                uip_chksum
                0x000000000001c341                uip_icmp6chksum
                0x000000000001c356                uip_tcpchksum
                0x000000000001c36b                uip_udpchksum
                0x000000000001c380                uip_init
                0x000000000001c40b                uip_connect
                0x000000000001c594                remove_ext_hdr
                0x000000000001c679                uip_udp_new
                0x000000000001c79b                uip_unlisten
                0x000000000001c7dd                uip_listen
                0x000000000001ca7e                uip_process
                0x000000000001e7c3                uip_htons
                0x000000000001e7e5                uip_htonl
                0x000000000001e823                uip_send
 .text          0x000000000001e8c8      0x374 obj_cooja/mtype285.a(uip-ds6-nbr.o)
                0x000000000001e8c8                uip_ds6_neighbors_init
                0x000000000001e8ec                uip_ds6_nbr_add
                0x000000000001e972                uip_ds6_nbr_rm
                0x000000000001e9bd                uip_ds6_nbr_update_ll
                0x000000000001eaab                uip_ds6_nbr_get_ipaddr
                0x000000000001eac0                uip_ds6_nbr_get_ll
                0x000000000001eadc                uip_ds6_nbr_num
                0x000000000001eb25                uip_ds6_nbr_head
                0x000000000001eb3e                uip_ds6_nbr_next
                0x000000000001eb5a                uip_ds6_nbr_lookup
                0x000000000001ebbd                uip_ds6_nbr_ll_lookup
                0x000000000001ebd9                uip_ds6_nbr_ipaddr_from_lladdr
                0x000000000001ec02                uip_ds6_nbr_lladdr_from_ipaddr
                0x000000000001ec36                uip_ds6_link_callback
 .text          0x000000000001ec3c      0x6b5 obj_cooja/mtype285.a(uip-nd6.o)
                0x000000000001f2d8                uip_nd6_init
 .text          0x000000000001f2f1     0x2a78 obj_cooja/mtype285.a(sicslowpan.o)
                0x000000000001f7ef                netstack_sniffer_add
                0x000000000001f7fd                netstack_sniffer_remove
                0x0000000000021d35                sicslowpan_init
                0x0000000000021d5f                sicslowpan_get_last_rssi
 .text          0x0000000000021d69      0x4d1 obj_cooja/mtype285.a(uiplib.o)
                0x0000000000021d69                uiplib_ip6addrconv
                0x0000000000021f21                uiplib_ip4addrconv
                0x0000000000021fe4                uiplib_ipaddr_print
                0x0000000000022037                uiplib_ipaddr_snprint
 .text          0x000000000002223a      0x4c9 obj_cooja/mtype285.a(rpl.o)
                0x000000000002223a                rpl_lollipop_greater_than
                0x0000000000022294                rpl_get_global_address
                0x000000000002238c                rpl_link_callback
                0x00000000000223d0                rpl_has_joined
                0x00000000000223f5                rpl_is_reachable
                0x0000000000022476                rpl_reset_prefix
                0x00000000000224e0                rpl_set_prefix_from_addr
                0x00000000000225c5                rpl_set_prefix
                0x00000000000226df                rpl_set_leaf_only
                0x00000000000226f7                rpl_get_leaf_only
 .text          0x0000000000022703     0x13cb obj_cooja/mtype285.a(rpl-icmp6.o)
                0x0000000000022828                rpl_icmp6_update_nbr_table
                0x00000000000228c1                rpl_icmp6_dis_output
                0x0000000000022f17                rpl_icmp6_dio_output
                0x0000000000023724                rpl_icmp6_dao_output
                0x0000000000023a15                rpl_icmp6_dao_ack_output
                0x0000000000023a85                rpl_icmp6_init
 .text          0x0000000000023ace      0xe51 obj_cooja/mtype285.a(rpl-dag.o)
                0x0000000000023ace                rpl_dag_state_to_str
                0x0000000000023b0d                rpl_dag_get_root_ipaddr
                0x0000000000023b55                rpl_dag_leave
                0x0000000000023bde                rpl_dag_poison_and_leave
                0x0000000000023bf6                rpl_dag_periodic
                0x0000000000023c7e                rpl_is_addr_in_our_dag
                0x0000000000023cc2                rpl_get_default_instance
                0x0000000000023cde                rpl_get_any_dag
                0x0000000000023d37                rpl_refresh_routes
                0x0000000000023d77                rpl_global_repair
                0x0000000000023e03                rpl_local_repair
                0x0000000000023e4d                rpl_dag_ready_to_advertise
                0x0000000000023e90                rpl_dag_update_state
                0x00000000000245b4                rpl_process_dio
                0x0000000000024635                rpl_process_dis
                0x000000000002467a                rpl_process_dao
                0x0000000000024709                rpl_process_dao_ack
                0x000000000002479b                rpl_process_hbh
                0x00000000000247eb                rpl_dag_init_root
                0x00000000000248ff                rpl_dag_init
 .text          0x000000000002491f      0x286 obj_cooja/mtype285.a(rpl-dag-root.o)
                0x000000000002491f                rpl_dag_root_print_links
                0x0000000000024a6d                rpl_dag_root_set_prefix
                0x0000000000024a99                rpl_dag_root_start
                0x0000000000024b76                rpl_dag_root_is_root
 .text          0x0000000000024ba5       0x1e obj_cooja/mtype285.a(watchdog.o)
                0x0000000000024ba5                watchdog_init
                0x0000000000024bab                watchdog_start
                0x0000000000024bb1                watchdog_periodic
                0x0000000000024bb7                watchdog_stop
                0x0000000000024bbd                watchdog_reboot
 .text          0x0000000000024bc3       0xb2 obj_cooja/mtype285.a(stimer.o)
                0x0000000000024bc3                stimer_set
                0x0000000000024be1                stimer_reset
                0x0000000000024bf9                stimer_restart
                0x0000000000024c0e                stimer_expired
                0x0000000000024c39                stimer_remaining
                0x0000000000024c5d                stimer_elapsed
 .text          0x0000000000024c75      0x1b8 obj_cooja/mtype285.a(memb.o)
                0x0000000000024c75                memb_init
                0x0000000000024cca                memb_alloc
                0x0000000000024d2f                memb_free
                0x0000000000024daa                memb_inmemb
                0x0000000000024de9                memb_numfree
 .text          0x0000000000024e2d      0x2e7 obj_cooja/mtype285.a(queuebuf.o)
                0x0000000000024e37                queuebuf_init
                0x0000000000024e60                queuebuf_numfree
                0x0000000000024e78                queuebuf_new_from_packetbuf
                0x0000000000024f17                queuebuf_update_attr_from_packetbuf
                0x0000000000024f4c                queuebuf_update_from_packetbuf
                0x0000000000024f9c                queuebuf_free
                0x0000000000024fe5                queuebuf_to_packetbuf
                0x0000000000025051                queuebuf_dataptr
                0x000000000002508b                queuebuf_datalen
                0x00000000000250ae                queuebuf_addr
                0x00000000000250e3                queuebuf_attr
                0x000000000002510e                queuebuf_debug_print
 .text          0x0000000000025114      0x78b obj_cooja/mtype285.a(nbr-table.o)
                0x000000000002558d                nbr_table_register
                0x00000000000255fa                nbr_table_is_registered
                0x0000000000025635                nbr_table_head
                0x0000000000025690                nbr_table_next
                0x00000000000256f1                nbr_table_add_lladdr
                0x00000000000257bb                nbr_table_get_from_lladdr
                0x0000000000025807                nbr_table_remove
                0x000000000002583f                nbr_table_lock
                0x0000000000025859                nbr_table_unlock
                0x0000000000025873                nbr_table_get_lladdr
 .text          0x000000000002589f      0x37c obj_cooja/mtype285.a(link-stats.o)
                0x000000000002589f                link_stats_from_lladdr
                0x00000000000258bb                link_stats_is_fresh
                0x00000000000258f7                guess_etx_from_rssi
                0x0000000000025973                link_stats_packet_sent
                0x0000000000025a86                link_stats_input_callback
                0x0000000000025b96                link_stats_reset
                0x0000000000025be6                link_stats_init
 .text          0x0000000000025c1b      0x187 obj_cooja/mtype285.a(mac-sequence.o)
                0x0000000000025c1b                mac_sequence_is_duplicate
                0x0000000000025cbb                mac_sequence_register_seqno
 .text          0x0000000000025da2       0x23 obj_cooja/mtype285.a(mac.o)
                0x0000000000025da2                mac_call_sent_callback
 .text          0x0000000000025dc5      0x41d obj_cooja/mtype285.a(framer-802154.o)
                0x0000000000025f54                framer_802154_setup_params
 .text          0x00000000000261e2      0xb6f obj_cooja/mtype285.a(frame802154.o)
                0x0000000000026213                frame802154_get_pan_id
                0x000000000002621f                frame802154_set_pan_id
                0x0000000000026239                frame802154_has_panid
                0x00000000000263e8                frame802154_check_dest_panid
                0x0000000000026470                frame802154_is_broadcast_addr
                0x00000000000264bd                frame802154_extract_linkaddr
                0x0000000000026722                frame802154_hdrlen
                0x0000000000026795                frame802154_create_fcf
                0x000000000002684d                frame802154_create
                0x00000000000269c2                frame802154_parse_fcf
                0x0000000000026aa4                frame802154_parse
 .text          0x0000000000026d51      0x1ec obj_cooja/mtype285.a(uipbuf.o)
                0x0000000000026d51                uipbuf_get_next_header
                0x0000000000026dc0                uipbuf_get_last_header
                0x0000000000026e47                uipbuf_get_attr
                0x0000000000026e6e                uipbuf_set_attr
                0x0000000000026ea5                uipbuf_clear_attr
                0x0000000000026ed1                uipbuf_set_attr_flag
                0x0000000000026ef2                uipbuf_clr_attr_flag
                0x0000000000026f19                uipbuf_is_attr_flag
 .text          0x0000000000026f3d      0x96e obj_cooja/mtype285.a(uip-icmp6.o)
                0x0000000000026fb2                uip_icmp6_input
                0x0000000000027009                uip_icmp6_register_input_handler
                0x0000000000027215                uip_icmp6_error_output
                0x0000000000027574                uip_icmp6_send
                0x0000000000027833                uip_icmp6_echo_reply_callback_add
                0x0000000000027865                uip_icmp6_echo_reply_callback_rm
                0x0000000000027882                uip_icmp6_init
 .text          0x00000000000278ab      0x69b obj_cooja/mtype285.a(uip-sr.o)
                0x00000000000278ab                uip_sr_num_nodes
                0x0000000000027939                uip_sr_get_node
                0x0000000000027990                uip_sr_is_addr_reachable
                0x0000000000027a3e                uip_sr_expire_parent
                0x0000000000027a87                uip_sr_update_node
                0x0000000000027bb7                uip_sr_init
                0x0000000000027beb                uip_sr_node_head
                0x0000000000027c04                uip_sr_node_next
                0x0000000000027c1a                uip_sr_periodic
                0x0000000000027d20                uip_sr_free_all
                0x0000000000027d90                uip_sr_link_snprint
 .text          0x0000000000027f46      0x146 obj_cooja/mtype285.a(uip-packetqueue)
                0x0000000000027f74                uip_packetqueue_new
                0x0000000000027f83                uip_packetqueue_alloc
                0x0000000000027fde                uip_packetqueue_free
                0x0000000000028025                uip_packetqueue_buf
                0x0000000000028042                uip_packetqueue_buflen
                0x0000000000028063                uip_packetqueue_set_buflen
 .text          0x000000000002808c      0x1c8 obj_cooja/mtype285.a(rpl-nbr-policy.)
                0x0000000000028211                rpl_nbr_policy_find_removable
 .text          0x0000000000028254      0x8ed obj_cooja/mtype285.a(rpl-neighbor.o)
                0x00000000000282d0                rpl_neighbor_snprint
                0x000000000002857d                rpl_neighbor_print_list
                0x0000000000028632                rpl_neighbor_count
                0x00000000000286d9                rpl_neighbor_get_from_lladdr
                0x00000000000286f5                rpl_neighbor_is_acceptable_parent
                0x0000000000028729                rpl_neighbor_get_link_metric
                0x000000000002875d                rpl_neighbor_rank_via_nbr
                0x0000000000028791                rpl_neighbor_get_lladdr
                0x00000000000287ad                rpl_neighbor_get_ipaddr
                0x00000000000287d4                rpl_neighbor_get_link_stats
                0x00000000000287fb                rpl_neighbor_is_fresh
                0x0000000000028822                rpl_neighbor_is_reachable
                0x000000000002886d                rpl_neighbor_is_parent
                0x0000000000028897                rpl_neighbor_set_preferred_parent
                0x0000000000028923                rpl_neighbor_remove_all
                0x0000000000028972                rpl_neighbor_get_from_ipaddr
                0x0000000000028a76                rpl_neighbor_select_best
                0x0000000000028b22                rpl_neighbor_init
 .text          0x0000000000028b41      0xa19 obj_cooja/mtype285.a(rpl-timers.o)
                0x0000000000028b41                rpl_timers_schedule_periodic_dis
                0x0000000000028c8f                rpl_timers_dio_reset
                0x0000000000028d80                rpl_timers_schedule_unicast_dio
                0x0000000000028f06                rpl_timers_schedule_dao
                0x0000000000029040                rpl_timers_schedule_dao_ack
                0x00000000000290c6                get_probing_delay
                0x00000000000290fa                get_probing_target
                0x00000000000292e4                rpl_schedule_probing
                0x0000000000029312                rpl_schedule_probing_now
                0x000000000002937c                rpl_timers_unschedule_leaving
                0x00000000000293b4                rpl_timers_schedule_leaving
                0x00000000000293f5                rpl_timers_init
                0x0000000000029485                rpl_timers_stop_dag_timers
                0x00000000000294fe                rpl_timers_unschedule_state_update
                0x0000000000029522                rpl_timers_schedule_state_update
 .text          0x000000000002955a     0x102c obj_cooja/mtype285.a(rpl-ext-header.)
                0x000000000002955a                rpl_ext_header_srh_get_next_hop
                0x00000000000296d6                rpl_ext_header_srh_update
                0x0000000000029dcf                rpl_ext_header_hbh_update
                0x000000000002a324                rpl_ext_header_update
                0x000000000002a3ad                rpl_ext_header_remove
 .text          0x000000000002a586      0x31b obj_cooja/mtype285.a(rpl-mrhof.o)
 .text          0x000000000002a8a1        0x0 /usr/lib/gcc/i686-linux-gnu/5/crtendS.o
 .text          0x000000000002a8a1        0x0 /usr/lib/gcc/i686-linux-gnu/5/../../../i386-linux-gnu/crtn.o
 *(.gnu.warning)

.fini           0x000000000002a8a4       0x14
 *(SORT(.fini))
 .fini          0x000000000002a8a4        0xf /usr/lib/gcc/i686-linux-gnu/5/../../../i386-linux-gnu/crti.o
                0x000000000002a8a4                _fini
 .fini          0x000000000002a8b3        0x5 /usr/lib/gcc/i686-linux-gnu/5/../../../i386-linux-gnu/crtn.o
                [!provide]                        PROVIDE (__etext, .)
                [!provide]                        PROVIDE (_etext, .)
                [!provide]                        PROVIDE (etext, .)

.rodata         0x000000000002a8c0      0xbc0
 *(.rodata .rodata.* .gnu.linkonce.r.*)
 .rodata        0x000000000002a8c0      0x448 mqtt-demo.o
                0x000000000002a8c8                autostart_processes
 .rodata        0x000000000002ad08        0x8 obj_cooja/mtype285.a(beep.o)
                0x000000000002ad08                beep_interface
 .rodata        0x000000000002ad10       0x20 obj_cooja/mtype285.a(button-sensor.o)
                0x000000000002ad10                button_interface
                0x000000000002ad20                button_sensor
 .rodata        0x000000000002ad30        0x8 obj_cooja/mtype285.a(leds-arch.o)
                0x000000000002ad30                leds_interface
 .rodata        0x000000000002ad38        0x8 obj_cooja/mtype285.a(moteid.o)
                0x000000000002ad38                moteid_interface
 .rodata        0x000000000002ad40       0x1c obj_cooja/mtype285.a(pir-sensor.o)
                0x000000000002ad40                pir_interface
                0x000000000002ad4c                pir_sensor
 .rodata        0x000000000002ad5c        0xe obj_cooja/mtype285.a(rs232.o)
                0x000000000002ad5c                rs232_interface
 *fill*         0x000000000002ad6a        0x2 
 .rodata        0x000000000002ad6c       0x24 obj_cooja/mtype285.a(vib-sensor.o)
                0x000000000002ad6c                vib_interface
                0x000000000002ad80                vib_sensor
 .rodata        0x000000000002ad90        0x8 obj_cooja/mtype285.a(clock.o)
                0x000000000002ad90                clock_interface
 .rodata        0x000000000002ad98        0x8 obj_cooja/mtype285.a(cooja-log.o)
                0x000000000002ad98                simlog_interface
 .rodata        0x000000000002ada0       0x2f obj_cooja/mtype285.a(cfs-cooja.o)
                0x000000000002ada0                cfs_interface
 *fill*         0x000000000002adcf       0x11 
 .rodata        0x000000000002ade0       0x58 obj_cooja/mtype285.a(cooja-radio.o)
                0x000000000002ade0                radio_interface
                0x000000000002ae00                cooja_radio_driver
 .rodata        0x000000000002ae38        0x8 obj_cooja/mtype285.a(eeprom.o)
                0x000000000002ae38                eeprom_interface
 .rodata        0x000000000002ae40        0x8 obj_cooja/mtype285.a(sensors.o)
 .rodata        0x000000000002ae48       0x14 obj_cooja/mtype285.a(mqtt.o)
 .rodata        0x000000000002ae5c       0xf4 obj_cooja/mtype285.a(contiki-main.o)
 .rodata        0x000000000002af50        0xf obj_cooja/mtype285.a(ctimer.o)
 .rodata        0x000000000002af5f        0xc obj_cooja/mtype285.a(etimer.o)
 *fill*         0x000000000002af6b        0x1 
 .rodata        0x000000000002af6c       0xc0 obj_cooja/mtype285.a(log.o)
 .rodata        0x000000000002b02c        0xe obj_cooja/mtype285.a(serial-line.o)
 *fill*         0x000000000002b03a        0x2 
 .rodata        0x000000000002b03c        0x8 obj_cooja/mtype285.a(linkaddr.o)
                0x000000000002b03c                linkaddr_null
 .rodata        0x000000000002b044       0x20 obj_cooja/mtype285.a(csma.o)
                0x000000000002b04c                csma_driver
 .rodata        0x000000000002b064       0x13 obj_cooja/mtype285.a(tcp-socket.o)
 .rodata        0x000000000002b077        0xd obj_cooja/mtype285.a(tcpip.o)
 .rodata        0x000000000002b084       0x4d obj_cooja/mtype285.a(uip-ds6-route.o)
 *fill*         0x000000000002b0d1        0x3 
 .rodata        0x000000000002b0d4      0x13c obj_cooja/mtype285.a(uip6.o)
 .rodata        0x000000000002b210       0x30 obj_cooja/mtype285.a(sicslowpan.o)
                0x000000000002b210                unc_llconf
                0x000000000002b214                unc_ctxconf
                0x000000000002b218                unc_mxconf
                0x000000000002b21c                llprefix
                0x000000000002b230                sicslowpan_driver
 .rodata        0x000000000002b240       0x2d obj_cooja/mtype285.a(uiplib.o)
 *fill*         0x000000000002b26d       0x13 
 .rodata        0x000000000002b280       0x70 obj_cooja/mtype285.a(rpl.o)
                0x000000000002b2a0                rpl_lite_driver
 .rodata        0x000000000002b2f0       0xdb obj_cooja/mtype285.a(rpl-dag.o)
 *fill*         0x000000000002b3cb        0x1 
 .rodata        0x000000000002b3cc        0xc obj_cooja/mtype285.a(framer-802154.o)
                0x000000000002b3cc                framer_802154
 .rodata        0x000000000002b3d8       0x44 obj_cooja/mtype285.a(uip-sr.o)
 .rodata        0x000000000002b41c       0x58 obj_cooja/mtype285.a(rpl-neighbor.o)
 .rodata        0x000000000002b474        0xc obj_cooja/mtype285.a(rpl-timers.o)

.rodata1
 *(.rodata1)

.eh_frame_hdr   0x000000000002b480     0x167c
 *(.eh_frame_hdr)
 .eh_frame_hdr  0x000000000002b480     0x167c mqtt-demo.o
                0x000000000002b480                __GNU_EH_FRAME_HDR
 *(.eh_frame_entry .eh_frame_entry.*)

.eh_frame       0x000000000002cafc     0x5b10
 *(.eh_frame)
 .eh_frame      0x000000000002cafc       0x3c /usr/lib/gcc/i686-linux-gnu/5/../../../i386-linux-gnu/crti.o
                                         0x40 (size before relaxing)
 .eh_frame      0x000000000002cb38      0x260 mqtt-demo.o
                                        0x278 (size before relaxing)
 .eh_frame      0x000000000002cd98      0x178 obj_cooja/mtype285.o
                                        0x190 (size before relaxing)
 .eh_frame      0x000000000002cf10       0x40 obj_cooja/mtype285.a(simEnvChange.o)
                                         0x58 (size before relaxing)
 .eh_frame      0x000000000002cf50       0x60 obj_cooja/mtype285.a(cooja_mt.o)
                                         0x78 (size before relaxing)
 .eh_frame      0x000000000002cfb0       0x80 obj_cooja/mtype285.a(cooja_mtarch.o)
                                         0x98 (size before relaxing)
 .eh_frame      0x000000000002d030       0xc8 obj_cooja/mtype285.a(rtimer-arch.o)
                                         0xe0 (size before relaxing)
 .eh_frame      0x000000000002d0f8      0x160 obj_cooja/mtype285.a(beep.o)
                                        0x178 (size before relaxing)
 .eh_frame      0x000000000002d258       0xa0 obj_cooja/mtype285.a(button-sensor.o)
                                         0xb8 (size before relaxing)
 .eh_frame      0x000000000002d2f8       0xa0 obj_cooja/mtype285.a(leds-arch.o)
                                         0xb8 (size before relaxing)
 .eh_frame      0x000000000002d398       0x40 obj_cooja/mtype285.a(moteid.o)
                                         0x58 (size before relaxing)
 .eh_frame      0x000000000002d3d8       0xa0 obj_cooja/mtype285.a(pir-sensor.o)
                                         0xb8 (size before relaxing)
 .eh_frame      0x000000000002d478      0x100 obj_cooja/mtype285.a(rs232.o)
                                        0x118 (size before relaxing)
 .eh_frame      0x000000000002d578       0xa0 obj_cooja/mtype285.a(vib-sensor.o)
                                         0xb8 (size before relaxing)
 .eh_frame      0x000000000002d618       0xc0 obj_cooja/mtype285.a(clock.o)
                                         0xd8 (size before relaxing)
 .eh_frame      0x000000000002d6d8      0x120 obj_cooja/mtype285.a(cooja-log.o)
                                        0x138 (size before relaxing)
 .eh_frame      0x000000000002d7f8      0x160 obj_cooja/mtype285.a(cfs-cooja.o)
                                        0x178 (size before relaxing)
 .eh_frame      0x000000000002d958      0x340 obj_cooja/mtype285.a(cooja-radio.o)
                                        0x358 (size before relaxing)
 .eh_frame      0x000000000002dc98       0xa0 obj_cooja/mtype285.a(eeprom.o)
                                         0xb8 (size before relaxing)
 .eh_frame      0x000000000002dd38       0x40 obj_cooja/mtype285.a(random.o)
                                         0x58 (size before relaxing)
 .eh_frame      0x000000000002dd78       0xc0 obj_cooja/mtype285.a(sensors.o)
                                         0xd8 (size before relaxing)
 .eh_frame      0x000000000002de38       0xe0 obj_cooja/mtype285.a(leds.o)
                                         0xf8 (size before relaxing)
 .eh_frame      0x000000000002df18      0x4a4 obj_cooja/mtype285.a(mqtt.o)
                                        0x4bc (size before relaxing)
 .eh_frame      0x000000000002e3bc       0x30 obj_cooja/mtype285.a(contiki-main.o)
                                         0x48 (size before relaxing)
 .eh_frame      0x000000000002e3ec       0x40 obj_cooja/mtype285.a(autostart.o)
                                         0x58 (size before relaxing)
 .eh_frame      0x000000000002e42c      0x100 obj_cooja/mtype285.a(ctimer.o)
                                        0x118 (size before relaxing)
 .eh_frame      0x000000000002e52c       0x60 obj_cooja/mtype285.a(energest.o)
                                         0x78 (size before relaxing)
 .eh_frame      0x000000000002e58c      0x1e0 obj_cooja/mtype285.a(etimer.o)
                                        0x1f8 (size before relaxing)
 .eh_frame      0x000000000002e76c      0x100 obj_cooja/mtype285.a(log.o)
                                        0x118 (size before relaxing)
 .eh_frame      0x000000000002e86c      0x1c4 obj_cooja/mtype285.a(process.o)
                                        0x1dc (size before relaxing)
 .eh_frame      0x000000000002ea30       0x60 obj_cooja/mtype285.a(rtimer.o)
                                         0x78 (size before relaxing)
 .eh_frame      0x000000000002ea90       0x20 obj_cooja/mtype285.a(node-id.o)
                                         0x38 (size before relaxing)
 .eh_frame      0x000000000002eab0       0xa4 obj_cooja/mtype285.a(timer.o)
                                         0xbc (size before relaxing)
 .eh_frame      0x000000000002eb54       0x60 obj_cooja/mtype285.a(serial-line.o)
                                         0x78 (size before relaxing)
 .eh_frame      0x000000000002ebb4      0x1a0 obj_cooja/mtype285.a(list.o)
                                        0x1b8 (size before relaxing)
 .eh_frame      0x000000000002ed54       0xa0 obj_cooja/mtype285.a(ringbuf.o)
                                         0xb8 (size before relaxing)
 .eh_frame      0x000000000002edf4      0x28c obj_cooja/mtype285.a(packetbuf.o)
                                        0x2a4 (size before relaxing)
 .eh_frame      0x000000000002f080       0x80 obj_cooja/mtype285.a(netstack.o)
                                         0x98 (size before relaxing)
 .eh_frame      0x000000000002f100       0x60 obj_cooja/mtype285.a(linkaddr.o)
                                         0x78 (size before relaxing)
 .eh_frame      0x000000000002f160       0xa0 obj_cooja/mtype285.a(csma.o)
                                         0xb8 (size before relaxing)
 .eh_frame      0x000000000002f200      0x1d4 obj_cooja/mtype285.a(csma-output.o)
                                        0x1ec (size before relaxing)
 .eh_frame      0x000000000002f3d4      0x2e8 obj_cooja/mtype285.a(uip-ds6.o)
                                        0x300 (size before relaxing)
 .eh_frame      0x000000000002f6bc      0x248 obj_cooja/mtype285.a(tcp-socket.o)
                                        0x260 (size before relaxing)
 .eh_frame      0x000000000002f904      0x308 obj_cooja/mtype285.a(tcpip.o)
                                        0x320 (size before relaxing)
 .eh_frame      0x000000000002fc0c      0x220 obj_cooja/mtype285.a(uip-ds6-route.o)
                                        0x238 (size before relaxing)
 .eh_frame      0x000000000002fe2c      0x274 obj_cooja/mtype285.a(uip6.o)
                                        0x28c (size before relaxing)
 .eh_frame      0x00000000000300a0      0x1c0 obj_cooja/mtype285.a(uip-ds6-nbr.o)
                                        0x1d8 (size before relaxing)
 .eh_frame      0x0000000000030260       0x84 obj_cooja/mtype285.a(uip-nd6.o)
                                         0x9c (size before relaxing)
 .eh_frame      0x00000000000302e4      0x2f8 obj_cooja/mtype285.a(sicslowpan.o)
                                        0x310 (size before relaxing)
 .eh_frame      0x00000000000305dc       0x88 obj_cooja/mtype285.a(uiplib.o)
                                         0xa0 (size before relaxing)
 .eh_frame      0x0000000000030664      0x1e0 obj_cooja/mtype285.a(rpl.o)
                                        0x1f8 (size before relaxing)
 .eh_frame      0x0000000000030844      0x1c4 obj_cooja/mtype285.a(rpl-icmp6.o)
                                        0x1dc (size before relaxing)
 .eh_frame      0x0000000000030a08      0x370 obj_cooja/mtype285.a(rpl-dag.o)
                                        0x388 (size before relaxing)
 .eh_frame      0x0000000000030d78       0xa0 obj_cooja/mtype285.a(rpl-dag-root.o)
                                         0xb8 (size before relaxing)
 .eh_frame      0x0000000000030e18       0xa0 obj_cooja/mtype285.a(watchdog.o)
                                         0xb8 (size before relaxing)
 .eh_frame      0x0000000000030eb8       0xc4 obj_cooja/mtype285.a(stimer.o)
                                         0xdc (size before relaxing)
 .eh_frame      0x0000000000030f7c       0xa0 obj_cooja/mtype285.a(memb.o)
                                         0xb8 (size before relaxing)
 .eh_frame      0x000000000003101c      0x1a0 obj_cooja/mtype285.a(queuebuf.o)
                                        0x1b8 (size before relaxing)
 .eh_frame      0x00000000000311bc      0x2ac obj_cooja/mtype285.a(nbr-table.o)
                                        0x2c4 (size before relaxing)
 .eh_frame      0x0000000000031468      0x100 obj_cooja/mtype285.a(link-stats.o)
                                        0x118 (size before relaxing)
 .eh_frame      0x0000000000031568       0x48 obj_cooja/mtype285.a(mac-sequence.o)
                                         0x60 (size before relaxing)
 .eh_frame      0x00000000000315b0       0x20 obj_cooja/mtype285.a(mac.o)
                                         0x38 (size before relaxing)
 .eh_frame      0x00000000000315d0       0xa4 obj_cooja/mtype285.a(framer-802154.o)
                                         0xbc (size before relaxing)
 .eh_frame      0x0000000000031674      0x1a4 obj_cooja/mtype285.a(frame802154.o)
                                        0x1bc (size before relaxing)
 .eh_frame      0x0000000000031818      0x100 obj_cooja/mtype285.a(uipbuf.o)
                                        0x118 (size before relaxing)
 .eh_frame      0x0000000000031918      0x160 obj_cooja/mtype285.a(uip-icmp6.o)
                                        0x178 (size before relaxing)
 .eh_frame      0x0000000000031a78      0x184 obj_cooja/mtype285.a(uip-sr.o)
                                        0x19c (size before relaxing)
 .eh_frame      0x0000000000031bfc       0xe0 obj_cooja/mtype285.a(uip-packetqueue)
                                         0xf8 (size before relaxing)
 .eh_frame      0x0000000000031cdc       0x80 obj_cooja/mtype285.a(rpl-nbr-policy.)
                                         0x98 (size before relaxing)
 .eh_frame      0x0000000000031d5c      0x2d4 obj_cooja/mtype285.a(rpl-neighbor.o)
                                        0x2ec (size before relaxing)
 .eh_frame      0x0000000000032030      0x368 obj_cooja/mtype285.a(rpl-timers.o)
                                        0x380 (size before relaxing)
 .eh_frame      0x0000000000032398      0x128 obj_cooja/mtype285.a(rpl-ext-header.)
                                        0x140 (size before relaxing)
 .eh_frame      0x00000000000324c0      0x148 obj_cooja/mtype285.a(rpl-mrhof.o)
                                        0x160 (size before relaxing)
 .eh_frame      0x0000000000032608        0x4 /usr/lib/gcc/i686-linux-gnu/5/crtendS.o
 *(.eh_frame.*)

.gcc_except_table
 *(.gcc_except_table .gcc_except_table.*)

.gnu_extab
 *(.gnu_extab*)

.exception_ranges
 *(.exception_ranges .exception_ranges*)
                0x0000000000033f10                . = DATA_SEGMENT_ALIGN (0x1000, 0x1000)

.eh_frame
 *(.eh_frame)
 *(.eh_frame.*)

.gnu_extab
 *(.gnu_extab)

.gcc_except_table
 *(.gcc_except_table .gcc_except_table.*)

.exception_ranges
 *(.exception_ranges .exception_ranges*)

.tdata
 *(.tdata .tdata.* .gnu.linkonce.td.*)

.tbss
 *(.tbss .tbss.* .gnu.linkonce.tb.*)
 *(.tcommon)

.preinit_array
 *(.preinit_array)

.init_array     0x0000000000033f10        0x4
 *(SORT(.init_array.*) SORT(.ctors.*))
 *(.init_array EXCLUDE_FILE(*crtend?.o *crtend.o *crtbegin?.o *crtbegin.o) .ctors)
 .init_array    0x0000000000033f10        0x4 /usr/lib/gcc/i686-linux-gnu/5/crtbeginS.o

.fini_array     0x0000000000033f14        0x4
 *(SORT(.fini_array.*) SORT(.dtors.*))
 *(.fini_array EXCLUDE_FILE(*crtend?.o *crtend.o *crtbegin?.o *crtbegin.o) .dtors)
 .fini_array    0x0000000000033f14        0x4 /usr/lib/gcc/i686-linux-gnu/5/crtbeginS.o

.ctors
 *crtbegin.o(.ctors)
 *crtbegin?.o(.ctors)
 *(EXCLUDE_FILE(*crtend?.o *crtend.o) .ctors)
 *(SORT(.ctors.*))
 *(.ctors)

.dtors
 *crtbegin.o(.dtors)
 *crtbegin?.o(.dtors)
 *(EXCLUDE_FILE(*crtend?.o *crtend.o) .dtors)
 *(SORT(.dtors.*))
 *(.dtors)

.jcr            0x0000000000033f18        0x4
 *(.jcr)
 .jcr           0x0000000000033f18        0x0 /usr/lib/gcc/i686-linux-gnu/5/crtbeginS.o
 .jcr           0x0000000000033f18        0x4 /usr/lib/gcc/i686-linux-gnu/5/crtendS.o

.data.rel.ro
 *(.data.rel.ro.local* .gnu.linkonce.d.rel.ro.local.*)
 *(.data.rel.ro .data.rel.ro.* .gnu.linkonce.d.rel.ro.*)

.dynamic        0x0000000000033f1c       0xd0
 *(.dynamic)
 .dynamic       0x0000000000033f1c       0xd0 /usr/lib/gcc/i686-linux-gnu/5/../../../i386-linux-gnu/crti.o
                0x0000000000033f1c                _DYNAMIC

.got            0x0000000000033fec       0x14
 *(.got)
 .got           0x0000000000033fec       0x14 /usr/lib/gcc/i686-linux-gnu/5/../../../i386-linux-gnu/crti.o
 *(.igot)
                0x0000000000034ff4                . = DATA_SEGMENT_RELRO_END (., (SIZEOF (.got.plt) >= 0xc)?0xc:0x0)

.got.plt        0x0000000000034000        0xc
 *(.got.plt)
 .got.plt       0x0000000000034000        0xc /usr/lib/gcc/i686-linux-gnu/5/../../../i386-linux-gnu/crti.o
                0x0000000000034000                _GLOBAL_OFFSET_TABLE_
 *(.igot.plt)

.data           0x0000000000034020      0x324
 *(.data .data.* .gnu.linkonce.d.*)
 .data          0x0000000000034020        0x0 /usr/lib/gcc/i686-linux-gnu/5/../../../i386-linux-gnu/crti.o
 .data          0x0000000000034020        0x0 /usr/lib/gcc/i686-linux-gnu/5/crtbeginS.o
 .data.rel.local
                0x0000000000034020        0x4 /usr/lib/gcc/i686-linux-gnu/5/crtbeginS.o
                0x0000000000034020                __dso_handle
 .data          0x0000000000034024       0x14 mqtt-demo.o
                0x0000000000034028                mqtt_demo_process
 *fill*         0x0000000000034038        0x8 
 .data          0x0000000000034040       0x44 obj_cooja/mtype285.o
                0x0000000000034040                simInterfaces
                0x0000000000034074                sensors
 .data          0x0000000000034084        0x0 obj_cooja/mtype285.a(simEnvChange.o)
 .data          0x0000000000034084        0x0 obj_cooja/mtype285.a(cooja_mt.o)
 .data          0x0000000000034084        0x0 obj_cooja/mtype285.a(cooja_mtarch.o)
 .data          0x0000000000034084        0x0 obj_cooja/mtype285.a(rtimer-arch.o)
 .data          0x0000000000034084        0x0 obj_cooja/mtype285.a(beep.o)
 .data          0x0000000000034084        0x0 obj_cooja/mtype285.a(button-sensor.o)
 .data          0x0000000000034084        0x0 obj_cooja/mtype285.a(leds-arch.o)
 .data          0x0000000000034084        0x0 obj_cooja/mtype285.a(moteid.o)
 .data          0x0000000000034084        0x0 obj_cooja/mtype285.a(pir-sensor.o)
 .data          0x0000000000034084        0x0 obj_cooja/mtype285.a(rs232.o)
 .data          0x0000000000034084        0x0 obj_cooja/mtype285.a(vib-sensor.o)
 .data          0x0000000000034084        0x0 obj_cooja/mtype285.a(clock.o)
 .data          0x0000000000034084        0x0 obj_cooja/mtype285.a(cooja-log.o)
 .data          0x0000000000034084        0x0 obj_cooja/mtype285.a(cfs-cooja.o)
 .data          0x0000000000034084       0x2c obj_cooja/mtype285.a(cooja-radio.o)
                0x0000000000034084                simRadioHWOn
                0x0000000000034088                simSignalStrength
                0x000000000003408c                simLastSignalStrength
                0x0000000000034090                simPower
                0x0000000000034094                simRadioChannel
                0x0000000000034098                simLQI
                0x00000000000340a0                cooja_radio_process
 .data          0x00000000000340b0        0x0 obj_cooja/mtype285.a(eeprom.o)
 .data          0x00000000000340b0        0x0 obj_cooja/mtype285.a(random.o)
 .data          0x00000000000340b0       0x10 obj_cooja/mtype285.a(sensors.o)
                0x00000000000340b0                sensors_process
 .data          0x00000000000340c0        0x0 obj_cooja/mtype285.a(leds.o)
 .data          0x00000000000340c0       0x14 obj_cooja/mtype285.a(mqtt.o)
                0x00000000000340c4                mqtt_process
 .data          0x00000000000340d4        0x0 obj_cooja/mtype285.a(contiki-main.o)
 .data          0x00000000000340d4        0x0 obj_cooja/mtype285.a(autostart.o)
 .data          0x00000000000340d4       0x14 obj_cooja/mtype285.a(ctimer.o)
                0x00000000000340d8                ctimer_process
 .data          0x00000000000340e8        0x0 obj_cooja/mtype285.a(energest.o)
 .data          0x00000000000340e8       0x10 obj_cooja/mtype285.a(etimer.o)
                0x00000000000340e8                etimer_process
 *fill*         0x00000000000340f8        0x8 
 .data          0x0000000000034100       0xb0 obj_cooja/mtype285.a(log.o)
                0x0000000000034100                curr_log_level_main
                0x0000000000034120                all_modules
 .data          0x00000000000341b0        0x0 obj_cooja/mtype285.a(process.o)
 .data          0x00000000000341b0        0x0 obj_cooja/mtype285.a(rtimer.o)
 .data          0x00000000000341b0        0x0 obj_cooja/mtype285.a(node-id.o)
 .data          0x00000000000341b0        0x0 obj_cooja/mtype285.a(timer.o)
 .data          0x00000000000341b0       0x10 obj_cooja/mtype285.a(serial-line.o)
                0x00000000000341b0                serial_line_process
 .data          0x00000000000341c0        0x0 obj_cooja/mtype285.a(list.o)
 .data          0x00000000000341c0        0x0 obj_cooja/mtype285.a(ringbuf.o)
 .data          0x00000000000341c0        0x4 obj_cooja/mtype285.a(packetbuf.o)
 .data          0x00000000000341c4        0x4 obj_cooja/mtype285.a(netstack.o)
 .data          0x00000000000341c8        0x0 obj_cooja/mtype285.a(linkaddr.o)
 .data          0x00000000000341c8        0x0 obj_cooja/mtype285.a(csma.o)
 .data          0x00000000000341c8       0x28 obj_cooja/mtype285.a(csma-output.o)
 .data          0x00000000000341f0        0x0 obj_cooja/mtype285.a(uip-ds6.o)
 .data          0x00000000000341f0       0x14 obj_cooja/mtype285.a(tcp-socket.o)
                0x00000000000341f4                tcp_socket_process
 .data          0x0000000000034204       0x10 obj_cooja/mtype285.a(tcpip.o)
                0x0000000000034204                tcpip_process
 .data          0x0000000000034214       0x10 obj_cooja/mtype285.a(uip-ds6-route.o)
 .data          0x0000000000034224        0x0 obj_cooja/mtype285.a(uip6.o)
 .data          0x0000000000034224       0x14 obj_cooja/mtype285.a(uip-ds6-nbr.o)
                0x0000000000034234                ds6_neighbors
 .data          0x0000000000034238        0xc obj_cooja/mtype285.a(uip-nd6.o)
 .data          0x0000000000034244        0x0 obj_cooja/mtype285.a(sicslowpan.o)
 .data          0x0000000000034244        0x0 obj_cooja/mtype285.a(uiplib.o)
 .data          0x0000000000034244        0x0 obj_cooja/mtype285.a(rpl.o)
 .data          0x0000000000034244       0x30 obj_cooja/mtype285.a(rpl-icmp6.o)
 .data          0x0000000000034274        0x0 obj_cooja/mtype285.a(rpl-dag.o)
 .data          0x0000000000034274        0x0 obj_cooja/mtype285.a(rpl-dag-root.o)
 .data          0x0000000000034274        0x0 obj_cooja/mtype285.a(watchdog.o)
 .data          0x0000000000034274        0x0 obj_cooja/mtype285.a(stimer.o)
 .data          0x0000000000034274        0x0 obj_cooja/mtype285.a(memb.o)
 .data          0x0000000000034274       0x18 obj_cooja/mtype285.a(queuebuf.o)
 .data          0x000000000003428c       0x10 obj_cooja/mtype285.a(nbr-table.o)
 .data          0x000000000003429c       0x14 obj_cooja/mtype285.a(link-stats.o)
 .data          0x00000000000342b0        0x0 obj_cooja/mtype285.a(mac-sequence.o)
 .data          0x00000000000342b0        0x0 obj_cooja/mtype285.a(mac.o)
 .data          0x00000000000342b0        0x0 obj_cooja/mtype285.a(framer-802154.o)
 .data          0x00000000000342b0        0x2 obj_cooja/mtype285.a(frame802154.o)
 .data          0x00000000000342b2        0x0 obj_cooja/mtype285.a(uipbuf.o)
 *fill*         0x00000000000342b2        0x2 
 .data          0x00000000000342b4       0x20 obj_cooja/mtype285.a(uip-icmp6.o)
 .data          0x00000000000342d4       0x10 obj_cooja/mtype285.a(uip-sr.o)
 .data          0x00000000000342e4        0xc obj_cooja/mtype285.a(uip-packetqueue)
 .data          0x00000000000342f0        0x0 obj_cooja/mtype285.a(rpl-nbr-policy.)
 .data          0x00000000000342f0       0x14 obj_cooja/mtype285.a(rpl-neighbor.o)
                0x0000000000034300                rpl_neighbors
 .data          0x0000000000034304        0x0 obj_cooja/mtype285.a(rpl-timers.o)
 .data          0x0000000000034304        0x0 obj_cooja/mtype285.a(rpl-ext-header.)
 *fill*         0x0000000000034304       0x1c 
 .data          0x0000000000034320       0x24 obj_cooja/mtype285.a(rpl-mrhof.o)
                0x0000000000034320                rpl_mrhof
 .data          0x0000000000034344        0x0 /usr/lib/gcc/i686-linux-gnu/5/crtendS.o
 .data          0x0000000000034344        0x0 /usr/lib/gcc/i686-linux-gnu/5/../../../i386-linux-gnu/crtn.o

.tm_clone_table
                0x0000000000034344        0x0
 .tm_clone_table
                0x0000000000034344        0x0 /usr/lib/gcc/i686-linux-gnu/5/crtbeginS.o
 .tm_clone_table
                0x0000000000034344        0x0 /usr/lib/gcc/i686-linux-gnu/5/crtendS.o

.data1
 *(.data1)
                0x0000000000034344                _edata = .
                [!provide]                        PROVIDE (edata, .)
                0x0000000000034344                . = .
                0x0000000000034344                __bss_start = .

.bss            0x0000000000034360    0x14660
 *(.dynbss)
 .dynbss        0x0000000000034360        0x0 /usr/lib/gcc/i686-linux-gnu/5/../../../i386-linux-gnu/crti.o
 *(.bss .bss.* .gnu.linkonce.b.*)
 .bss           0x0000000000034360        0x0 /usr/lib/gcc/i686-linux-gnu/5/../../../i386-linux-gnu/crti.o
 .bss           0x0000000000034360        0x1 /usr/lib/gcc/i686-linux-gnu/5/crtbeginS.o
 *fill*         0x0000000000034361       0x1f 
 .bss           0x0000000000034380      0xbd0 mqtt-demo.o
 *fill*         0x0000000000034f50       0x10 
 .bss           0x0000000000034f60     0x2030 obj_cooja/mtype285.o
 .bss           0x0000000000036f90        0x1 obj_cooja/mtype285.a(simEnvChange.o)
                0x0000000000036f90                simDontFallAsleep
 *fill*         0x0000000000036f91        0x3 
 .bss           0x0000000000036f94        0x4 obj_cooja/mtype285.a(cooja_mt.o)
 .bss           0x0000000000036f98        0x4 obj_cooja/mtype285.a(cooja_mtarch.o)
 .bss           0x0000000000036f9c        0x0 obj_cooja/mtype285.a(rtimer-arch.o)
 .bss           0x0000000000036f9c        0x0 obj_cooja/mtype285.a(beep.o)
 .bss           0x0000000000036f9c        0x8 obj_cooja/mtype285.a(button-sensor.o)
 .bss           0x0000000000036fa4        0x0 obj_cooja/mtype285.a(leds-arch.o)
 .bss           0x0000000000036fa4        0x0 obj_cooja/mtype285.a(moteid.o)
 .bss           0x0000000000036fa4        0x1 obj_cooja/mtype285.a(pir-sensor.o)
                0x0000000000036fa4                simPirValue
 *fill*         0x0000000000036fa5        0x3 
 .bss           0x0000000000036fa8        0x4 obj_cooja/mtype285.a(rs232.o)
 .bss           0x0000000000036fac        0x1 obj_cooja/mtype285.a(vib-sensor.o)
                0x0000000000036fac                simVibValue
 .bss           0x0000000000036fad        0x0 obj_cooja/mtype285.a(clock.o)
 *fill*         0x0000000000036fad       0x13 
 .bss           0x0000000000036fc0     0x2020 obj_cooja/mtype285.a(cooja-log.o)
 .bss           0x0000000000038fe0      0xfc0 obj_cooja/mtype285.a(cfs-cooja.o)
                0x0000000000038fe0                simCFSData
                0x0000000000039f80                simCFSSize
                0x0000000000039f84                simCFSChanged
                0x0000000000039f88                simCFSRead
                0x0000000000039f8c                simCFSWritten
 .bss           0x0000000000039fa0       0x24 obj_cooja/mtype285.a(cooja-radio.o)
                0x0000000000039fa0                simReceiving
                0x0000000000039fa4                simInSize
                0x0000000000039fa8                simLastPacketTimestamp
                0x0000000000039fb0                simOutSize
 .bss           0x0000000000039fc4        0xc obj_cooja/mtype285.a(eeprom.o)
                0x0000000000039fc4                simEEPROMChanged
                0x0000000000039fc8                simEEPROMRead
                0x0000000000039fcc                simEEPROMWritten
 .bss           0x0000000000039fd0        0x0 obj_cooja/mtype285.a(random.o)
 .bss           0x0000000000039fd0        0xc obj_cooja/mtype285.a(sensors.o)
 .bss           0x0000000000039fdc        0x0 obj_cooja/mtype285.a(leds.o)
 .bss           0x0000000000039fdc       0x15 obj_cooja/mtype285.a(mqtt.o)
 .bss           0x0000000000039ff1        0x0 obj_cooja/mtype285.a(contiki-main.o)
 .bss           0x0000000000039ff1        0x0 obj_cooja/mtype285.a(autostart.o)
 *fill*         0x0000000000039ff1        0x3 
 .bss           0x0000000000039ff4        0x5 obj_cooja/mtype285.a(ctimer.o)
 .bss           0x0000000000039ff9        0x0 obj_cooja/mtype285.a(energest.o)
 *fill*         0x0000000000039ff9        0x3 
 .bss           0x0000000000039ffc        0x8 obj_cooja/mtype285.a(etimer.o)
 .bss           0x000000000003a004       0x28 obj_cooja/mtype285.a(log.o)
                0x000000000003a004                curr_log_level_rpl
                0x000000000003a008                curr_log_level_tcpip
                0x000000000003a00c                curr_log_level_ipv6
                0x000000000003a010                curr_log_level_6lowpan
                0x000000000003a014                curr_log_level_nullnet
                0x000000000003a018                curr_log_level_mac
                0x000000000003a01c                curr_log_level_framer
                0x000000000003a020                curr_log_level_6top
                0x000000000003a024                curr_log_level_coap
                0x000000000003a028                curr_log_level_lwm2m
 *fill*         0x000000000003a02c       0x14 
 .bss           0x000000000003a040      0x1a1 obj_cooja/mtype285.a(process.o)
                0x000000000003a040                process_list
                0x000000000003a044                process_current
 *fill*         0x000000000003a1e1        0x3 
 .bss           0x000000000003a1e4        0x4 obj_cooja/mtype285.a(rtimer.o)
 .bss           0x000000000003a1e8        0x2 obj_cooja/mtype285.a(node-id.o)
                0x000000000003a1e8                node_id
 .bss           0x000000000003a1ea        0x0 obj_cooja/mtype285.a(timer.o)
 *fill*         0x000000000003a1ea       0x16 
 .bss           0x000000000003a200      0x140 obj_cooja/mtype285.a(serial-line.o)
 .bss           0x000000000003a340        0x0 obj_cooja/mtype285.a(list.o)
 .bss           0x000000000003a340        0x0 obj_cooja/mtype285.a(ringbuf.o)
 .bss           0x000000000003a340       0xa0 obj_cooja/mtype285.a(packetbuf.o)
 .bss           0x000000000003a3e0        0x4 obj_cooja/mtype285.a(netstack.o)
 .bss           0x000000000003a3e4        0x0 obj_cooja/mtype285.a(linkaddr.o)
 .bss           0x000000000003a3e4        0x0 obj_cooja/mtype285.a(csma.o)
 *fill*         0x000000000003a3e4       0x1c 
 .bss           0x000000000003a400      0x726 obj_cooja/mtype285.a(csma-output.o)
 *fill*         0x000000000003ab26        0x2 
 .bss           0x000000000003ab28       0x20 obj_cooja/mtype285.a(uip-ds6.o)
 .bss           0x000000000003ab48        0x5 obj_cooja/mtype285.a(tcp-socket.o)
 *fill*         0x000000000003ab4d       0x13 
 .bss           0x000000000003ab60       0xc4 obj_cooja/mtype285.a(tcpip.o)
 *fill*         0x000000000003ac24       0x1c 
 .bss           0x000000000003ac40       0x60 obj_cooja/mtype285.a(uip-ds6-route.o)
 .bss           0x000000000003aca0        0xc obj_cooja/mtype285.a(uip6.o)
                0x000000000003aca0                uip_ext_bitmap
                0x000000000003aca1                uip_ext_len
                0x000000000003aca2                uip_ext_opt_offset
 *fill*         0x000000000003acac       0x14 
 .bss           0x000000000003acc0     0x1c20 obj_cooja/mtype285.a(uip-ds6-nbr.o)
 .bss           0x000000000003c8e0       0x10 obj_cooja/mtype285.a(uip-nd6.o)
 *fill*         0x000000000003c8f0       0x10 
 .bss           0x000000000003c900      0x724 obj_cooja/mtype285.a(sicslowpan.o)
 .bss           0x000000000003d024        0x0 obj_cooja/mtype285.a(uiplib.o)
 .bss           0x000000000003d024        0x1 obj_cooja/mtype285.a(rpl.o)
 .bss           0x000000000003d025        0x0 obj_cooja/mtype285.a(rpl-icmp6.o)
 .bss           0x000000000003d025        0x0 obj_cooja/mtype285.a(rpl-dag.o)
 *fill*         0x000000000003d025        0x3 
 .bss           0x000000000003d028       0x11 obj_cooja/mtype285.a(rpl-dag-root.o)
 .bss           0x000000000003d039        0x0 obj_cooja/mtype285.a(watchdog.o)
 .bss           0x000000000003d039        0x0 obj_cooja/mtype285.a(stimer.o)
 .bss           0x000000000003d039        0x0 obj_cooja/mtype285.a(memb.o)
 *fill*         0x000000000003d039        0x7 
 .bss           0x000000000003d040     0x2c80 obj_cooja/mtype285.a(queuebuf.o)
 .bss           0x000000000003fcc0     0x1214 obj_cooja/mtype285.a(nbr-table.o)
 *fill*         0x0000000000040ed4        0xc 
 .bss           0x0000000000040ee0      0xe10 obj_cooja/mtype285.a(link-stats.o)
 *fill*         0x0000000000041cf0       0x10 
 .bss           0x0000000000041d00      0x100 obj_cooja/mtype285.a(mac-sequence.o)
 .bss           0x0000000000041e00        0x0 obj_cooja/mtype285.a(mac.o)
 .bss           0x0000000000041e00        0x2 obj_cooja/mtype285.a(framer-802154.o)
 .bss           0x0000000000041e02        0x0 obj_cooja/mtype285.a(frame802154.o)
 *fill*         0x0000000000041e02        0x2 
 .bss           0x0000000000041e04        0xc obj_cooja/mtype285.a(uipbuf.o)
 .bss           0x0000000000041e10       0x18 obj_cooja/mtype285.a(uip-icmp6.o)
 *fill*         0x0000000000041e28       0x18 
 .bss           0x0000000000041e40     0x1d80 obj_cooja/mtype285.a(uip-sr.o)
 .bss           0x0000000000043bc0      0xa78 obj_cooja/mtype285.a(uip-packetqueue)
 .bss           0x0000000000044638        0xe obj_cooja/mtype285.a(rpl-nbr-policy.)
 *fill*         0x0000000000044646       0x1a 
 .bss           0x0000000000044660      0x960 obj_cooja/mtype285.a(rpl-neighbor.o)
 .bss           0x0000000000044fc0       0x40 obj_cooja/mtype285.a(rpl-timers.o)
 .bss           0x0000000000045000        0x0 obj_cooja/mtype285.a(rpl-ext-header.)
 .bss           0x0000000000045000        0x0 obj_cooja/mtype285.a(rpl-mrhof.o)
 .bss           0x0000000000045000        0x0 /usr/lib/gcc/i686-linux-gnu/5/crtendS.o
 .bss           0x0000000000045000        0x0 /usr/lib/gcc/i686-linux-gnu/5/../../../i386-linux-gnu/crtn.o
 *(COMMON)
 COMMON         0x0000000000045000        0x4 mqtt-demo.o
                0x0000000000045000                value
 COMMON         0x0000000000045004        0x8 obj_cooja/mtype285.o
                0x0000000000045004                referenceVar
                0x0000000000045008                sensors_flags
 COMMON         0x000000000004500c        0xc obj_cooja/mtype285.a(simEnvChange.o)
                0x000000000004500c                simEtimerPending
                0x0000000000045010                simProcessRunValue
                0x0000000000045014                simEtimerNextExpirationTime
 COMMON         0x0000000000045018       0x18 obj_cooja/mtype285.a(rtimer-arch.o)
                0x0000000000045018                simRtimerPending
                0x0000000000045020                simRtimerCurrentTicks
                0x0000000000045028                simRtimerNextExpirationTime
 COMMON         0x0000000000045030        0x1 obj_cooja/mtype285.a(beep.o)
                0x0000000000045030                simBeeped
 COMMON         0x0000000000045031        0x3 obj_cooja/mtype285.a(button-sensor.o)
                0x0000000000045031                simButtonIsActive
                0x0000000000045032                simButtonIsDown
                0x0000000000045033                simButtonChanged
 COMMON         0x0000000000045034        0x1 obj_cooja/mtype285.a(leds-arch.o)
                0x0000000000045034                simLedsValue
 *fill*         0x0000000000045035        0x3 
 COMMON         0x0000000000045038        0xc obj_cooja/mtype285.a(moteid.o)
                0x0000000000045038                simRandomSeed
                0x000000000004503c                simMoteIDChanged
                0x0000000000045040                simMoteID
 COMMON         0x0000000000045044        0x2 obj_cooja/mtype285.a(pir-sensor.o)
                0x0000000000045044                simPirIsActive
                0x0000000000045045                simPirChanged
 *fill*         0x0000000000045046       0x1a 
 COMMON         0x0000000000045060      0x820 obj_cooja/mtype285.a(rs232.o)
                0x0000000000045060                simSerialReceivingFlag
                0x0000000000045064                simSerialReceivingLength
                0x0000000000045080                simSerialReceivingData
 COMMON         0x0000000000045880        0x2 obj_cooja/mtype285.a(vib-sensor.o)
                0x0000000000045880                simVibChanged
                0x0000000000045881                simVibIsActive
 *fill*         0x0000000000045882        0x2 
 COMMON         0x0000000000045884        0x4 obj_cooja/mtype285.a(clock.o)
                0x0000000000045884                simCurrentTime
 *fill*         0x0000000000045888       0x18 
 COMMON         0x00000000000458a0     0x2020 obj_cooja/mtype285.a(cooja-log.o)
                0x00000000000458a0                simLoggedLength
                0x00000000000458a4                simLoggedFlag
                0x00000000000458c0                simLoggedData
 COMMON         0x00000000000478c0      0x100 obj_cooja/mtype285.a(cooja-radio.o)
                0x00000000000478c0                simOutDataBuffer
                0x0000000000047940                simInDataBuffer
 COMMON         0x00000000000479c0      0x400 obj_cooja/mtype285.a(eeprom.o)
                0x00000000000479c0                simEEPROMData
 COMMON         0x0000000000047dc0        0x1 obj_cooja/mtype285.a(sensors.o)
                0x0000000000047dc0                sensors_event
 COMMON         0x0000000000047dc1        0x1 obj_cooja/mtype285.a(mqtt.o)
                0x0000000000047dc1                mqtt_update_event
 *fill*         0x0000000000047dc2        0x2 
 COMMON         0x0000000000047dc4       0x50 obj_cooja/mtype285.a(contiki-main.o)
                0x0000000000047dc4                eb_per_time_source
                0x0000000000047dd8                unicast_per_neighbor_rpl_storing
                0x0000000000047dec                unicast_per_neighbor_rpl_ns
                0x0000000000047e00                default_common
 COMMON         0x0000000000047e14        0x1 obj_cooja/mtype285.a(serial-line.o)
                0x0000000000047e14                serial_line_event_message
 *fill*         0x0000000000047e15        0x3 
 COMMON         0x0000000000047e18       0x2c obj_cooja/mtype285.a(packetbuf.o)
                0x0000000000047e18                packetbuf_attrs
                0x0000000000047e34                packetbuf_addrs
 COMMON         0x0000000000047e44        0x8 obj_cooja/mtype285.a(linkaddr.o)
                0x0000000000047e44                linkaddr_node_addr
 *fill*         0x0000000000047e4c       0x14 
 COMMON         0x0000000000047e60      0x181 obj_cooja/mtype285.a(uip-ds6.o)
                0x0000000000047e60                uip_ds6_prefix_list
                0x0000000000047ec0                uip_ds6_timer_periodic
                0x0000000000047ed0                uip_ds6_netif_addr_list_offset
                0x0000000000047ee0                uip_ds6_if
                0x0000000000047fd8                uip_ds6_timer_ra
                0x0000000000047fe0                uip_ds6_addr_size
 COMMON         0x0000000000047fe1        0x1 obj_cooja/mtype285.a(tcpip.o)
                0x0000000000047fe1                tcpip_event
 *fill*         0x0000000000047fe2       0x1e 
 COMMON         0x0000000000048000      0x80c obj_cooja/mtype285.a(uip6.o)
                0x0000000000048000                uip_slen
                0x0000000000048004                uip_acc32
                0x0000000000048020                uip_conns
                0x00000000000481a0                uip_lladdr
                0x00000000000481a8                uip_appdata
                0x00000000000481ac                uip_flags
                0x00000000000481c0                uip_aligned_buf
                0x00000000000486c0                uip_listenports
                0x00000000000486e8                uip_len
                0x00000000000486ec                uip_sappdata
                0x0000000000048700                uip_udp_conns
                0x0000000000048800                uip_udp_conn
                0x0000000000048804                uip_next_hdr
                0x0000000000048808                uip_conn
 COMMON         0x000000000004880c       0x10 obj_cooja/mtype285.a(rpl.o)
                0x000000000004880c                rpl_multicast_addr
 *fill*         0x000000000004881c        0x4 
 COMMON         0x0000000000048820      0x164 obj_cooja/mtype285.a(rpl-dag.o)
                0x0000000000048820                curr_instance
 *fill*         0x0000000000048984       0x1c 
 COMMON         0x00000000000489a0       0x20 obj_cooja/mtype285.a(link-stats.o)
                0x00000000000489a0                periodic_timer
                0x00000000000489c0                . = ALIGN ((. != 0x0)?0x4:0x1)
                0x00000000000489c0                . = ALIGN (0x4)
                0x00000000000489c0                . = SEGMENT_START ("ldata-segment", .)
                0x00000000000489c0                . = ALIGN (0x4)
                0x00000000000489c0                _end = .
                [!provide]                        PROVIDE (end, .)
                0x00000000000489c0                . = DATA_SEGMENT_END (.)

.stab
 *(.stab)

.stabstr
 *(.stabstr)

.stab.excl
 *(.stab.excl)

.stab.exclstr
 *(.stab.exclstr)

.stab.index
 *(.stab.index)

.stab.indexstr
 *(.stab.indexstr)

.comment        0x0000000000000000       0x35
 *(.comment)
 .comment       0x0000000000000000       0x35 /usr/lib/gcc/i686-linux-gnu/5/crtbeginS.o
                                         0x36 (size before relaxing)
 .comment       0x0000000000000035       0x36 mqtt-demo.o
 .comment       0x0000000000000035       0x36 obj_cooja/mtype285.o
 .comment       0x0000000000000035       0x36 obj_cooja/mtype285.a(simEnvChange.o)
 .comment       0x0000000000000035       0x36 obj_cooja/mtype285.a(cooja_mt.o)
 .comment       0x0000000000000035       0x36 obj_cooja/mtype285.a(cooja_mtarch.o)
 .comment       0x0000000000000035       0x36 obj_cooja/mtype285.a(rtimer-arch.o)
 .comment       0x0000000000000035       0x36 obj_cooja/mtype285.a(beep.o)
 .comment       0x0000000000000035       0x36 obj_cooja/mtype285.a(button-sensor.o)
 .comment       0x0000000000000035       0x36 obj_cooja/mtype285.a(leds-arch.o)
 .comment       0x0000000000000035       0x36 obj_cooja/mtype285.a(moteid.o)
 .comment       0x0000000000000035       0x36 obj_cooja/mtype285.a(pir-sensor.o)
 .comment       0x0000000000000035       0x36 obj_cooja/mtype285.a(rs232.o)
 .comment       0x0000000000000035       0x36 obj_cooja/mtype285.a(vib-sensor.o)
 .comment       0x0000000000000035       0x36 obj_cooja/mtype285.a(clock.o)
 .comment       0x0000000000000035       0x36 obj_cooja/mtype285.a(cooja-log.o)
 .comment       0x0000000000000035       0x36 obj_cooja/mtype285.a(cfs-cooja.o)
 .comment       0x0000000000000035       0x36 obj_cooja/mtype285.a(cooja-radio.o)
 .comment       0x0000000000000035       0x36 obj_cooja/mtype285.a(eeprom.o)
 .comment       0x0000000000000035       0x36 obj_cooja/mtype285.a(random.o)
 .comment       0x0000000000000035       0x36 obj_cooja/mtype285.a(sensors.o)
 .comment       0x0000000000000035       0x36 obj_cooja/mtype285.a(leds.o)
 .comment       0x0000000000000035       0x36 obj_cooja/mtype285.a(mqtt.o)
 .comment       0x0000000000000035       0x36 obj_cooja/mtype285.a(contiki-main.o)
 .comment       0x0000000000000035       0x36 obj_cooja/mtype285.a(autostart.o)
 .comment       0x0000000000000035       0x36 obj_cooja/mtype285.a(ctimer.o)
 .comment       0x0000000000000035       0x36 obj_cooja/mtype285.a(energest.o)
 .comment       0x0000000000000035       0x36 obj_cooja/mtype285.a(etimer.o)
 .comment       0x0000000000000035       0x36 obj_cooja/mtype285.a(log.o)
 .comment       0x0000000000000035       0x36 obj_cooja/mtype285.a(process.o)
 .comment       0x0000000000000035       0x36 obj_cooja/mtype285.a(rtimer.o)
 .comment       0x0000000000000035       0x36 obj_cooja/mtype285.a(node-id.o)
 .comment       0x0000000000000035       0x36 obj_cooja/mtype285.a(timer.o)
 .comment       0x0000000000000035       0x36 obj_cooja/mtype285.a(serial-line.o)
 .comment       0x0000000000000035       0x36 obj_cooja/mtype285.a(list.o)
 .comment       0x0000000000000035       0x36 obj_cooja/mtype285.a(ringbuf.o)
 .comment       0x0000000000000035       0x36 obj_cooja/mtype285.a(packetbuf.o)
 .comment       0x0000000000000035       0x36 obj_cooja/mtype285.a(netstack.o)
 .comment       0x0000000000000035       0x36 obj_cooja/mtype285.a(linkaddr.o)
 .comment       0x0000000000000035       0x36 obj_cooja/mtype285.a(csma.o)
 .comment       0x0000000000000035       0x36 obj_cooja/mtype285.a(csma-output.o)
 .comment       0x0000000000000035       0x36 obj_cooja/mtype285.a(uip-ds6.o)
 .comment       0x0000000000000035       0x36 obj_cooja/mtype285.a(tcp-socket.o)
 .comment       0x0000000000000035       0x36 obj_cooja/mtype285.a(tcpip.o)
 .comment       0x0000000000000035       0x36 obj_cooja/mtype285.a(uip-ds6-route.o)
 .comment       0x0000000000000035       0x36 obj_cooja/mtype285.a(uip6.o)
 .comment       0x0000000000000035       0x36 obj_cooja/mtype285.a(uip-ds6-nbr.o)
 .comment       0x0000000000000035       0x36 obj_cooja/mtype285.a(uip-nd6.o)
 .comment       0x0000000000000035       0x36 obj_cooja/mtype285.a(sicslowpan.o)
 .comment       0x0000000000000035       0x36 obj_cooja/mtype285.a(uiplib.o)
 .comment       0x0000000000000035       0x36 obj_cooja/mtype285.a(rpl.o)
 .comment       0x0000000000000035       0x36 obj_cooja/mtype285.a(rpl-icmp6.o)
 .comment       0x0000000000000035       0x36 obj_cooja/mtype285.a(rpl-dag.o)
 .comment       0x0000000000000035       0x36 obj_cooja/mtype285.a(rpl-dag-root.o)
 .comment       0x0000000000000035       0x36 obj_cooja/mtype285.a(watchdog.o)
 .comment       0x0000000000000035       0x36 obj_cooja/mtype285.a(stimer.o)
 .comment       0x0000000000000035       0x36 obj_cooja/mtype285.a(memb.o)
 .comment       0x0000000000000035       0x36 obj_cooja/mtype285.a(queuebuf.o)
 .comment       0x0000000000000035       0x36 obj_cooja/mtype285.a(nbr-table.o)
 .comment       0x0000000000000035       0x36 obj_cooja/mtype285.a(link-stats.o)
 .comment       0x0000000000000035       0x36 obj_cooja/mtype285.a(mac-sequence.o)
 .comment       0x0000000000000035       0x36 obj_cooja/mtype285.a(mac.o)
 .comment       0x0000000000000035       0x36 obj_cooja/mtype285.a(framer-802154.o)
 .comment       0x0000000000000035       0x36 obj_cooja/mtype285.a(frame802154.o)
 .comment       0x0000000000000035       0x36 obj_cooja/mtype285.a(uipbuf.o)
 .comment       0x0000000000000035       0x36 obj_cooja/mtype285.a(uip-icmp6.o)
 .comment       0x0000000000000035       0x36 obj_cooja/mtype285.a(uip-sr.o)
 .comment       0x0000000000000035       0x36 obj_cooja/mtype285.a(uip-packetqueue)
 .comment       0x0000000000000035       0x36 obj_cooja/mtype285.a(rpl-nbr-policy.)
 .comment       0x0000000000000035       0x36 obj_cooja/mtype285.a(rpl-neighbor.o)
 .comment       0x0000000000000035       0x36 obj_cooja/mtype285.a(rpl-timers.o)
 .comment       0x0000000000000035       0x36 obj_cooja/mtype285.a(rpl-ext-header.)
 .comment       0x0000000000000035       0x36 obj_cooja/mtype285.a(rpl-mrhof.o)
 .comment       0x0000000000000035       0x36 /usr/lib/gcc/i686-linux-gnu/5/crtendS.o

.debug
 *(.debug)

.line
 *(.line)

.debug_srcinfo
 *(.debug_srcinfo)

.debug_sfnames
 *(.debug_sfnames)

.debug_aranges  0x0000000000000000      0x900
 *(.debug_aranges)
 .debug_aranges
                0x0000000000000000       0x20 mqtt-demo.o
 .debug_aranges
                0x0000000000000020       0x20 obj_cooja/mtype285.o
 .debug_aranges
                0x0000000000000040       0x20 obj_cooja/mtype285.a(simEnvChange.o)
 .debug_aranges
                0x0000000000000060       0x20 obj_cooja/mtype285.a(cooja_mt.o)
 .debug_aranges
                0x0000000000000080       0x20 obj_cooja/mtype285.a(cooja_mtarch.o)
 .debug_aranges
                0x00000000000000a0       0x20 obj_cooja/mtype285.a(rtimer-arch.o)
 .debug_aranges
                0x00000000000000c0       0x20 obj_cooja/mtype285.a(beep.o)
 .debug_aranges
                0x00000000000000e0       0x20 obj_cooja/mtype285.a(button-sensor.o)
 .debug_aranges
                0x0000000000000100       0x20 obj_cooja/mtype285.a(leds-arch.o)
 .debug_aranges
                0x0000000000000120       0x20 obj_cooja/mtype285.a(moteid.o)
 .debug_aranges
                0x0000000000000140       0x20 obj_cooja/mtype285.a(pir-sensor.o)
 .debug_aranges